csv/SAS provided CSV/SNACKS.csv
QtySold,Price,Advertised,Holiday,Date,Product
0.0,1.99,0.0,1.0,2004-02-02,Baked potato chips
0.0,1.99,0.0,1.0,2004-02-03,Baked potato chips
0.0,1.99,0.0,0.0,2004-02-04,Baked potato chips
0.0,1.99,0.0,0.0,2004-02-05,Baked potato chips
0.0,1.99,0.0,0.0,2004-02-06,Baked potato chips
0.0,1.99,0.0,0.0,2004-02-07,Baked potato chips
0.0,1.99,0.0,0.0,2004-02-08,Baked potato chips
0.0,1.99,0.0,0.0,2004-02-09,Baked potato chips
0.0,1.99,0.0,0.0,2004-02-10,Baked potato chips
0.0,1.99,0.0,1.0,2004-02-11,Baked potato chips
0.0,1.99,0.0,1.0,2004-02-12,Baked potato chips
4.0,1.99,0.0,1.0,2004-02-13,Baked potato chips
8.0,1.99,0.0,1.0,2004-02-14,Baked potato chips
0.0,1.99,0.0,1.0,2004-02-15,Baked potato chips
5.0,1.99,0.0,1.0,2004-02-16,Baked potato chips
5.0,1.99,0.0,1.0,2004-02-17,Baked potato chips
2.0,1.99,0.0,0.0,2004-02-18,Baked potato chips
1.0,1.99,0.0,0.0,2004-02-19,Baked potato chips
8.0,1.99,0.0,0.0,2004-02-20,Baked potato chips
10.0,1.99,0.0,0.0,2004-02-21,Baked potato chips
7.0,1.99,0.0,0.0,2004-02-22,Baked potato chips
4.0,1.99,0.0,0.0,2004-02-23,Baked potato chips
4.0,1.99,0.0,0.0,2004-02-24,Baked potato chips
19.0,1.49,1.0,0.0,2004-02-25,Baked potato chips
13.0,1.49,1.0,0.0,2004-02-26,Baked potato chips
7.0,1.49,1.0,0.0,2004-02-27,Baked potato chips
12.0,1.49,1.0,0.0,2004-02-28,Baked potato chips
14.0,1.49,1.0,0.0,2004-02-29,Baked potato chips
12.0,1.49,1.0,0.0,2004-03-01,Baked potato chips
1.0,1.49,1.0,0.0,2004-03-02,Baked potato chips
8.0,1.99,0.0,0.0,2004-03-03,Baked potato chips
5.0,1.99,0.0,0.0,2004-03-04,Baked potato chips
5.0,1.99,0.0,0.0,2004-03-05,Baked potato chips
7.0,1.99,0.0,0.0,2004-03-06,Baked potato chips
0.0,1.99,0.0,0.0,2004-03-07,Baked potato chips
0.0,1.99,0.0,1.0,2004-03-08,Baked potato chips
3.0,1.99,0.0,1.0,2004-03-09,Baked potato chips
11.0,1.99,0.0,0.0,2004-03-10,Baked potato chips
7.0,1.99,0.0,0.0,2004-03-11,Baked potato chips
8.0,1.99,0.0,0.0,2004-03-12,Baked potato chips
5.0,1.99,0.0,0.0,2004-03-13,Baked potato chips
1.0,1.99,0.0,0.0,2004-03-14,Baked potato chips
0.0,1.99,0.0,0.0,2004-03-15,Baked potato chips
0.0,1.99,0.0,0.0,2004-03-16,Baked potato chips
2.0,1.99,0.0,0.0,2004-03-17,Baked potato chips
0.0,1.99,0.0,0.0,2004-03-18,Baked potato chips
0.0,1.99,0.0,0.0,2004-03-19,Baked potato chips
8.0,1.99,0.0,0.0,2004-03-20,Baked potato chips
5.0,1.99,0.0,0.0,2004-03-21,Baked potato chips
6.0,1.99,0.0,0.0,2004-03-22,Baked potato chips
6.0,1.99,0.0,0.0,2004-03-23,Baked potato chips
10.0,1.99,0.0,0.0,2004-03-24,Baked potato chips
3.0,1.99,0.0,0.0,2004-03-25,Baked potato chips
1.0,1.99,0.0,0.0,2004-03-26,Baked potato chips
9.0,1.99,0.0,0.0,2004-03-27,Baked potato chips
3.0,1.99,0.0,0.0,2004-03-28,Baked potato chips
0.0,1.99,0.0,0.0,2004-03-29,Baked potato chips
4.0,1.99,0.0,0.0,2004-03-30,Baked potato chips
4.0,1.99,0.0,1.0,2004-03-31,Baked potato chips
1.0,1.99,0.0,1.0,2004-04-01,Baked potato chips
5.0,1.99,0.0,1.0,2004-04-02,Baked potato chips
17.0,1.99,0.0,1.0,2004-04-03,Baked potato chips
1.0,1.99,0.0,1.0,2004-04-04,Baked potato chips
6.0,1.99,0.0,1.0,2004-04-05,Baked potato chips
6.0,1.99,0.0,1.0,2004-04-06,Baked potato chips
7.0,1.99,0.0,1.0,2004-04-07,Baked potato chips
0.0,1.99,0.0,1.0,2004-04-08,Baked potato chips
11.0,1.99,0.0,1.0,2004-04-09,Baked potato chips
9.0,1.99,0.0,1.0,2004-04-10,Baked potato chips
0.0,1.99,0.0,1.0,2004-04-11,Baked potato chips
7.0,1.99,0.0,1.0,2004-04-12,Baked potato chips
5.0,1.99,0.0,1.0,2004-04-13,Baked potato chips
5.0,1.99,0.0,0.0,2004-04-14,Baked potato chips
2.0,1.99,0.0,0.0,2004-04-15,Baked potato chips
4.0,1.99,0.0,0.0,2004-04-16,Baked potato chips
9.0,1.99,0.0,0.0,2004-04-17,Baked potato chips
7.0,1.99,0.0,0.0,2004-04-18,Baked potato chips
5.0,1.99,0.0,0.0,2004-04-19,Baked potato chips
1.0,1.99,0.0,0.0,2004-04-20,Baked potato chips
13.0,1.49,1.0,0.0,2004-04-21,Baked potato chips
10.0,1.49,1.0,0.0,2004-04-22,Baked potato chips
16.0,1.49,1.0,0.0,2004-04-23,Baked potato chips
21.0,1.49,1.0,0.0,2004-04-24,Baked potato chips
6.0,1.49,1.0,0.0,2004-04-25,Baked potato chips
6.0,1.49,1.0,0.0,2004-04-26,Baked potato chips
10.0,1.49,1.0,0.0,2004-04-27,Baked potato chips
2.0,1.99,0.0,0.0,2004-04-28,Baked potato chips
1.0,1.99,0.0,0.0,2004-04-29,Baked potato chips
2.0,1.99,0.0,0.0,2004-04-30,Baked potato chips
7.0,1.99,0.0,0.0,2004-05-01,Baked potato chips
8.0,1.99,0.0,0.0,2004-05-02,Baked potato chips
5.0,1.99,0.0,0.0,2004-05-03,Baked potato chips
3.0,1.99,0.0,0.0,2004-05-04,Baked potato chips
5.0,1.99,0.0,1.0,2004-05-05,Baked potato chips
5.0,1.99,0.0,1.0,2004-05-06,Baked potato chips
1.0,1.99,0.0,1.0,2004-05-07,Baked potato chips
11.0,1.99,0.0,1.0,2004-05-08,Baked potato chips
5.0,1.99,0.0,1.0,2004-05-09,Baked potato chips
4.0,1.99,0.0,1.0,2004-05-10,Baked potato chips
5.0,1.99,0.0,1.0,2004-05-11,Baked potato chips
7.0,1.99,0.0,0.0,2004-05-12,Baked potato chips
2.0,1.99,0.0,0.0,2004-05-13,Baked potato chips
8.0,1.99,0.0,0.0,2004-05-14,Baked potato chips
8.0,1.99,0.0,0.0,2004-05-15,Baked potato chips
7.0,1.99,0.0,0.0,2004-05-16,Baked potato chips
2.0,1.99,0.0,0.0,2004-05-17,Baked potato chips
1.0,1.99,0.0,0.0,2004-05-18,Baked potato chips
5.0,1.99,0.0,0.0,2004-05-19,Baked potato chips
4.0,1.99,0.0,0.0,2004-05-20,Baked potato chips
12.0,1.99,0.0,0.0,2004-05-21,Baked potato chips
7.0,1.99,0.0,0.0,2004-05-22,Baked potato chips
4.0,1.99,0.0,0.0,2004-05-23,Baked potato chips
5.0,1.99,0.0,0.0,2004-05-24,Baked potato chips
6.0,1.99,0.0,0.0,2004-05-25,Baked potato chips
9.0,1.49,1.0,1.0,2004-05-26,Baked potato chips
14.0,1.49,1.0,1.0,2004-05-27,Baked potato chips
15.0,1.49,1.0,1.0,2004-05-28,Baked potato chips
20.0,1.49,1.0,1.0,2004-05-29,Baked potato chips
5.0,1.49,1.0,1.0,2004-05-30,Baked potato chips
17.0,1.49,1.0,1.0,2004-05-31,Baked potato chips
10.0,1.49,1.0,1.0,2004-06-01,Baked potato chips
7.0,1.99,0.0,0.0,2004-06-02,Baked potato chips
3.0,1.99,0.0,0.0,2004-06-03,Baked potato chips
0.0,1.99,0.0,0.0,2004-06-04,Baked potato chips
7.0,1.99,0.0,0.0,2004-06-05,Baked potato chips
7.0,1.99,0.0,0.0,2004-06-06,Baked potato chips
6.0,1.99,0.0,0.0,2004-06-07,Baked potato chips
2.0,1.99,0.0,0.0,2004-06-08,Baked potato chips
2.0,1.99,0.0,0.0,2004-06-09,Baked potato chips
7.0,1.99,0.0,0.0,2004-06-10,Baked potato chips
5.0,1.99,0.0,0.0,2004-06-11,Baked potato chips
6.0,1.99,0.0,0.0,2004-06-12,Baked potato chips
8.0,1.99,0.0,0.0,2004-06-13,Baked potato chips
3.0,1.99,0.0,0.0,2004-06-14,Baked potato chips
6.0,1.99,0.0,0.0,2004-06-15,Baked potato chips
6.0,1.99,0.0,1.0,2004-06-16,Baked potato chips
2.0,1.99,0.0,1.0,2004-06-17,Baked potato chips
13.0,1.99,0.0,1.0,2004-06-18,Baked potato chips
11.0,1.99,0.0,1.0,2004-06-19,Baked potato chips
9.0,1.99,0.0,1.0,2004-06-20,Baked potato chips
5.0,1.99,0.0,1.0,2004-06-21,Baked potato chips
5.0,1.99,0.0,1.0,2004-06-22,Baked potato chips
7.0,1.99,0.0,0.0,2004-06-23,Baked potato chips
5.0,1.99,0.0,0.0,2004-06-24,Baked potato chips
9.0,1.99,0.0,0.0,2004-06-25,Baked potato chips
6.0,1.99,0.0,0.0,2004-06-26,Baked potato chips
0.0,1.99,0.0,0.0,2004-06-27,Baked potato chips
6.0,1.99,0.0,0.0,2004-06-28,Baked potato chips
6.0,1.99,0.0,0.0,2004-06-29,Baked potato chips
7.0,1.99,0.0,1.0,2004-06-30,Baked potato chips
5.0,1.99,0.0,1.0,2004-07-01,Baked potato chips
10.0,1.99,0.0,1.0,2004-07-02,Baked potato chips
8.0,1.99,0.0,1.0,2004-07-03,Baked potato chips
12.0,1.99,0.0,1.0,2004-07-04,Baked potato chips
9.0,1.99,0.0,1.0,2004-07-05,Baked potato chips
3.0,1.99,0.0,1.0,2004-07-06,Baked potato chips
5.0,1.99,0.0,0.0,2004-07-07,Baked potato chips
0.0,1.99,0.0,0.0,2004-07-08,Baked potato chips
0.0,1.99,0.0,0.0,2004-07-09,Baked potato chips
7.0,1.99,0.0,0.0,2004-07-10,Baked potato chips
4.0,1.99,0.0,0.0,2004-07-11,Baked potato chips
7.0,1.99,0.0,0.0,2004-07-12,Baked potato chips
8.0,1.99,0.0,0.0,2004-07-13,Baked potato chips
7.0,1.49,1.0,0.0,2004-07-14,Baked potato chips
4.0,1.49,1.0,0.0,2004-07-15,Baked potato chips
5.0,1.49,1.0,0.0,2004-07-16,Baked potato chips
24.0,1.49,1.0,0.0,2004-07-17,Baked potato chips
7.0,1.49,1.0,0.0,2004-07-18,Baked potato chips
11.0,1.49,1.0,0.0,2004-07-19,Baked potato chips
5.0,1.49,1.0,0.0,2004-07-20,Baked potato chips
6.0,1.99,0.0,0.0,2004-07-21,Baked potato chips
9.0,1.99,0.0,0.0,2004-07-22,Baked potato chips
2.0,1.99,0.0,0.0,2004-07-23,Baked potato chips
12.0,1.99,0.0,0.0,2004-07-24,Baked potato chips
7.0,1.99,0.0,0.0,2004-07-25,Baked potato chips
5.0,1.99,0.0,0.0,2004-07-26,Baked potato chips
6.0,1.99,0.0,0.0,2004-07-27,Baked potato chips
3.0,1.99,0.0,0.0,2004-07-28,Baked potato chips
4.0,1.99,0.0,0.0,2004-07-29,Baked potato chips
4.0,1.99,0.0,0.0,2004-07-30,Baked potato chips
9.0,1.99,0.0,0.0,2004-07-31,Baked potato chips
6.0,1.99,0.0,0.0,2004-08-01,Baked potato chips
5.0,1.99,0.0,0.0,2004-08-02,Baked potato chips
5.0,1.99,0.0,0.0,2004-08-03,Baked potato chips
0.0,1.99,0.0,0.0,2004-08-04,Baked potato chips
0.0,1.99,0.0,0.0,2004-08-05,Baked potato chips
0.0,1.99,0.0,0.0,2004-08-06,Baked potato chips
0.0,1.99,0.0,0.0,2004-08-07,Baked potato chips
8.0,1.99,0.0,0.0,2004-08-08,Baked potato chips
8.0,1.99,0.0,0.0,2004-08-09,Baked potato chips
0.0,1.99,0.0,0.0,2004-08-10,Baked potato chips
0.0,1.99,0.0,0.0,2004-08-11,Baked potato chips
0.0,1.99,0.0,0.0,2004-08-12,Baked potato chips
0.0,1.99,0.0,0.0,2004-08-13,Baked potato chips
0.0,1.99,0.0,0.0,2004-08-14,Baked potato chips
5.0,1.99,0.0,0.0,2004-08-15,Baked potato chips
5.0,1.99,0.0,0.0,2004-08-16,Baked potato chips
3.0,1.99,0.0,0.0,2004-08-17,Baked potato chips
0.0,1.99,0.0,0.0,2004-08-18,Baked potato chips
0.0,1.99,0.0,0.0,2004-08-19,Baked potato chips
0.0,1.99,0.0,0.0,2004-08-20,Baked potato chips
0.0,1.99,0.0,0.0,2004-08-21,Baked potato chips
0.0,1.99,0.0,0.0,2004-08-22,Baked potato chips
0.0,1.99,0.0,0.0,2004-08-23,Baked potato chips
0.0,1.99,0.0,0.0,2004-08-24,Baked potato chips
12.0,1.99,0.0,0.0,2004-08-25,Baked potato chips
0.0,1.99,0.0,0.0,2004-08-26,Baked potato chips
0.0,1.99,0.0,0.0,2004-08-27,Baked potato chips
0.0,1.99,0.0,0.0,2004-08-28,Baked potato chips
6.0,1.99,0.0,0.0,2004-08-29,Baked potato chips
0.0,1.99,0.0,0.0,2004-08-30,Baked potato chips
6.0,1.99,0.0,0.0,2004-08-31,Baked potato chips
1.0,1.99,0.0,1.0,2004-09-01,Baked potato chips
0.0,1.99,0.0,1.0,2004-09-02,Baked potato chips
3.0,1.99,0.0,1.0,2004-09-03,Baked potato chips
0.0,1.99,0.0,1.0,2004-09-04,Baked potato chips
0.0,1.99,0.0,1.0,2004-09-05,Baked potato chips
0.0,1.99,0.0,1.0,2004-09-06,Baked potato chips
0.0,1.99,0.0,1.0,2004-09-07,Baked potato chips
1.0,1.99,0.0,0.0,2004-09-08,Baked potato chips
3.0,1.99,0.0,0.0,2004-09-09,Baked potato chips
3.0,1.99,0.0,0.0,2004-09-10,Baked potato chips
0.0,1.99,0.0,0.0,2004-09-11,Baked potato chips
8.0,1.99,0.0,0.0,2004-09-12,Baked potato chips
0.0,1.99,0.0,0.0,2004-09-13,Baked potato chips
6.0,1.99,0.0,0.0,2004-09-14,Baked potato chips
0.0,1.99,0.0,0.0,2004-09-15,Baked potato chips
0.0,1.99,0.0,0.0,2004-09-16,Baked potato chips
7.0,1.49,1.0,0.0,2004-09-17,Baked potato chips
16.0,1.49,1.0,0.0,2004-09-18,Baked potato chips
5.0,1.49,1.0,0.0,2004-09-19,Baked potato chips
0.0,1.49,0.0,0.0,2004-09-20,Baked potato chips
0.0,1.49,0.0,0.0,2004-09-21,Baked potato chips
0.0,1.49,0.0,0.0,2004-09-22,Baked potato chips
2.0,1.99,0.0,0.0,2004-09-23,Baked potato chips
11.0,1.99,0.0,0.0,2004-09-24,Baked potato chips
0.0,1.99,0.0,0.0,2004-09-25,Baked potato chips
0.0,1.99,0.0,0.0,2004-09-26,Baked potato chips
6.0,1.99,0.0,0.0,2004-09-27,Baked potato chips
2.0,1.99,0.0,0.0,2004-09-28,Baked potato chips
2.0,1.99,0.0,0.0,2004-09-29,Baked potato chips
0.0,1.99,0.0,0.0,2004-09-30,Baked potato chips
0.0,1.99,0.0,0.0,2004-10-01,Baked potato chips
0.0,1.99,0.0,0.0,2004-10-02,Baked potato chips
0.0,1.99,0.0,0.0,2004-10-03,Baked potato chips
0.0,1.99,0.0,0.0,2004-10-04,Baked potato chips
0.0,1.99,0.0,0.0,2004-10-05,Baked potato chips
0.0,1.99,0.0,0.0,2004-10-06,Baked potato chips
0.0,1.99,0.0,0.0,2004-10-07,Baked potato chips
0.0,1.99,0.0,0.0,2004-10-08,Baked potato chips
0.0,1.99,0.0,0.0,2004-10-09,Baked potato chips
0.0,1.99,0.0,0.0,2004-10-10,Baked potato chips
0.0,1.99,0.0,0.0,2004-10-11,Baked potato chips
0.0,1.99,0.0,0.0,2004-10-12,Baked potato chips
0.0,1.99,0.0,0.0,2004-10-13,Baked potato chips
0.0,1.99,0.0,0.0,2004-10-14,Baked potato chips
0.0,1.99,0.0,0.0,2004-10-15,Baked potato chips
0.0,1.99,0.0,0.0,2004-10-16,Baked potato chips
0.0,1.99,0.0,0.0,2004-10-17,Baked potato chips
0.0,1.99,0.0,0.0,2004-10-18,Baked potato chips
3.0,1.49,0.0,0.0,2002-01-01,Barbeque pork rinds
11.0,1.49,0.0,0.0,2002-01-02,Barbeque pork rinds
1.0,1.49,0.0,0.0,2002-01-03,Barbeque pork rinds
1.0,1.49,0.0,0.0,2002-01-04,Barbeque pork rinds
13.0,1.49,0.0,0.0,2002-01-05,Barbeque pork rinds
1.0,1.49,0.0,0.0,2002-01-06,Barbeque pork rinds
5.0,1.49,0.0,0.0,2002-01-07,Barbeque pork rinds
3.0,1.49,0.0,0.0,2002-01-08,Barbeque pork rinds
3.0,1.49,0.0,0.0,2002-01-09,Barbeque pork rinds
2.0,1.49,0.0,0.0,2002-01-10,Barbeque pork rinds
9.0,1.49,0.0,0.0,2002-01-11,Barbeque pork rinds
5.0,1.49,0.0,0.0,2002-01-12,Barbeque pork rinds
4.0,1.49,0.0,0.0,2002-01-13,Barbeque pork rinds
2.0,1.49,0.0,0.0,2002-01-14,Barbeque pork rinds
2.0,1.49,0.0,0.0,2002-01-15,Barbeque pork rinds
7.0,1.49,0.0,0.0,2002-01-16,Barbeque pork rinds
6.0,1.49,0.0,0.0,2002-01-17,Barbeque pork rinds
7.0,1.49,0.0,0.0,2002-01-18,Barbeque pork rinds
4.0,1.49,0.0,0.0,2002-01-19,Barbeque pork rinds
6.0,1.49,0.0,0.0,2002-01-20,Barbeque pork rinds
8.0,1.49,0.0,0.0,2002-01-21,Barbeque pork rinds
5.0,1.49,0.0,0.0,2002-01-22,Barbeque pork rinds
5.0,1.49,0.0,0.0,2002-01-23,Barbeque pork rinds
4.0,1.49,0.0,0.0,2002-01-24,Barbeque pork rinds
7.0,1.49,0.0,0.0,2002-01-25,Barbeque pork rinds
7.0,1.49,0.0,0.0,2002-01-26,Barbeque pork rinds
7.0,1.49,0.0,0.0,2002-01-27,Barbeque pork rinds
1.0,1.49,0.0,0.0,2002-01-28,Barbeque pork rinds
0.0,1.49,0.0,0.0,2002-01-29,Barbeque pork rinds
1.0,1.49,0.0,1.0,2002-01-30,Barbeque pork rinds
9.0,1.49,0.0,1.0,2002-01-31,Barbeque pork rinds
3.0,1.49,0.0,1.0,2002-02-01,Barbeque pork rinds
4.0,1.49,0.0,1.0,2002-02-02,Barbeque pork rinds
9.0,1.49,0.0,1.0,2002-02-03,Barbeque pork rinds
4.0,1.49,0.0,1.0,2002-02-04,Barbeque pork rinds
6.0,1.49,0.0,1.0,2002-02-05,Barbeque pork rinds
1.0,1.49,0.0,0.0,2002-02-06,Barbeque pork rinds
2.0,1.49,0.0,0.0,2002-02-07,Barbeque pork rinds
5.0,1.49,0.0,0.0,2002-02-08,Barbeque pork rinds
6.0,1.49,0.0,0.0,2002-02-09,Barbeque pork rinds
5.0,1.49,0.0,0.0,2002-02-10,Barbeque pork rinds
5.0,1.49,0.0,0.0,2002-02-11,Barbeque pork rinds
5.0,1.49,0.0,0.0,2002-02-12,Barbeque pork rinds
4.0,1.49,0.0,1.0,2002-02-13,Barbeque pork rinds
3.0,1.49,0.0,1.0,2002-02-14,Barbeque pork rinds
6.0,1.49,0.0,1.0,2002-02-15,Barbeque pork rinds
8.0,1.49,0.0,1.0,2002-02-16,Barbeque pork rinds
2.0,1.49,0.0,1.0,2002-02-17,Barbeque pork rinds
1.0,1.49,0.0,1.0,2002-02-18,Barbeque pork rinds
9.0,1.49,0.0,1.0,2002-02-19,Barbeque pork rinds
4.0,1.49,0.0,0.0,2002-02-20,Barbeque pork rinds
6.0,1.49,0.0,0.0,2002-02-21,Barbeque pork rinds
5.0,1.49,0.0,0.0,2002-02-22,Barbeque pork rinds
5.0,1.49,0.0,0.0,2002-02-23,Barbeque pork rinds
0.0,1.49,0.0,0.0,2002-02-24,Barbeque pork rinds
3.0,1.49,0.0,0.0,2002-02-25,Barbeque pork rinds
2.0,1.49,0.0,0.0,2002-02-26,Barbeque pork rinds
5.0,1.49,0.0,0.0,2002-02-27,Barbeque pork rinds
5.0,1.49,0.0,0.0,2002-02-28,Barbeque pork rinds
5.0,1.49,0.0,0.0,2002-03-01,Barbeque pork rinds
3.0,1.49,0.0,0.0,2002-03-02,Barbeque pork rinds
2.0,1.49,0.0,0.0,2002-03-03,Barbeque pork rinds
3.0,1.49,0.0,0.0,2002-03-04,Barbeque pork rinds
5.0,1.49,0.0,0.0,2002-03-05,Barbeque pork rinds
4.0,1.49,0.0,0.0,2002-03-06,Barbeque pork rinds
3.0,1.49,0.0,0.0,2002-03-07,Barbeque pork rinds
6.0,1.49,0.0,0.0,2002-03-08,Barbeque pork rinds
5.0,1.49,0.0,0.0,2002-03-09,Barbeque pork rinds
2.0,1.49,0.0,0.0,2002-03-10,Barbeque pork rinds
3.0,1.49,0.0,0.0,2002-03-11,Barbeque pork rinds
4.0,1.49,0.0,0.0,2002-03-12,Barbeque pork rinds
3.0,1.49,0.0,0.0,2002-03-13,Barbeque pork rinds
6.0,1.49,0.0,0.0,2002-03-14,Barbeque pork rinds
8.0,1.49,0.0,0.0,2002-03-15,Barbeque pork rinds
4.0,1.49,0.0,0.0,2002-03-16,Barbeque pork rinds
4.0,1.49,0.0,0.0,2002-03-17,Barbeque pork rinds
5.0,1.49,0.0,0.0,2002-03-18,Barbeque pork rinds
2.0,1.49,0.0,0.0,2002-03-19,Barbeque pork rinds
4.0,1.49,0.0,1.0,2002-03-20,Barbeque pork rinds
5.0,1.49,0.0,1.0,2002-03-21,Barbeque pork rinds
3.0,1.49,0.0,1.0,2002-03-22,Barbeque pork rinds
8.0,1.49,0.0,1.0,2002-03-23,Barbeque pork rinds
5.0,1.49,0.0,1.0,2002-03-24,Barbeque pork rinds
2.0,1.49,0.0,1.0,2002-03-25,Barbeque pork rinds
3.0,1.49,0.0,1.0,2002-03-26,Barbeque pork rinds
5.0,1.49,0.0,1.0,2002-03-27,Barbeque pork rinds
4.0,1.49,0.0,1.0,2002-03-28,Barbeque pork rinds
6.0,1.49,0.0,1.0,2002-03-29,Barbeque pork rinds
8.0,1.49,0.0,1.0,2002-03-30,Barbeque pork rinds
0.0,1.49,0.0,1.0,2002-03-31,Barbeque pork rinds
6.0,1.49,0.0,1.0,2002-04-01,Barbeque pork rinds
1.0,1.49,0.0,1.0,2002-04-02,Barbeque pork rinds
2.0,1.49,0.0,0.0,2002-04-03,Barbeque pork rinds
3.0,1.49,0.0,0.0,2002-04-04,Barbeque pork rinds
5.0,1.49,0.0,0.0,2002-04-05,Barbeque pork rinds
6.0,1.49,0.0,0.0,2002-04-06,Barbeque pork rinds
4.0,1.49,0.0,0.0,2002-04-07,Barbeque pork rinds
4.0,1.49,0.0,0.0,2002-04-08,Barbeque pork rinds
6.0,1.49,0.0,0.0,2002-04-09,Barbeque pork rinds
4.0,1.49,0.0,0.0,2002-04-10,Barbeque pork rinds
3.0,1.49,0.0,0.0,2002-04-11,Barbeque pork rinds
7.0,1.49,0.0,0.0,2002-04-12,Barbeque pork rinds
6.0,1.49,0.0,0.0,2002-04-13,Barbeque pork rinds
2.0,1.49,0.0,0.0,2002-04-14,Barbeque pork rinds
4.0,1.49,0.0,0.0,2002-04-15,Barbeque pork rinds
0.0,1.49,0.0,0.0,2002-04-16,Barbeque pork rinds
7.0,1.49,0.0,0.0,2002-04-17,Barbeque pork rinds
1.0,1.49,0.0,0.0,2002-04-18,Barbeque pork rinds
4.0,1.49,0.0,0.0,2002-04-19,Barbeque pork rinds
7.0,1.49,0.0,0.0,2002-04-20,Barbeque pork rinds
6.0,1.49,0.0,0.0,2002-04-21,Barbeque pork rinds
5.0,1.49,0.0,0.0,2002-04-22,Barbeque pork rinds
4.0,1.49,0.0,0.0,2002-04-23,Barbeque pork rinds
1.0,1.49,0.0,0.0,2002-04-24,Barbeque pork rinds
6.0,1.49,0.0,0.0,2002-04-25,Barbeque pork rinds
6.0,1.49,0.0,0.0,2002-04-26,Barbeque pork rinds
5.0,1.49,0.0,0.0,2002-04-27,Barbeque pork rinds
3.0,1.49,0.0,0.0,2002-04-28,Barbeque pork rinds
