csv/SAS provided CSV/SNACKS.csv
QtySold,Price,Advertised,Holiday,Date,Product
10.0,1.99,0.0,0.0,2003-07-15,Barbeque potato chips
8.0,1.99,0.0,0.0,2003-07-16,Barbeque potato chips
8.0,1.99,0.0,0.0,2003-07-17,Barbeque potato chips
8.0,1.99,0.0,0.0,2003-07-18,Barbeque potato chips
8.0,1.99,0.0,0.0,2003-07-19,Barbeque potato chips
8.0,1.99,0.0,0.0,2003-07-20,Barbeque potato chips
5.0,1.99,0.0,0.0,2003-07-21,Barbeque potato chips
7.0,1.99,0.0,0.0,2003-07-22,Barbeque potato chips
5.0,1.99,0.0,0.0,2003-07-23,Barbeque potato chips
11.0,1.99,0.0,0.0,2003-07-24,Barbeque potato chips
10.0,1.99,0.0,0.0,2003-07-25,Barbeque potato chips
9.0,1.99,0.0,0.0,2003-07-26,Barbeque potato chips
12.0,1.99,0.0,0.0,2003-07-27,Barbeque potato chips
8.0,1.99,0.0,0.0,2003-07-28,Barbeque potato chips
6.0,1.99,0.0,0.0,2003-07-29,Barbeque potato chips
5.0,1.99,0.0,0.0,2003-07-30,Barbeque potato chips
11.0,1.99,0.0,0.0,2003-07-31,Barbeque potato chips
8.0,1.99,0.0,0.0,2003-08-01,Barbeque potato chips
8.0,1.99,0.0,0.0,2003-08-02,Barbeque potato chips
11.0,1.99,0.0,0.0,2003-08-03,Barbeque potato chips
8.0,1.99,0.0,0.0,2003-08-04,Barbeque potato chips
10.0,1.99,0.0,0.0,2003-08-05,Barbeque potato chips
6.0,1.99,0.0,0.0,2003-08-06,Barbeque potato chips
5.0,1.99,0.0,0.0,2003-08-07,Barbeque potato chips
9.0,1.99,0.0,0.0,2003-08-08,Barbeque potato chips
10.0,1.99,0.0,0.0,2003-08-09,Barbeque potato chips
11.0,1.99,0.0,0.0,2003-08-10,Barbeque potato chips
7.0,1.99,0.0,0.0,2003-08-11,Barbeque potato chips
8.0,1.99,0.0,0.0,2003-08-12,Barbeque potato chips
6.0,1.99,0.0,0.0,2003-08-13,Barbeque potato chips
4.0,1.99,0.0,0.0,2003-08-14,Barbeque potato chips
10.0,1.99,0.0,0.0,2003-08-15,Barbeque potato chips
9.0,1.99,0.0,0.0,2003-08-16,Barbeque potato chips
5.0,1.99,0.0,0.0,2003-08-17,Barbeque potato chips
4.0,1.99,0.0,0.0,2003-08-18,Barbeque potato chips
7.0,1.99,0.0,0.0,2003-08-19,Barbeque potato chips
12.0,1.99,0.0,0.0,2003-08-20,Barbeque potato chips
8.0,1.99,0.0,0.0,2003-08-21,Barbeque potato chips
9.0,1.99,0.0,0.0,2003-08-22,Barbeque potato chips
10.0,1.99,0.0,0.0,2003-08-23,Barbeque potato chips
10.0,1.99,0.0,0.0,2003-08-24,Barbeque potato chips
8.0,1.99,0.0,0.0,2003-08-25,Barbeque potato chips
5.0,1.99,0.0,0.0,2003-08-26,Barbeque potato chips
5.0,1.99,0.0,1.0,2003-08-27,Barbeque potato chips
9.0,1.99,0.0,1.0,2003-08-28,Barbeque potato chips
7.0,1.99,0.0,1.0,2003-08-29,Barbeque potato chips
14.0,1.99,0.0,1.0,2003-08-30,Barbeque potato chips
7.0,1.99,0.0,1.0,2003-08-31,Barbeque potato chips
7.0,1.99,0.0,1.0,2003-09-01,Barbeque potato chips
4.0,1.99,0.0,1.0,2003-09-02,Barbeque potato chips
7.0,1.99,0.0,0.0,2003-09-03,Barbeque potato chips
4.0,1.99,0.0,0.0,2003-09-04,Barbeque potato chips
6.0,1.99,0.0,0.0,2003-09-05,Barbeque potato chips
12.0,1.99,0.0,0.0,2003-09-06,Barbeque potato chips
4.0,1.99,0.0,0.0,2003-09-07,Barbeque potato chips
7.0,1.99,0.0,0.0,2003-09-08,Barbeque potato chips
11.0,1.99,0.0,0.0,2003-09-09,Barbeque potato chips
9.0,1.99,0.0,0.0,2003-09-10,Barbeque potato chips
2.0,1.99,0.0,0.0,2003-09-11,Barbeque potato chips
12.0,1.99,0.0,0.0,2003-09-12,Barbeque potato chips
12.0,1.99,0.0,0.0,2003-09-13,Barbeque potato chips
0.0,1.99,0.0,0.0,2003-09-14,Barbeque potato chips
6.0,1.99,0.0,0.0,2003-09-15,Barbeque potato chips
4.0,1.99,0.0,0.0,2003-09-16,Barbeque potato chips
13.0,1.99,0.0,0.0,2003-09-17,Barbeque potato chips
11.0,1.99,0.0,0.0,2003-09-18,Barbeque potato chips
9.0,1.99,0.0,0.0,2003-09-19,Barbeque potato chips
10.0,1.99,0.0,0.0,2003-09-20,Barbeque potato chips
7.0,1.99,0.0,0.0,2003-09-21,Barbeque potato chips
9.0,1.99,0.0,0.0,2003-09-22,Barbeque potato chips
7.0,1.99,0.0,0.0,2003-09-23,Barbeque potato chips
7.0,1.99,0.0,0.0,2003-09-24,Barbeque potato chips
6.0,1.99,0.0,0.0,2003-09-25,Barbeque potato chips
11.0,1.99,0.0,0.0,2003-09-26,Barbeque potato chips
10.0,1.99,0.0,0.0,2003-09-27,Barbeque potato chips
9.0,1.99,0.0,0.0,2003-09-28,Barbeque potato chips
9.0,1.99,0.0,0.0,2003-09-29,Barbeque potato chips
6.0,1.99,0.0,0.0,2003-09-30,Barbeque potato chips
12.0,1.99,0.0,0.0,2003-10-01,Barbeque potato chips
6.0,1.99,0.0,0.0,2003-10-02,Barbeque potato chips
11.0,1.99,0.0,0.0,2003-10-03,Barbeque potato chips
14.0,1.99,0.0,0.0,2003-10-04,Barbeque potato chips
9.0,1.99,0.0,0.0,2003-10-05,Barbeque potato chips
6.0,1.99,0.0,0.0,2003-10-06,Barbeque potato chips
6.0,1.99,0.0,0.0,2003-10-07,Barbeque potato chips
8.0,1.99,0.0,0.0,2003-10-08,Barbeque potato chips
14.0,1.99,0.0,0.0,2003-10-09,Barbeque potato chips
7.0,1.99,0.0,0.0,2003-10-10,Barbeque potato chips
14.0,1.99,0.0,0.0,2003-10-11,Barbeque potato chips
10.0,1.99,0.0,0.0,2003-10-12,Barbeque potato chips
9.0,1.99,0.0,0.0,2003-10-13,Barbeque potato chips
5.0,1.99,0.0,0.0,2003-10-14,Barbeque potato chips
9.0,1.99,0.0,0.0,2003-10-15,Barbeque potato chips
2.0,1.99,0.0,0.0,2003-10-16,Barbeque potato chips
10.0,1.99,0.0,0.0,2003-10-17,Barbeque potato chips
12.0,1.99,0.0,0.0,2003-10-18,Barbeque potato chips
6.0,1.99,0.0,0.0,2003-10-19,Barbeque potato chips
5.0,1.99,0.0,0.0,2003-10-20,Barbeque potato chips
8.0,1.99,0.0,0.0,2003-10-21,Barbeque potato chips
6.0,1.99,0.0,0.0,2003-10-22,Barbeque potato chips
6.0,1.99,0.0,0.0,2003-10-23,Barbeque potato chips
12.0,1.99,0.0,0.0,2003-10-24,Barbeque potato chips
13.0,1.99,0.0,0.0,2003-10-25,Barbeque potato chips
6.0,1.99,0.0,0.0,2003-10-26,Barbeque potato chips
7.0,1.99,0.0,0.0,2003-10-27,Barbeque potato chips
6.0,1.99,0.0,0.0,2003-10-28,Barbeque potato chips
5.0,1.99,0.0,1.0,2003-10-29,Barbeque potato chips
9.0,1.99,0.0,1.0,2003-10-30,Barbeque potato chips
6.0,1.99,0.0,1.0,2003-10-31,Barbeque potato chips
12.0,1.99,0.0,1.0,2003-11-01,Barbeque potato chips
7.0,1.99,0.0,1.0,2003-11-02,Barbeque potato chips
3.0,1.99,0.0,1.0,2003-11-03,Barbeque potato chips
3.0,1.99,0.0,1.0,2003-11-04,Barbeque potato chips
2.0,1.99,0.0,0.0,2003-11-05,Barbeque potato chips
2.0,1.99,0.0,0.0,2003-11-06,Barbeque potato chips
8.0,1.99,0.0,0.0,2003-11-07,Barbeque potato chips
9.0,1.99,0.0,0.0,2003-11-08,Barbeque potato chips
7.0,1.99,0.0,0.0,2003-11-09,Barbeque potato chips
6.0,1.99,0.0,0.0,2003-11-10,Barbeque potato chips
8.0,1.99,0.0,0.0,2003-11-11,Barbeque potato chips
6.0,1.99,0.0,0.0,2003-11-12,Barbeque potato chips
5.0,1.99,0.0,0.0,2003-11-13,Barbeque potato chips
5.0,1.99,0.0,0.0,2003-11-14,Barbeque potato chips
10.0,1.99,0.0,0.0,2003-11-15,Barbeque potato chips
10.0,1.99,0.0,0.0,2003-11-16,Barbeque potato chips
1.0,1.99,0.0,0.0,2003-11-17,Barbeque potato chips
9.0,1.99,0.0,0.0,2003-11-18,Barbeque potato chips
4.0,1.99,0.0,1.0,2003-11-19,Barbeque potato chips
1.0,1.99,0.0,1.0,2003-11-20,Barbeque potato chips
7.0,1.99,0.0,1.0,2003-11-21,Barbeque potato chips
3.0,1.99,0.0,1.0,2003-11-22,Barbeque potato chips
6.0,1.99,0.0,1.0,2003-11-23,Barbeque potato chips
7.0,1.99,0.0,1.0,2003-11-24,Barbeque potato chips
7.0,1.99,0.0,1.0,2003-11-25,Barbeque potato chips
15.0,1.99,0.0,1.0,2003-11-26,Barbeque potato chips
0.0,1.99,0.0,1.0,2003-11-27,Barbeque potato chips
10.0,1.99,0.0,1.0,2003-11-28,Barbeque potato chips
6.0,1.99,0.0,1.0,2003-11-29,Barbeque potato chips
10.0,1.99,0.0,1.0,2003-11-30,Barbeque potato chips
7.0,1.99,0.0,1.0,2003-12-01,Barbeque potato chips
5.0,1.99,0.0,1.0,2003-12-02,Barbeque potato chips
15.0,1.49,1.0,1.0,2003-12-03,Barbeque potato chips
7.0,1.49,1.0,1.0,2003-12-04,Barbeque potato chips
15.0,1.49,1.0,1.0,2003-12-05,Barbeque potato chips
16.0,1.49,1.0,1.0,2003-12-06,Barbeque potato chips
6.0,1.49,1.0,1.0,2003-12-07,Barbeque potato chips
10.0,1.49,1.0,1.0,2003-12-08,Barbeque potato chips
5.0,1.49,1.0,1.0,2003-12-09,Barbeque potato chips
11.0,1.99,0.0,1.0,2003-12-10,Barbeque potato chips
10.0,1.99,0.0,1.0,2003-12-11,Barbeque potato chips
9.0,1.99,0.0,1.0,2003-12-12,Barbeque potato chips
10.0,1.99,0.0,1.0,2003-12-13,Barbeque potato chips
6.0,1.99,0.0,1.0,2003-12-14,Barbeque potato chips
1.0,1.99,0.0,1.0,2003-12-15,Barbeque potato chips
7.0,1.99,0.0,1.0,2003-12-16,Barbeque potato chips
6.0,1.99,0.0,1.0,2003-12-17,Barbeque potato chips
9.0,1.99,0.0,1.0,2003-12-18,Barbeque potato chips
14.0,1.99,0.0,1.0,2003-12-19,Barbeque potato chips
14.0,1.99,0.0,1.0,2003-12-20,Barbeque potato chips
14.0,1.99,0.0,1.0,2003-12-21,Barbeque potato chips
14.0,1.99,0.0,1.0,2003-12-22,Barbeque potato chips
52.0,1.99,0.0,1.0,2003-12-23,Barbeque potato chips
1.0,1.99,0.0,1.0,2003-12-24,Barbeque potato chips
0.0,1.99,0.0,1.0,2003-12-25,Barbeque potato chips
9.0,1.99,0.0,1.0,2003-12-26,Barbeque potato chips
17.0,1.99,0.0,1.0,2003-12-27,Barbeque potato chips
7.0,1.99,0.0,1.0,2003-12-28,Barbeque potato chips
5.0,1.99,0.0,1.0,2003-12-29,Barbeque potato chips
11.0,1.99,0.0,1.0,2003-12-30,Barbeque potato chips
23.0,1.99,0.0,1.0,2003-12-31,Barbeque potato chips
5.0,1.99,0.0,0.0,2004-01-01,Barbeque potato chips
3.0,1.99,0.0,0.0,2004-01-02,Barbeque potato chips
15.0,1.99,0.0,0.0,2004-01-03,Barbeque potato chips
4.0,1.99,0.0,0.0,2004-01-04,Barbeque potato chips
7.0,1.99,0.0,0.0,2004-01-05,Barbeque potato chips
7.0,1.99,0.0,0.0,2004-01-06,Barbeque potato chips
6.0,1.99,0.0,0.0,2004-01-07,Barbeque potato chips
4.0,1.99,0.0,0.0,2004-01-08,Barbeque potato chips
12.0,1.99,0.0,0.0,2004-01-09,Barbeque potato chips
13.0,1.99,0.0,0.0,2004-01-10,Barbeque potato chips
9.0,1.99,0.0,0.0,2004-01-11,Barbeque potato chips
8.0,1.99,0.0,0.0,2004-01-12,Barbeque potato chips
6.0,1.99,0.0,0.0,2004-01-13,Barbeque potato chips
4.0,1.99,0.0,0.0,2004-01-14,Barbeque potato chips
4.0,1.99,0.0,0.0,2004-01-15,Barbeque potato chips
8.0,1.99,0.0,0.0,2004-01-16,Barbeque potato chips
12.0,1.99,0.0,0.0,2004-01-17,Barbeque potato chips
5.0,1.99,0.0,0.0,2004-01-18,Barbeque potato chips
10.0,1.99,0.0,0.0,2004-01-19,Barbeque potato chips
3.0,1.99,0.0,0.0,2004-01-20,Barbeque potato chips
9.0,1.99,0.0,0.0,2004-01-21,Barbeque potato chips
7.0,1.99,0.0,0.0,2004-01-22,Barbeque potato chips
7.0,1.99,0.0,0.0,2004-01-23,Barbeque potato chips
20.0,1.99,0.0,0.0,2004-01-24,Barbeque potato chips
1.0,1.99,0.0,0.0,2004-01-25,Barbeque potato chips
2.0,1.99,0.0,0.0,2004-01-26,Barbeque potato chips
4.0,1.99,0.0,0.0,2004-01-27,Barbeque potato chips
9.0,1.99,0.0,1.0,2004-01-28,Barbeque potato chips
4.0,1.99,0.0,1.0,2004-01-29,Barbeque potato chips
5.0,1.99,0.0,1.0,2004-01-30,Barbeque potato chips
21.0,1.99,0.0,1.0,2004-01-31,Barbeque potato chips
6.0,1.99,0.0,1.0,2004-02-01,Barbeque potato chips
4.0,1.99,0.0,1.0,2004-02-02,Barbeque potato chips
5.0,1.99,0.0,1.0,2004-02-03,Barbeque potato chips
7.0,1.99,0.0,0.0,2004-02-04,Barbeque potato chips
10.0,1.99,0.0,0.0,2004-02-05,Barbeque potato chips
9.0,1.99,0.0,0.0,2004-02-06,Barbeque potato chips
14.0,1.99,0.0,0.0,2004-02-07,Barbeque potato chips
11.0,1.99,0.0,0.0,2004-02-08,Barbeque potato chips
5.0,1.99,0.0,0.0,2004-02-09,Barbeque potato chips
3.0,1.99,0.0,0.0,2004-02-10,Barbeque potato chips
33.0,1.49,1.0,1.0,2004-02-11,Barbeque potato chips
13.0,1.49,1.0,1.0,2004-02-12,Barbeque potato chips
21.0,1.49,1.0,1.0,2004-02-13,Barbeque potato chips
34.0,1.49,1.0,1.0,2004-02-14,Barbeque potato chips
13.0,1.49,1.0,1.0,2004-02-15,Barbeque potato chips
20.0,1.49,1.0,1.0,2004-02-16,Barbeque potato chips
17.0,1.49,1.0,1.0,2004-02-17,Barbeque potato chips
3.0,1.99,0.0,0.0,2004-02-18,Barbeque potato chips
11.0,1.99,0.0,0.0,2004-02-19,Barbeque potato chips
2.0,1.99,0.0,0.0,2004-02-20,Barbeque potato chips
16.0,1.99,0.0,0.0,2004-02-21,Barbeque potato chips
8.0,1.99,0.0,0.0,2004-02-22,Barbeque potato chips
7.0,1.99,0.0,0.0,2004-02-23,Barbeque potato chips
6.0,1.99,0.0,0.0,2004-02-24,Barbeque potato chips
6.0,1.99,0.0,0.0,2004-02-25,Barbeque potato chips
36.0,1.99,0.0,0.0,2004-02-26,Barbeque potato chips
6.0,1.99,0.0,0.0,2004-02-27,Barbeque potato chips
9.0,1.99,0.0,0.0,2004-02-28,Barbeque potato chips
6.0,1.99,0.0,0.0,2004-02-29,Barbeque potato chips
5.0,1.99,0.0,0.0,2004-03-01,Barbeque potato chips
4.0,1.99,0.0,0.0,2004-03-02,Barbeque potato chips
2.0,1.99,0.0,0.0,2004-03-03,Barbeque potato chips
5.0,1.99,0.0,0.0,2004-03-04,Barbeque potato chips
2.0,1.99,0.0,0.0,2004-03-05,Barbeque potato chips
16.0,1.99,0.0,0.0,2004-03-06,Barbeque potato chips
6.0,1.99,0.0,0.0,2004-03-07,Barbeque potato chips
0.0,1.99,0.0,1.0,2004-03-08,Barbeque potato chips
7.0,1.99,0.0,1.0,2004-03-09,Barbeque potato chips
6.0,1.99,0.0,0.0,2004-03-10,Barbeque potato chips
7.0,1.99,0.0,0.0,2004-03-11,Barbeque potato chips
6.0,1.99,0.0,0.0,2004-03-12,Barbeque potato chips
10.0,1.99,0.0,0.0,2004-03-13,Barbeque potato chips
8.0,1.99,0.0,0.0,2004-03-14,Barbeque potato chips
2.0,1.99,0.0,0.0,2004-03-15,Barbeque potato chips
8.0,1.99,0.0,0.0,2004-03-16,Barbeque potato chips
3.0,1.99,0.0,0.0,2004-03-17,Barbeque potato chips
3.0,1.99,0.0,0.0,2004-03-18,Barbeque potato chips
7.0,1.99,0.0,0.0,2004-03-19,Barbeque potato chips
8.0,1.99,0.0,0.0,2004-03-20,Barbeque potato chips
5.0,1.99,0.0,0.0,2004-03-21,Barbeque potato chips
9.0,1.99,0.0,0.0,2004-03-22,Barbeque potato chips
8.0,1.99,0.0,0.0,2004-03-23,Barbeque potato chips
4.0,1.99,0.0,0.0,2004-03-24,Barbeque potato chips
5.0,1.99,0.0,0.0,2004-03-25,Barbeque potato chips
15.0,1.99,0.0,0.0,2004-03-26,Barbeque potato chips
13.0,1.99,0.0,0.0,2004-03-27,Barbeque potato chips
4.0,1.99,0.0,0.0,2004-03-28,Barbeque potato chips
3.0,1.99,0.0,0.0,2004-03-29,Barbeque potato chips
10.0,1.99,0.0,0.0,2004-03-30,Barbeque potato chips
10.0,1.49,1.0,1.0,2004-03-31,Barbeque potato chips
12.0,1.49,1.0,1.0,2004-04-01,Barbeque potato chips
15.0,1.49,1.0,1.0,2004-04-02,Barbeque potato chips
19.0,1.49,1.0,1.0,2004-04-03,Barbeque potato chips
17.0,1.49,1.0,1.0,2004-04-04,Barbeque potato chips
8.0,1.49,1.0,1.0,2004-04-05,Barbeque potato chips
8.0,1.49,1.0,1.0,2004-04-06,Barbeque potato chips
12.0,1.99,0.0,1.0,2004-04-07,Barbeque potato chips
6.0,1.99,0.0,1.0,2004-04-08,Barbeque potato chips
17.0,1.99,0.0,1.0,2004-04-09,Barbeque potato chips
12.0,1.99,0.0,1.0,2004-04-10,Barbeque potato chips
0.0,1.99,0.0,1.0,2004-04-11,Barbeque potato chips
2.0,1.99,0.0,1.0,2004-04-12,Barbeque potato chips
12.0,1.99,0.0,1.0,2004-04-13,Barbeque potato chips
10.0,1.99,0.0,0.0,2004-04-14,Barbeque potato chips
8.0,1.99,0.0,0.0,2004-04-15,Barbeque potato chips
7.0,1.99,0.0,0.0,2004-04-16,Barbeque potato chips
10.0,1.99,0.0,0.0,2004-04-17,Barbeque potato chips
4.0,1.99,0.0,0.0,2004-04-18,Barbeque potato chips
5.0,1.99,0.0,0.0,2004-04-19,Barbeque potato chips
7.0,1.99,0.0,0.0,2004-04-20,Barbeque potato chips
8.0,1.99,0.0,0.0,2004-04-21,Barbeque potato chips
6.0,1.99,0.0,0.0,2004-04-22,Barbeque potato chips
7.0,1.99,0.0,0.0,2004-04-23,Barbeque potato chips
12.0,1.99,0.0,0.0,2004-04-24,Barbeque potato chips
4.0,1.99,0.0,0.0,2004-04-25,Barbeque potato chips
7.0,1.99,0.0,0.0,2004-04-26,Barbeque potato chips
6.0,1.99,0.0,0.0,2004-04-27,Barbeque potato chips
12.0,1.49,1.0,0.0,2004-04-28,Barbeque potato chips
15.0,1.49,1.0,0.0,2004-04-29,Barbeque potato chips
10.0,1.49,1.0,0.0,2004-04-30,Barbeque potato chips
17.0,1.49,1.0,0.0,2004-05-01,Barbeque potato chips
1.0,1.49,1.0,0.0,2004-05-02,Barbeque potato chips
11.0,1.49,1.0,0.0,2004-05-03,Barbeque potato chips
5.0,1.49,1.0,0.0,2004-05-04,Barbeque potato chips
9.0,1.99,0.0,1.0,2004-05-05,Barbeque potato chips
9.0,1.99,0.0,1.0,2004-05-06,Barbeque potato chips
4.0,1.99,0.0,1.0,2004-05-07,Barbeque potato chips
10.0,1.99,0.0,1.0,2004-05-08,Barbeque potato chips
9.0,1.99,0.0,1.0,2004-05-09,Barbeque potato chips
7.0,1.99,0.0,1.0,2004-05-10,Barbeque potato chips
7.0,1.99,0.0,1.0,2004-05-11,Barbeque potato chips
6.0,1.99,0.0,0.0,2004-05-12,Barbeque potato chips
4.0,1.99,0.0,0.0,2004-05-13,Barbeque potato chips
6.0,1.99,0.0,0.0,2004-05-14,Barbeque potato chips
6.0,1.99,0.0,0.0,2004-05-15,Barbeque potato chips
9.0,1.99,0.0,0.0,2004-05-16,Barbeque potato chips
9.0,1.99,0.0,0.0,2004-05-17,Barbeque potato chips
9.0,1.99,0.0,0.0,2004-05-18,Barbeque potato chips
2.0,1.99,0.0,0.0,2004-05-19,Barbeque potato chips
9.0,1.99,0.0,0.0,2004-05-20,Barbeque potato chips
6.0,1.99,0.0,0.0,2004-05-21,Barbeque potato chips
11.0,1.99,0.0,0.0,2004-05-22,Barbeque potato chips
8.0,1.99,0.0,0.0,2004-05-23,Barbeque potato chips
4.0,1.99,0.0,0.0,2004-05-24,Barbeque potato chips
4.0,1.99,0.0,0.0,2004-05-25,Barbeque potato chips
4.0,1.99,0.0,1.0,2004-05-26,Barbeque potato chips
9.0,1.99,0.0,1.0,2004-05-27,Barbeque potato chips
13.0,1.99,0.0,1.0,2004-05-28,Barbeque potato chips
14.0,1.99,0.0,1.0,2004-05-29,Barbeque potato chips
6.0,1.99,0.0,1.0,2004-05-30,Barbeque potato chips
9.0,1.99,0.0,1.0,2004-05-31,Barbeque potato chips
5.0,1.99,0.0,1.0,2004-06-01,Barbeque potato chips
5.0,1.99,0.0,0.0,2004-06-02,Barbeque potato chips
6.0,1.99,0.0,0.0,2004-06-03,Barbeque potato chips
5.0,1.99,0.0,0.0,2004-06-04,Barbeque potato chips
11.0,1.99,0.0,0.0,2004-06-05,Barbeque potato chips
8.0,1.99,0.0,0.0,2004-06-06,Barbeque potato chips
4.0,1.99,0.0,0.0,2004-06-07,Barbeque potato chips
3.0,1.99,0.0,0.0,2004-06-08,Barbeque potato chips
0.0,1.99,0.0,0.0,2004-06-09,Barbeque potato chips
5.0,1.99,0.0,0.0,2004-06-10,Barbeque potato chips
7.0,1.99,0.0,0.0,2004-06-11,Barbeque potato chips
8.0,1.99,0.0,0.0,2004-06-12,Barbeque potato chips
7.0,1.99,0.0,0.0,2004-06-13,Barbeque potato chips
5.0,1.99,0.0,0.0,2004-06-14,Barbeque potato chips
5.0,1.99,0.0,0.0,2004-06-15,Barbeque potato chips
4.0,1.99,0.0,1.0,2004-06-16,Barbeque potato chips
8.0,1.99,0.0,1.0,2004-06-17,Barbeque potato chips
8.0,1.99,0.0,1.0,2004-06-18,Barbeque potato chips
7.0,1.99,0.0,1.0,2004-06-19,Barbeque potato chips
8.0,1.99,0.0,1.0,2004-06-20,Barbeque potato chips
4.0,1.99,0.0,1.0,2004-06-21,Barbeque potato chips
2.0,1.99,0.0,1.0,2004-06-22,Barbeque potato chips
4.0,1.99,0.0,0.0,2004-06-23,Barbeque potato chips
5.0,1.99,0.0,0.0,2004-06-24,Barbeque potato chips
4.0,1.99,0.0,0.0,2004-06-25,Barbeque potato chips
12.0,1.99,0.0,0.0,2004-06-26,Barbeque potato chips
6.0,1.99,0.0,0.0,2004-06-27,Barbeque potato chips
6.0,1.99,0.0,0.0,2004-06-28,Barbeque potato chips
6.0,1.99,0.0,0.0,2004-06-29,Barbeque potato chips
9.0,1.99,0.0,1.0,2004-06-30,Barbeque potato chips
2.0,1.99,0.0,1.0,2004-07-01,Barbeque potato chips
7.0,1.99,0.0,1.0,2004-07-02,Barbeque potato chips
12.0,1.99,0.0,1.0,2004-07-03,Barbeque potato chips
9.0,1.99,0.0,1.0,2004-07-04,Barbeque potato chips
