csv/SAS provided CSV/SNACKS.csv
QtySold,Price,Advertised,Holiday,Date,Product
5.0,1.99,0.0,1.0,2004-07-05,Barbeque potato chips
3.0,1.99,0.0,1.0,2004-07-06,Barbeque potato chips
3.0,1.99,0.0,0.0,2004-07-07,Barbeque potato chips
8.0,1.99,0.0,0.0,2004-07-08,Barbeque potato chips
10.0,1.99,0.0,0.0,2004-07-09,Barbeque potato chips
8.0,1.99,0.0,0.0,2004-07-10,Barbeque potato chips
9.0,1.99,0.0,0.0,2004-07-11,Barbeque potato chips
6.0,1.99,0.0,0.0,2004-07-12,Barbeque potato chips
9.0,1.99,0.0,0.0,2004-07-13,Barbeque potato chips
10.0,1.99,0.0,0.0,2004-07-14,Barbeque potato chips
4.0,1.99,0.0,0.0,2004-07-15,Barbeque potato chips
6.0,1.99,0.0,0.0,2004-07-16,Barbeque potato chips
14.0,1.99,0.0,0.0,2004-07-17,Barbeque potato chips
6.0,1.99,0.0,0.0,2004-07-18,Barbeque potato chips
2.0,1.99,0.0,0.0,2004-07-19,Barbeque potato chips
7.0,1.99,0.0,0.0,2004-07-20,Barbeque potato chips
2.0,1.99,0.0,0.0,2004-07-21,Barbeque potato chips
4.0,1.99,0.0,0.0,2004-07-22,Barbeque potato chips
8.0,1.99,0.0,0.0,2004-07-23,Barbeque potato chips
10.0,1.99,0.0,0.0,2004-07-24,Barbeque potato chips
8.0,1.99,0.0,0.0,2004-07-25,Barbeque potato chips
9.0,1.99,0.0,0.0,2004-07-26,Barbeque potato chips
8.0,1.99,0.0,0.0,2004-07-27,Barbeque potato chips
5.0,1.99,0.0,0.0,2004-07-28,Barbeque potato chips
7.0,1.99,0.0,0.0,2004-07-29,Barbeque potato chips
15.0,1.99,0.0,0.0,2004-07-30,Barbeque potato chips
9.0,1.99,0.0,0.0,2004-07-31,Barbeque potato chips
7.0,1.99,0.0,0.0,2004-08-01,Barbeque potato chips
2.0,1.99,0.0,0.0,2004-08-02,Barbeque potato chips
6.0,1.99,0.0,0.0,2004-08-03,Barbeque potato chips
3.0,1.99,0.0,0.0,2004-08-04,Barbeque potato chips
4.0,1.99,0.0,0.0,2004-08-05,Barbeque potato chips
5.0,1.99,0.0,0.0,2004-08-06,Barbeque potato chips
10.0,1.99,0.0,0.0,2004-08-07,Barbeque potato chips
8.0,1.99,0.0,0.0,2004-08-08,Barbeque potato chips
8.0,1.99,0.0,0.0,2004-08-09,Barbeque potato chips
4.0,1.99,0.0,0.0,2004-08-10,Barbeque potato chips
6.0,1.99,0.0,0.0,2004-08-11,Barbeque potato chips
10.0,1.99,0.0,0.0,2004-08-12,Barbeque potato chips
12.0,1.99,0.0,0.0,2004-08-13,Barbeque potato chips
11.0,1.99,0.0,0.0,2004-08-14,Barbeque potato chips
7.0,1.99,0.0,0.0,2004-08-15,Barbeque potato chips
5.0,1.99,0.0,0.0,2004-08-16,Barbeque potato chips
10.0,1.99,0.0,0.0,2004-08-17,Barbeque potato chips
4.0,1.99,0.0,0.0,2004-08-18,Barbeque potato chips
12.0,1.99,0.0,0.0,2004-08-19,Barbeque potato chips
9.0,1.99,0.0,0.0,2004-08-20,Barbeque potato chips
9.0,1.99,0.0,0.0,2004-08-21,Barbeque potato chips
4.0,1.99,0.0,0.0,2004-08-22,Barbeque potato chips
6.0,1.99,0.0,0.0,2004-08-23,Barbeque potato chips
1.0,1.99,0.0,0.0,2004-08-24,Barbeque potato chips
5.0,1.99,0.0,0.0,2004-08-25,Barbeque potato chips
6.0,1.99,0.0,0.0,2004-08-26,Barbeque potato chips
6.0,1.99,0.0,0.0,2004-08-27,Barbeque potato chips
7.0,1.99,0.0,0.0,2004-08-28,Barbeque potato chips
7.0,1.99,0.0,0.0,2004-08-29,Barbeque potato chips
6.0,1.99,0.0,0.0,2004-08-30,Barbeque potato chips
4.0,1.99,0.0,0.0,2004-08-31,Barbeque potato chips
4.0,1.99,0.0,1.0,2004-09-01,Barbeque potato chips
7.0,1.99,0.0,1.0,2004-09-02,Barbeque potato chips
8.0,1.99,0.0,1.0,2004-09-03,Barbeque potato chips
8.0,1.99,0.0,1.0,2004-09-04,Barbeque potato chips
8.0,1.99,0.0,1.0,2004-09-05,Barbeque potato chips
5.0,1.99,0.0,1.0,2004-09-06,Barbeque potato chips
8.0,1.99,0.0,1.0,2004-09-07,Barbeque potato chips
5.0,1.99,0.0,0.0,2004-09-08,Barbeque potato chips
3.0,1.99,0.0,0.0,2004-09-09,Barbeque potato chips
9.0,1.99,0.0,0.0,2004-09-10,Barbeque potato chips
12.0,1.99,0.0,0.0,2004-09-11,Barbeque potato chips
6.0,1.99,0.0,0.0,2004-09-12,Barbeque potato chips
8.0,1.99,0.0,0.0,2004-09-13,Barbeque potato chips
4.0,1.99,0.0,0.0,2004-09-14,Barbeque potato chips
8.0,1.49,1.0,0.0,2004-09-15,Barbeque potato chips
3.0,1.49,1.0,0.0,2004-09-16,Barbeque potato chips
15.0,1.49,1.0,0.0,2004-09-17,Barbeque potato chips
18.0,1.49,1.0,0.0,2004-09-18,Barbeque potato chips
20.0,1.49,1.0,0.0,2004-09-19,Barbeque potato chips
6.0,1.49,1.0,0.0,2004-09-20,Barbeque potato chips
13.0,1.49,1.0,0.0,2004-09-21,Barbeque potato chips
9.0,1.99,0.0,0.0,2004-09-22,Barbeque potato chips
8.0,1.99,0.0,0.0,2004-09-23,Barbeque potato chips
8.0,1.99,0.0,0.0,2004-09-24,Barbeque potato chips
7.0,1.99,0.0,0.0,2004-09-25,Barbeque potato chips
12.0,1.99,0.0,0.0,2004-09-26,Barbeque potato chips
9.0,1.99,0.0,0.0,2004-09-27,Barbeque potato chips
8.0,1.99,0.0,0.0,2004-09-28,Barbeque potato chips
5.0,1.99,0.0,0.0,2004-09-29,Barbeque potato chips
4.0,1.99,0.0,0.0,2004-09-30,Barbeque potato chips
5.0,1.99,0.0,0.0,2004-10-01,Barbeque potato chips
11.0,1.99,0.0,0.0,2004-10-02,Barbeque potato chips
7.0,1.99,0.0,0.0,2004-10-03,Barbeque potato chips
10.0,1.99,0.0,0.0,2004-10-04,Barbeque potato chips
3.0,1.99,0.0,0.0,2004-10-05,Barbeque potato chips
5.0,1.99,0.0,0.0,2004-10-06,Barbeque potato chips
8.0,1.99,0.0,0.0,2004-10-07,Barbeque potato chips
6.0,1.99,0.0,0.0,2004-10-08,Barbeque potato chips
9.0,1.99,0.0,0.0,2004-10-09,Barbeque potato chips
11.0,1.99,0.0,0.0,2004-10-10,Barbeque potato chips
0.0,1.99,0.0,0.0,2004-10-11,Barbeque potato chips
4.0,1.99,0.0,0.0,2004-10-12,Barbeque potato chips
11.0,1.99,0.0,0.0,2004-10-13,Barbeque potato chips
5.0,1.99,0.0,0.0,2004-10-14,Barbeque potato chips
6.0,1.99,0.0,0.0,2004-10-15,Barbeque potato chips
15.0,1.99,0.0,0.0,2004-10-16,Barbeque potato chips
7.0,1.99,0.0,0.0,2004-10-17,Barbeque potato chips
5.0,1.99,0.0,0.0,2004-10-18,Barbeque potato chips
0.0,2.99,0.0,0.0,2002-01-01,Bread sticks
0.0,2.99,0.0,0.0,2002-01-02,Bread sticks
0.0,2.99,0.0,0.0,2002-01-03,Bread sticks
0.0,2.99,0.0,0.0,2002-01-04,Bread sticks
0.0,2.99,0.0,0.0,2002-01-05,Bread sticks
0.0,2.99,0.0,0.0,2002-01-06,Bread sticks
0.0,2.99,0.0,0.0,2002-01-07,Bread sticks
0.0,2.99,0.0,0.0,2002-01-08,Bread sticks
0.0,2.99,0.0,0.0,2002-01-09,Bread sticks
0.0,2.99,0.0,0.0,2002-01-10,Bread sticks
0.0,2.99,0.0,0.0,2002-01-11,Bread sticks
0.0,2.99,0.0,0.0,2002-01-12,Bread sticks
0.0,2.99,0.0,0.0,2002-01-13,Bread sticks
0.0,2.99,0.0,0.0,2002-01-14,Bread sticks
0.0,2.99,0.0,0.0,2002-01-15,Bread sticks
0.0,2.99,0.0,0.0,2002-01-16,Bread sticks
0.0,2.99,0.0,0.0,2002-01-17,Bread sticks
0.0,2.99,0.0,0.0,2002-01-18,Bread sticks
0.0,2.99,0.0,0.0,2002-01-19,Bread sticks
0.0,2.99,0.0,0.0,2002-01-20,Bread sticks
0.0,2.99,0.0,0.0,2002-01-21,Bread sticks
0.0,2.99,0.0,0.0,2002-01-22,Bread sticks
0.0,2.99,0.0,0.0,2002-01-23,Bread sticks
0.0,2.99,0.0,0.0,2002-01-24,Bread sticks
0.0,2.99,0.0,0.0,2002-01-25,Bread sticks
0.0,2.99,0.0,0.0,2002-01-26,Bread sticks
0.0,2.99,0.0,0.0,2002-01-27,Bread sticks
0.0,2.99,0.0,0.0,2002-01-28,Bread sticks
0.0,2.99,0.0,0.0,2002-01-29,Bread sticks
0.0,2.99,0.0,1.0,2002-01-30,Bread sticks
0.0,2.99,0.0,1.0,2002-01-31,Bread sticks
0.0,2.99,0.0,1.0,2002-02-01,Bread sticks
0.0,2.99,0.0,1.0,2002-02-02,Bread sticks
0.0,2.99,0.0,1.0,2002-02-03,Bread sticks
0.0,2.99,0.0,1.0,2002-02-04,Bread sticks
0.0,2.99,0.0,1.0,2002-02-05,Bread sticks
0.0,2.99,0.0,0.0,2002-02-06,Bread sticks
0.0,2.99,0.0,0.0,2002-02-07,Bread sticks
0.0,2.99,0.0,0.0,2002-02-08,Bread sticks
0.0,2.99,0.0,0.0,2002-02-09,Bread sticks
0.0,2.99,0.0,0.0,2002-02-10,Bread sticks
0.0,2.99,0.0,0.0,2002-02-11,Bread sticks
0.0,2.99,0.0,0.0,2002-02-12,Bread sticks
0.0,2.99,0.0,1.0,2002-02-13,Bread sticks
0.0,2.99,0.0,1.0,2002-02-14,Bread sticks
0.0,2.99,0.0,1.0,2002-02-15,Bread sticks
0.0,2.99,0.0,1.0,2002-02-16,Bread sticks
0.0,2.99,0.0,1.0,2002-02-17,Bread sticks
0.0,2.99,0.0,1.0,2002-02-18,Bread sticks
0.0,2.99,0.0,1.0,2002-02-19,Bread sticks
0.0,2.99,0.0,0.0,2002-02-20,Bread sticks
0.0,2.99,0.0,0.0,2002-02-21,Bread sticks
0.0,2.99,0.0,0.0,2002-02-22,Bread sticks
0.0,2.99,0.0,0.0,2002-02-23,Bread sticks
0.0,2.99,0.0,0.0,2002-02-24,Bread sticks
0.0,2.99,0.0,0.0,2002-02-25,Bread sticks
0.0,2.99,0.0,0.0,2002-02-26,Bread sticks
0.0,2.99,0.0,0.0,2002-02-27,Bread sticks
0.0,2.99,0.0,0.0,2002-02-28,Bread sticks
0.0,2.99,0.0,0.0,2002-03-01,Bread sticks
0.0,2.99,0.0,0.0,2002-03-02,Bread sticks
0.0,2.99,0.0,0.0,2002-03-03,Bread sticks
0.0,2.99,0.0,0.0,2002-03-04,Bread sticks
0.0,2.99,0.0,0.0,2002-03-05,Bread sticks
0.0,2.99,0.0,0.0,2002-03-06,Bread sticks
0.0,2.99,0.0,0.0,2002-03-07,Bread sticks
0.0,2.99,0.0,0.0,2002-03-08,Bread sticks
0.0,2.99,0.0,0.0,2002-03-09,Bread sticks
0.0,2.99,0.0,0.0,2002-03-10,Bread sticks
0.0,2.99,0.0,0.0,2002-03-11,Bread sticks
0.0,2.99,0.0,0.0,2002-03-12,Bread sticks
0.0,2.99,0.0,0.0,2002-03-13,Bread sticks
0.0,2.99,0.0,0.0,2002-03-14,Bread sticks
0.0,2.99,0.0,0.0,2002-03-15,Bread sticks
0.0,2.99,0.0,0.0,2002-03-16,Bread sticks
0.0,2.99,0.0,0.0,2002-03-17,Bread sticks
0.0,2.99,0.0,0.0,2002-03-18,Bread sticks
0.0,2.99,0.0,0.0,2002-03-19,Bread sticks
0.0,2.99,0.0,1.0,2002-03-20,Bread sticks
0.0,2.99,0.0,1.0,2002-03-21,Bread sticks
0.0,2.99,0.0,1.0,2002-03-22,Bread sticks
0.0,2.99,0.0,1.0,2002-03-23,Bread sticks
0.0,2.99,0.0,1.0,2002-03-24,Bread sticks
0.0,2.99,0.0,1.0,2002-03-25,Bread sticks
0.0,2.99,0.0,1.0,2002-03-26,Bread sticks
0.0,2.99,0.0,1.0,2002-03-27,Bread sticks
0.0,2.99,0.0,1.0,2002-03-28,Bread sticks
0.0,2.99,0.0,1.0,2002-03-29,Bread sticks
0.0,2.99,0.0,1.0,2002-03-30,Bread sticks
0.0,2.99,0.0,1.0,2002-03-31,Bread sticks
0.0,2.99,0.0,1.0,2002-04-01,Bread sticks
0.0,2.99,0.0,1.0,2002-04-02,Bread sticks
0.0,2.99,0.0,0.0,2002-04-03,Bread sticks
0.0,2.99,0.0,0.0,2002-04-04,Bread sticks
0.0,2.99,0.0,0.0,2002-04-05,Bread sticks
0.0,2.99,0.0,0.0,2002-04-06,Bread sticks
0.0,2.99,0.0,0.0,2002-04-07,Bread sticks
0.0,2.99,0.0,0.0,2002-04-08,Bread sticks
0.0,2.99,0.0,0.0,2002-04-09,Bread sticks
0.0,2.99,0.0,0.0,2002-04-10,Bread sticks
0.0,2.99,0.0,0.0,2002-04-11,Bread sticks
0.0,2.99,0.0,0.0,2002-04-12,Bread sticks
0.0,2.99,0.0,0.0,2002-04-13,Bread sticks
0.0,2.99,0.0,0.0,2002-04-14,Bread sticks
0.0,2.99,0.0,0.0,2002-04-15,Bread sticks
0.0,2.99,0.0,0.0,2002-04-16,Bread sticks
0.0,2.99,0.0,0.0,2002-04-17,Bread sticks
0.0,2.99,0.0,0.0,2002-04-18,Bread sticks
0.0,2.99,0.0,0.0,2002-04-19,Bread sticks
0.0,2.99,0.0,0.0,2002-04-20,Bread sticks
0.0,2.99,0.0,0.0,2002-04-21,Bread sticks
0.0,2.99,0.0,0.0,2002-04-22,Bread sticks
0.0,2.99,0.0,0.0,2002-04-23,Bread sticks
0.0,2.99,0.0,0.0,2002-04-24,Bread sticks
0.0,2.99,0.0,0.0,2002-04-25,Bread sticks
0.0,2.99,0.0,0.0,2002-04-26,Bread sticks
0.0,2.99,0.0,0.0,2002-04-27,Bread sticks
0.0,2.99,0.0,0.0,2002-04-28,Bread sticks
0.0,2.99,0.0,0.0,2002-04-29,Bread sticks
0.0,2.99,0.0,0.0,2002-04-30,Bread sticks
0.0,2.99,0.0,0.0,2002-05-01,Bread sticks
0.0,2.99,0.0,0.0,2002-05-02,Bread sticks
0.0,2.99,0.0,0.0,2002-05-03,Bread sticks
0.0,2.99,0.0,0.0,2002-05-04,Bread sticks
0.0,2.99,0.0,0.0,2002-05-05,Bread sticks
0.0,2.99,0.0,0.0,2002-05-06,Bread sticks
0.0,2.99,0.0,0.0,2002-05-07,Bread sticks
0.0,2.99,0.0,1.0,2002-05-08,Bread sticks
0.0,2.99,0.0,1.0,2002-05-09,Bread sticks
0.0,2.99,0.0,1.0,2002-05-10,Bread sticks
0.0,2.99,0.0,1.0,2002-05-11,Bread sticks
0.0,2.99,0.0,1.0,2002-05-12,Bread sticks
0.0,2.99,0.0,1.0,2002-05-13,Bread sticks
0.0,2.99,0.0,1.0,2002-05-14,Bread sticks
0.0,2.99,0.0,0.0,2002-05-15,Bread sticks
0.0,2.99,0.0,0.0,2002-05-16,Bread sticks
0.0,2.99,0.0,0.0,2002-05-17,Bread sticks
0.0,2.99,0.0,0.0,2002-05-18,Bread sticks
0.0,2.99,0.0,0.0,2002-05-19,Bread sticks
0.0,2.99,0.0,0.0,2002-05-20,Bread sticks
0.0,2.99,0.0,0.0,2002-05-21,Bread sticks
0.0,2.99,0.0,1.0,2002-05-22,Bread sticks
0.0,2.99,0.0,1.0,2002-05-23,Bread sticks
0.0,2.99,0.0,1.0,2002-05-24,Bread sticks
0.0,2.99,0.0,1.0,2002-05-25,Bread sticks
0.0,2.99,0.0,1.0,2002-05-26,Bread sticks
0.0,2.99,0.0,1.0,2002-05-27,Bread sticks
0.0,2.99,0.0,1.0,2002-05-28,Bread sticks
0.0,2.99,0.0,0.0,2002-05-29,Bread sticks
0.0,2.99,0.0,0.0,2002-05-30,Bread sticks
0.0,2.99,0.0,0.0,2002-05-31,Bread sticks
0.0,2.99,0.0,0.0,2002-06-01,Bread sticks
0.0,2.99,0.0,0.0,2002-06-02,Bread sticks
0.0,2.99,0.0,0.0,2002-06-03,Bread sticks
0.0,2.99,0.0,0.0,2002-06-04,Bread sticks
0.0,2.99,0.0,0.0,2002-06-05,Bread sticks
0.0,2.99,0.0,0.0,2002-06-06,Bread sticks
0.0,2.99,0.0,0.0,2002-06-07,Bread sticks
0.0,2.99,0.0,0.0,2002-06-08,Bread sticks
0.0,2.99,0.0,0.0,2002-06-09,Bread sticks
0.0,2.99,0.0,0.0,2002-06-10,Bread sticks
0.0,2.99,0.0,0.0,2002-06-11,Bread sticks
0.0,2.99,0.0,1.0,2002-06-12,Bread sticks
0.0,2.99,0.0,1.0,2002-06-13,Bread sticks
0.0,2.99,0.0,1.0,2002-06-14,Bread sticks
0.0,2.99,0.0,1.0,2002-06-15,Bread sticks
0.0,2.99,0.0,1.0,2002-06-16,Bread sticks
0.0,2.99,0.0,1.0,2002-06-17,Bread sticks
0.0,2.99,0.0,1.0,2002-06-18,Bread sticks
0.0,2.99,0.0,0.0,2002-06-19,Bread sticks
0.0,2.99,0.0,0.0,2002-06-20,Bread sticks
0.0,2.99,0.0,0.0,2002-06-21,Bread sticks
0.0,2.99,0.0,0.0,2002-06-22,Bread sticks
0.0,2.99,0.0,0.0,2002-06-23,Bread sticks
0.0,2.99,0.0,0.0,2002-06-24,Bread sticks
0.0,2.99,0.0,0.0,2002-06-25,Bread sticks
0.0,2.99,0.0,0.0,2002-06-26,Bread sticks
0.0,2.99,0.0,0.0,2002-06-27,Bread sticks
0.0,2.99,0.0,0.0,2002-06-28,Bread sticks
0.0,2.99,0.0,0.0,2002-06-29,Bread sticks
0.0,2.99,0.0,0.0,2002-06-30,Bread sticks
0.0,2.99,0.0,0.0,2002-07-01,Bread sticks
0.0,2.99,0.0,0.0,2002-07-02,Bread sticks
0.0,2.99,0.0,1.0,2002-07-03,Bread sticks
0.0,2.99,0.0,1.0,2002-07-04,Bread sticks
0.0,2.99,0.0,1.0,2002-07-05,Bread sticks
0.0,2.99,0.0,1.0,2002-07-06,Bread sticks
0.0,2.99,0.0,1.0,2002-07-07,Bread sticks
0.0,2.99,0.0,1.0,2002-07-08,Bread sticks
0.0,2.99,0.0,1.0,2002-07-09,Bread sticks
0.0,2.99,0.0,0.0,2002-07-10,Bread sticks
0.0,2.99,0.0,0.0,2002-07-11,Bread sticks
0.0,2.99,0.0,0.0,2002-07-12,Bread sticks
0.0,2.99,0.0,0.0,2002-07-13,Bread sticks
0.0,2.99,0.0,0.0,2002-07-14,Bread sticks
0.0,2.99,0.0,0.0,2002-07-15,Bread sticks
0.0,2.99,0.0,0.0,2002-07-16,Bread sticks
0.0,2.99,0.0,0.0,2002-07-17,Bread sticks
0.0,2.99,0.0,0.0,2002-07-18,Bread sticks
0.0,2.99,0.0,0.0,2002-07-19,Bread sticks
0.0,2.99,0.0,0.0,2002-07-20,Bread sticks
0.0,2.99,0.0,0.0,2002-07-21,Bread sticks
0.0,2.99,0.0,0.0,2002-07-22,Bread sticks
0.0,2.99,0.0,0.0,2002-07-23,Bread sticks
0.0,2.99,0.0,0.0,2002-07-24,Bread sticks
0.0,2.99,0.0,0.0,2002-07-25,Bread sticks
0.0,2.99,0.0,0.0,2002-07-26,Bread sticks
0.0,2.99,0.0,0.0,2002-07-27,Bread sticks
0.0,2.99,0.0,0.0,2002-07-28,Bread sticks
0.0,2.99,0.0,0.0,2002-07-29,Bread sticks
0.0,2.99,0.0,0.0,2002-07-30,Bread sticks
0.0,2.99,0.0,0.0,2002-07-31,Bread sticks
0.0,2.99,0.0,0.0,2002-08-01,Bread sticks
0.0,2.99,0.0,0.0,2002-08-02,Bread sticks
0.0,2.99,0.0,0.0,2002-08-03,Bread sticks
0.0,2.99,0.0,0.0,2002-08-04,Bread sticks
0.0,2.99,0.0,0.0,2002-08-05,Bread sticks
0.0,2.99,0.0,0.0,2002-08-06,Bread sticks
0.0,2.99,0.0,0.0,2002-08-07,Bread sticks
0.0,2.99,0.0,0.0,2002-08-08,Bread sticks
0.0,2.99,0.0,0.0,2002-08-09,Bread sticks
0.0,2.99,0.0,0.0,2002-08-10,Bread sticks
0.0,2.99,0.0,0.0,2002-08-11,Bread sticks
0.0,2.99,0.0,0.0,2002-08-12,Bread sticks
0.0,2.99,0.0,0.0,2002-08-13,Bread sticks
0.0,2.99,0.0,0.0,2002-08-14,Bread sticks
0.0,2.99,0.0,0.0,2002-08-15,Bread sticks
0.0,2.99,0.0,0.0,2002-08-16,Bread sticks
0.0,2.99,0.0,0.0,2002-08-17,Bread sticks
0.0,2.99,0.0,0.0,2002-08-18,Bread sticks
0.0,2.99,0.0,0.0,2002-08-19,Bread sticks
0.0,2.99,0.0,0.0,2002-08-20,Bread sticks
0.0,2.99,0.0,0.0,2002-08-21,Bread sticks
0.0,2.99,0.0,0.0,2002-08-22,Bread sticks
0.0,2.99,0.0,0.0,2002-08-23,Bread sticks
0.0,2.99,0.0,0.0,2002-08-24,Bread sticks
0.0,2.99,0.0,0.0,2002-08-25,Bread sticks
0.0,2.99,0.0,0.0,2002-08-26,Bread sticks
0.0,2.99,0.0,0.0,2002-08-27,Bread sticks
0.0,2.99,0.0,1.0,2002-08-28,Bread sticks
0.0,2.99,0.0,1.0,2002-08-29,Bread sticks
0.0,2.99,0.0,1.0,2002-08-30,Bread sticks
0.0,2.99,0.0,1.0,2002-08-31,Bread sticks
0.0,2.99,0.0,1.0,2002-09-01,Bread sticks
0.0,2.99,0.0,1.0,2002-09-02,Bread sticks
0.0,2.99,0.0,1.0,2002-09-03,Bread sticks
0.0,2.99,0.0,0.0,2002-09-04,Bread sticks
0.0,2.99,0.0,0.0,2002-09-05,Bread sticks
0.0,2.99,0.0,0.0,2002-09-06,Bread sticks
0.0,2.99,0.0,0.0,2002-09-07,Bread sticks
0.0,2.99,0.0,0.0,2002-09-08,Bread sticks
0.0,2.99,0.0,0.0,2002-09-09,Bread sticks
0.0,2.99,0.0,0.0,2002-09-10,Bread sticks
0.0,2.99,0.0,0.0,2002-09-11,Bread sticks
0.0,2.99,0.0,0.0,2002-09-12,Bread sticks
0.0,2.99,0.0,0.0,2002-09-13,Bread sticks
0.0,2.99,0.0,0.0,2002-09-14,Bread sticks
0.0,2.99,0.0,0.0,2002-09-15,Bread sticks
0.0,2.99,0.0,0.0,2002-09-16,Bread sticks
0.0,2.99,0.0,0.0,2002-09-17,Bread sticks
0.0,2.99,0.0,0.0,2002-09-18,Bread sticks
0.0,2.99,0.0,0.0,2002-09-19,Bread sticks
0.0,2.99,0.0,0.0,2002-09-20,Bread sticks
0.0,2.99,0.0,0.0,2002-09-21,Bread sticks
0.0,2.99,0.0,0.0,2002-09-22,Bread sticks
0.0,2.99,0.0,0.0,2002-09-23,Bread sticks
0.0,2.99,0.0,0.0,2002-09-24,Bread sticks
0.0,2.99,0.0,0.0,2002-09-25,Bread sticks
0.0,2.99,0.0,0.0,2002-09-26,Bread sticks
0.0,2.99,0.0,0.0,2002-09-27,Bread sticks
0.0,2.99,0.0,0.0,2002-09-28,Bread sticks
0.0,2.99,0.0,0.0,2002-09-29,Bread sticks
0.0,2.99,0.0,0.0,2002-09-30,Bread sticks
0.0,2.99,0.0,0.0,2002-10-01,Bread sticks
0.0,2.99,0.0,0.0,2002-10-02,Bread sticks
0.0,2.99,0.0,0.0,2002-10-03,Bread sticks
0.0,2.99,0.0,0.0,2002-10-04,Bread sticks
0.0,2.99,0.0,0.0,2002-10-05,Bread sticks
0.0,2.99,0.0,0.0,2002-10-06,Bread sticks
0.0,2.99,0.0,0.0,2002-10-07,Bread sticks
0.0,2.99,0.0,0.0,2002-10-08,Bread sticks
0.0,2.99,0.0,0.0,2002-10-09,Bread sticks
0.0,2.99,0.0,0.0,2002-10-10,Bread sticks
0.0,2.99,0.0,0.0,2002-10-11,Bread sticks
0.0,2.99,0.0,0.0,2002-10-12,Bread sticks
0.0,2.99,0.0,0.0,2002-10-13,Bread sticks
0.0,2.99,0.0,0.0,2002-10-14,Bread sticks
0.0,2.99,0.0,0.0,2002-10-15,Bread sticks
0.0,2.99,0.0,0.0,2002-10-16,Bread sticks
0.0,2.99,0.0,0.0,2002-10-17,Bread sticks
0.0,2.99,0.0,0.0,2002-10-18,Bread sticks
0.0,2.99,0.0,0.0,2002-10-19,Bread sticks
0.0,2.99,0.0,0.0,2002-10-20,Bread sticks
0.0,2.99,0.0,0.0,2002-10-21,Bread sticks
0.0,2.99,0.0,0.0,2002-10-22,Bread sticks
0.0,2.99,0.0,0.0,2002-10-23,Bread sticks
0.0,2.99,0.0,0.0,2002-10-24,Bread sticks
0.0,2.99,0.0,0.0,2002-10-25,Bread sticks
0.0,2.99,0.0,0.0,2002-10-26,Bread sticks
0.0,2.99,0.0,0.0,2002-10-27,Bread sticks
0.0,2.99,0.0,0.0,2002-10-28,Bread sticks
0.0,2.99,0.0,0.0,2002-10-29,Bread sticks
0.0,2.99,0.0,1.0,2002-10-30,Bread sticks
0.0,2.99,0.0,1.0,2002-10-31,Bread sticks
0.0,2.99,0.0,1.0,2002-11-01,Bread sticks
0.0,2.99,0.0,1.0,2002-11-02,Bread sticks
0.0,2.99,0.0,1.0,2002-11-03,Bread sticks
