csv/SAS provided CSV/SNACKS.csv
QtySold,Price,Advertised,Holiday,Date,Product
0.0,2.99,0.0,0.0,2004-01-15,Bread sticks
0.0,2.99,0.0,0.0,2004-01-16,Bread sticks
0.0,2.99,0.0,0.0,2004-01-17,Bread sticks
0.0,2.99,0.0,0.0,2004-01-18,Bread sticks
0.0,2.99,0.0,0.0,2004-01-19,Bread sticks
0.0,2.99,0.0,0.0,2004-01-20,Bread sticks
0.0,2.99,0.0,0.0,2004-01-21,Bread sticks
0.0,2.99,0.0,0.0,2004-01-22,Bread sticks
0.0,2.99,0.0,0.0,2004-01-23,Bread sticks
0.0,2.99,0.0,0.0,2004-01-24,Bread sticks
0.0,2.99,0.0,0.0,2004-01-25,Bread sticks
0.0,2.99,0.0,0.0,2004-01-26,Bread sticks
0.0,2.99,0.0,0.0,2004-01-27,Bread sticks
0.0,2.99,0.0,1.0,2004-01-28,Bread sticks
0.0,2.99,0.0,1.0,2004-01-29,Bread sticks
0.0,2.99,0.0,1.0,2004-01-30,Bread sticks
0.0,2.99,0.0,1.0,2004-01-31,Bread sticks
0.0,2.99,0.0,1.0,2004-02-01,Bread sticks
0.0,2.99,0.0,1.0,2004-02-02,Bread sticks
0.0,2.99,0.0,1.0,2004-02-03,Bread sticks
0.0,2.99,0.0,0.0,2004-02-04,Bread sticks
0.0,2.99,0.0,0.0,2004-02-05,Bread sticks
0.0,2.99,0.0,0.0,2004-02-06,Bread sticks
0.0,2.99,0.0,0.0,2004-02-07,Bread sticks
0.0,2.99,0.0,0.0,2004-02-08,Bread sticks
0.0,2.99,0.0,0.0,2004-02-09,Bread sticks
0.0,2.99,0.0,0.0,2004-02-10,Bread sticks
0.0,2.99,0.0,1.0,2004-02-11,Bread sticks
0.0,2.99,0.0,1.0,2004-02-12,Bread sticks
0.0,2.99,0.0,1.0,2004-02-13,Bread sticks
0.0,2.99,0.0,1.0,2004-02-14,Bread sticks
0.0,2.99,0.0,1.0,2004-02-15,Bread sticks
0.0,2.99,0.0,1.0,2004-02-16,Bread sticks
0.0,2.99,0.0,1.0,2004-02-17,Bread sticks
0.0,2.99,0.0,0.0,2004-02-18,Bread sticks
0.0,2.99,0.0,0.0,2004-02-19,Bread sticks
0.0,2.99,0.0,0.0,2004-02-20,Bread sticks
0.0,2.99,0.0,0.0,2004-02-21,Bread sticks
0.0,2.99,0.0,0.0,2004-02-22,Bread sticks
0.0,2.99,0.0,0.0,2004-02-23,Bread sticks
0.0,2.99,0.0,0.0,2004-02-24,Bread sticks
0.0,2.99,0.0,0.0,2004-02-25,Bread sticks
0.0,2.99,0.0,0.0,2004-02-26,Bread sticks
0.0,2.99,0.0,0.0,2004-02-27,Bread sticks
0.0,2.99,0.0,0.0,2004-02-28,Bread sticks
0.0,2.99,0.0,0.0,2004-02-29,Bread sticks
0.0,2.99,0.0,0.0,2004-03-01,Bread sticks
0.0,2.99,0.0,0.0,2004-03-02,Bread sticks
0.0,2.99,0.0,0.0,2004-03-03,Bread sticks
0.0,2.99,0.0,0.0,2004-03-04,Bread sticks
0.0,2.99,0.0,0.0,2004-03-05,Bread sticks
0.0,2.99,0.0,0.0,2004-03-06,Bread sticks
0.0,2.99,0.0,0.0,2004-03-07,Bread sticks
0.0,2.99,0.0,1.0,2004-03-08,Bread sticks
0.0,2.99,0.0,1.0,2004-03-09,Bread sticks
0.0,2.99,0.0,0.0,2004-03-10,Bread sticks
0.0,2.99,0.0,0.0,2004-03-11,Bread sticks
0.0,2.99,0.0,0.0,2004-03-12,Bread sticks
0.0,2.99,0.0,0.0,2004-03-13,Bread sticks
0.0,2.99,0.0,0.0,2004-03-14,Bread sticks
0.0,2.99,0.0,0.0,2004-03-15,Bread sticks
0.0,2.99,0.0,0.0,2004-03-16,Bread sticks
2.0,2.49,0.0,0.0,2004-03-17,Bread sticks
2.0,2.49,0.0,0.0,2004-03-18,Bread sticks
2.0,2.49,0.0,0.0,2004-03-19,Bread sticks
1.0,2.49,0.0,0.0,2004-03-20,Bread sticks
0.0,2.49,0.0,0.0,2004-03-21,Bread sticks
0.0,2.49,0.0,0.0,2004-03-22,Bread sticks
0.0,2.49,0.0,0.0,2004-03-23,Bread sticks
0.0,2.49,0.0,0.0,2004-03-24,Bread sticks
0.0,2.49,0.0,0.0,2004-03-25,Bread sticks
0.0,2.49,0.0,0.0,2004-03-26,Bread sticks
0.0,2.49,0.0,0.0,2004-03-27,Bread sticks
1.0,2.49,0.0,0.0,2004-03-28,Bread sticks
3.0,2.49,0.0,0.0,2004-03-29,Bread sticks
0.0,2.49,0.0,0.0,2004-03-30,Bread sticks
0.0,2.49,0.0,1.0,2004-03-31,Bread sticks
0.0,2.49,0.0,1.0,2004-04-01,Bread sticks
2.0,2.49,0.0,1.0,2004-04-02,Bread sticks
4.0,2.49,0.0,1.0,2004-04-03,Bread sticks
0.0,2.49,0.0,1.0,2004-04-04,Bread sticks
0.0,2.49,0.0,1.0,2004-04-05,Bread sticks
0.0,2.49,0.0,1.0,2004-04-06,Bread sticks
3.0,2.49,0.0,1.0,2004-04-07,Bread sticks
1.0,2.49,0.0,1.0,2004-04-08,Bread sticks
3.0,2.49,0.0,1.0,2004-04-09,Bread sticks
4.0,2.49,0.0,1.0,2004-04-10,Bread sticks
0.0,2.49,0.0,1.0,2004-04-11,Bread sticks
4.0,2.49,0.0,1.0,2004-04-12,Bread sticks
0.0,2.49,0.0,1.0,2004-04-13,Bread sticks
1.0,2.49,0.0,0.0,2004-04-14,Bread sticks
2.0,2.49,0.0,0.0,2004-04-15,Bread sticks
4.0,2.49,0.0,0.0,2004-04-16,Bread sticks
1.0,2.49,0.0,0.0,2004-04-17,Bread sticks
0.0,2.49,0.0,0.0,2004-04-18,Bread sticks
0.0,2.49,0.0,0.0,2004-04-19,Bread sticks
1.0,2.49,0.0,0.0,2004-04-20,Bread sticks
3.0,2.49,0.0,0.0,2004-04-21,Bread sticks
3.0,2.49,0.0,0.0,2004-04-22,Bread sticks
4.0,2.49,0.0,0.0,2004-04-23,Bread sticks
1.0,2.49,0.0,0.0,2004-04-24,Bread sticks
0.0,2.49,0.0,0.0,2004-04-25,Bread sticks
0.0,2.49,0.0,0.0,2004-04-26,Bread sticks
0.0,2.49,0.0,0.0,2004-04-27,Bread sticks
8.0,1.99,1.0,0.0,2004-04-28,Bread sticks
6.0,1.99,1.0,0.0,2004-04-29,Bread sticks
7.0,1.99,1.0,0.0,2004-04-30,Bread sticks
2.0,1.99,1.0,0.0,2004-05-01,Bread sticks
0.0,1.99,0.0,0.0,2004-05-02,Bread sticks
7.0,1.99,1.0,0.0,2004-05-03,Bread sticks
2.0,1.99,1.0,0.0,2004-05-04,Bread sticks
0.0,1.99,0.0,1.0,2004-05-05,Bread sticks
1.0,2.49,0.0,1.0,2004-05-06,Bread sticks
3.0,2.49,0.0,1.0,2004-05-07,Bread sticks
4.0,2.49,0.0,1.0,2004-05-08,Bread sticks
4.0,2.49,0.0,1.0,2004-05-09,Bread sticks
2.0,2.49,0.0,1.0,2004-05-10,Bread sticks
0.0,2.49,0.0,1.0,2004-05-11,Bread sticks
0.0,2.49,0.0,0.0,2004-05-12,Bread sticks
2.0,2.49,0.0,0.0,2004-05-13,Bread sticks
3.0,2.49,0.0,0.0,2004-05-14,Bread sticks
2.0,2.49,0.0,0.0,2004-05-15,Bread sticks
1.0,2.49,0.0,0.0,2004-05-16,Bread sticks
2.0,2.49,0.0,0.0,2004-05-17,Bread sticks
3.0,2.49,0.0,0.0,2004-05-18,Bread sticks
0.0,2.49,0.0,0.0,2004-05-19,Bread sticks
0.0,2.49,0.0,0.0,2004-05-20,Bread sticks
0.0,2.49,0.0,0.0,2004-05-21,Bread sticks
1.0,2.49,0.0,0.0,2004-05-22,Bread sticks
5.0,2.49,0.0,0.0,2004-05-23,Bread sticks
1.0,2.49,0.0,0.0,2004-05-24,Bread sticks
4.0,2.49,0.0,0.0,2004-05-25,Bread sticks
3.0,2.49,0.0,1.0,2004-05-26,Bread sticks
1.0,2.49,0.0,1.0,2004-05-27,Bread sticks
4.0,2.49,0.0,1.0,2004-05-28,Bread sticks
2.0,2.49,0.0,1.0,2004-05-29,Bread sticks
0.0,2.49,0.0,1.0,2004-05-30,Bread sticks
2.0,2.49,0.0,1.0,2004-05-31,Bread sticks
4.0,2.49,0.0,1.0,2004-06-01,Bread sticks
0.0,2.49,0.0,0.0,2004-06-02,Bread sticks
4.0,2.49,0.0,0.0,2004-06-03,Bread sticks
1.0,2.49,0.0,0.0,2004-06-04,Bread sticks
2.0,2.49,0.0,0.0,2004-06-05,Bread sticks
3.0,2.49,0.0,0.0,2004-06-06,Bread sticks
1.0,2.49,0.0,0.0,2004-06-07,Bread sticks
0.0,2.49,0.0,0.0,2004-06-08,Bread sticks
4.0,2.49,0.0,0.0,2004-06-09,Bread sticks
1.0,2.49,0.0,0.0,2004-06-10,Bread sticks
2.0,2.49,0.0,0.0,2004-06-11,Bread sticks
4.0,2.49,0.0,0.0,2004-06-12,Bread sticks
6.0,2.49,0.0,0.0,2004-06-13,Bread sticks
2.0,2.49,0.0,0.0,2004-06-14,Bread sticks
0.0,2.49,0.0,0.0,2004-06-15,Bread sticks
0.0,2.49,0.0,1.0,2004-06-16,Bread sticks
0.0,2.49,0.0,1.0,2004-06-17,Bread sticks
0.0,2.49,0.0,1.0,2004-06-18,Bread sticks
3.0,2.99,0.0,1.0,2004-06-19,Bread sticks
4.0,2.99,0.0,1.0,2004-06-20,Bread sticks
3.0,2.99,0.0,1.0,2004-06-21,Bread sticks
1.0,2.99,0.0,1.0,2004-06-22,Bread sticks
1.0,2.99,0.0,0.0,2004-06-23,Bread sticks
1.0,2.99,0.0,0.0,2004-06-24,Bread sticks
4.0,2.99,0.0,0.0,2004-06-25,Bread sticks
1.0,2.99,0.0,0.0,2004-06-26,Bread sticks
0.0,2.99,0.0,0.0,2004-06-27,Bread sticks
0.0,2.99,0.0,0.0,2004-06-28,Bread sticks
0.0,2.99,0.0,0.0,2004-06-29,Bread sticks
0.0,2.99,0.0,1.0,2004-06-30,Bread sticks
2.0,2.99,0.0,1.0,2004-07-01,Bread sticks
2.0,2.99,0.0,1.0,2004-07-02,Bread sticks
2.0,2.99,0.0,1.0,2004-07-03,Bread sticks
2.0,2.99,0.0,1.0,2004-07-04,Bread sticks
2.0,2.99,0.0,1.0,2004-07-05,Bread sticks
0.0,2.99,0.0,1.0,2004-07-06,Bread sticks
2.0,2.99,0.0,0.0,2004-07-07,Bread sticks
1.0,2.99,0.0,0.0,2004-07-08,Bread sticks
0.0,2.99,0.0,0.0,2004-07-09,Bread sticks
0.0,2.99,0.0,0.0,2004-07-10,Bread sticks
2.0,2.99,0.0,0.0,2004-07-11,Bread sticks
0.0,2.99,0.0,0.0,2004-07-12,Bread sticks
1.0,2.99,0.0,0.0,2004-07-13,Bread sticks
0.0,2.99,0.0,0.0,2004-07-14,Bread sticks
0.0,2.99,0.0,0.0,2004-07-15,Bread sticks
2.0,2.99,0.0,0.0,2004-07-16,Bread sticks
4.0,2.99,0.0,0.0,2004-07-17,Bread sticks
3.0,2.99,0.0,0.0,2004-07-18,Bread sticks
0.0,2.99,0.0,0.0,2004-07-19,Bread sticks
4.0,2.99,0.0,0.0,2004-07-20,Bread sticks
1.0,2.99,0.0,0.0,2004-07-21,Bread sticks
1.0,2.99,0.0,0.0,2004-07-22,Bread sticks
0.0,2.99,0.0,0.0,2004-07-23,Bread sticks
0.0,2.99,0.0,0.0,2004-07-24,Bread sticks
0.0,2.99,0.0,0.0,2004-07-25,Bread sticks
0.0,2.99,0.0,0.0,2004-07-26,Bread sticks
2.0,2.99,0.0,0.0,2004-07-27,Bread sticks
3.0,2.99,0.0,0.0,2004-07-28,Bread sticks
4.0,2.99,0.0,0.0,2004-07-29,Bread sticks
1.0,2.99,0.0,0.0,2004-07-30,Bread sticks
2.0,2.99,0.0,0.0,2004-07-31,Bread sticks
0.0,2.99,0.0,0.0,2004-08-01,Bread sticks
1.0,2.99,0.0,0.0,2004-08-02,Bread sticks
2.0,2.99,0.0,0.0,2004-08-03,Bread sticks
1.0,2.99,0.0,0.0,2004-08-04,Bread sticks
1.0,2.99,0.0,0.0,2004-08-05,Bread sticks
2.0,2.99,0.0,0.0,2004-08-06,Bread sticks
0.0,2.99,0.0,0.0,2004-08-07,Bread sticks
0.0,2.99,0.0,0.0,2004-08-08,Bread sticks
0.0,2.99,0.0,0.0,2004-08-09,Bread sticks
0.0,2.99,0.0,0.0,2004-08-10,Bread sticks
0.0,2.99,0.0,0.0,2004-08-11,Bread sticks
0.0,2.99,0.0,0.0,2004-08-12,Bread sticks
0.0,2.99,0.0,0.0,2004-08-13,Bread sticks
0.0,2.99,0.0,0.0,2004-08-14,Bread sticks
0.0,2.99,0.0,0.0,2004-08-15,Bread sticks
0.0,2.99,0.0,0.0,2004-08-16,Bread sticks
4.0,2.99,0.0,0.0,2004-08-17,Bread sticks
2.0,2.99,0.0,0.0,2004-08-18,Bread sticks
6.0,2.99,0.0,0.0,2004-08-19,Bread sticks
0.0,2.99,0.0,0.0,2004-08-20,Bread sticks
5.0,2.99,0.0,0.0,2004-08-21,Bread sticks
2.0,2.99,0.0,0.0,2004-08-22,Bread sticks
1.0,2.99,0.0,0.0,2004-08-23,Bread sticks
0.0,2.99,0.0,0.0,2004-08-24,Bread sticks
4.0,2.49,1.0,0.0,2004-08-25,Bread sticks
6.0,2.49,1.0,0.0,2004-08-26,Bread sticks
3.0,2.49,1.0,0.0,2004-08-27,Bread sticks
8.0,2.49,1.0,0.0,2004-08-28,Bread sticks
5.0,2.49,1.0,0.0,2004-08-29,Bread sticks
4.0,2.49,1.0,0.0,2004-08-30,Bread sticks
4.0,2.49,1.0,0.0,2004-08-31,Bread sticks
1.0,2.99,0.0,1.0,2004-09-01,Bread sticks
0.0,2.99,0.0,1.0,2004-09-02,Bread sticks
3.0,2.99,0.0,1.0,2004-09-03,Bread sticks
5.0,2.99,0.0,1.0,2004-09-04,Bread sticks
2.0,2.99,0.0,1.0,2004-09-05,Bread sticks
3.0,2.99,0.0,1.0,2004-09-06,Bread sticks
1.0,2.99,0.0,1.0,2004-09-07,Bread sticks
3.0,2.99,0.0,0.0,2004-09-08,Bread sticks
0.0,2.99,0.0,0.0,2004-09-09,Bread sticks
6.0,2.99,0.0,0.0,2004-09-10,Bread sticks
3.0,2.99,0.0,0.0,2004-09-11,Bread sticks
3.0,2.99,0.0,0.0,2004-09-12,Bread sticks
2.0,2.99,0.0,0.0,2004-09-13,Bread sticks
0.0,2.99,0.0,0.0,2004-09-14,Bread sticks
2.0,2.99,0.0,0.0,2004-09-15,Bread sticks
3.0,2.99,0.0,0.0,2004-09-16,Bread sticks
0.0,2.99,0.0,0.0,2004-09-17,Bread sticks
4.0,2.99,0.0,0.0,2004-09-18,Bread sticks
3.0,2.99,0.0,0.0,2004-09-19,Bread sticks
4.0,2.99,0.0,0.0,2004-09-20,Bread sticks
2.0,2.99,0.0,0.0,2004-09-21,Bread sticks
1.0,2.99,0.0,0.0,2004-09-22,Bread sticks
0.0,2.99,0.0,0.0,2004-09-23,Bread sticks
3.0,2.99,0.0,0.0,2004-09-24,Bread sticks
0.0,2.99,0.0,0.0,2004-09-25,Bread sticks
4.0,2.99,0.0,0.0,2004-09-26,Bread sticks
1.0,2.99,0.0,0.0,2004-09-27,Bread sticks
0.0,2.99,0.0,0.0,2004-09-28,Bread sticks
0.0,2.99,0.0,0.0,2004-09-29,Bread sticks
0.0,2.99,0.0,0.0,2004-09-30,Bread sticks
0.0,2.99,0.0,0.0,2004-10-01,Bread sticks
2.0,2.99,0.0,0.0,2004-10-02,Bread sticks
1.0,2.99,0.0,0.0,2004-10-03,Bread sticks
0.0,2.99,0.0,0.0,2004-10-04,Bread sticks
1.0,2.99,0.0,0.0,2004-10-05,Bread sticks
4.0,2.49,1.0,0.0,2004-10-06,Bread sticks
4.0,2.49,1.0,0.0,2004-10-07,Bread sticks
11.0,2.49,1.0,0.0,2004-10-08,Bread sticks
5.0,2.49,1.0,0.0,2004-10-09,Bread sticks
10.0,2.49,1.0,0.0,2004-10-10,Bread sticks
6.0,2.49,1.0,0.0,2004-10-11,Bread sticks
0.0,2.49,0.0,0.0,2004-10-12,Bread sticks
0.0,2.49,0.0,0.0,2004-10-13,Bread sticks
2.0,2.99,0.0,0.0,2004-10-14,Bread sticks
5.0,2.99,0.0,0.0,2004-10-15,Bread sticks
3.0,2.99,0.0,0.0,2004-10-16,Bread sticks
2.0,2.99,0.0,0.0,2004-10-17,Bread sticks
2.0,2.99,0.0,0.0,2004-10-18,Bread sticks
11.0,0.99,0.0,0.0,2002-01-01,Buttery popcorn
13.64,0.99,0.0,0.0,2002-01-02,Buttery popcorn
6.0,0.99,0.0,0.0,2002-01-03,Buttery popcorn
16.0,0.99,0.0,0.0,2002-01-04,Buttery popcorn
24.0,0.99,0.0,0.0,2002-01-05,Buttery popcorn
0.0,0.99,0.0,0.0,2002-01-06,Buttery popcorn
0.0,0.99,0.0,0.0,2002-01-07,Buttery popcorn
15.0,0.99,0.0,0.0,2002-01-08,Buttery popcorn
11.0,0.99,0.0,0.0,2002-01-09,Buttery popcorn
11.0,0.99,0.0,0.0,2002-01-10,Buttery popcorn
10.0,0.99,0.0,0.0,2002-01-11,Buttery popcorn
26.0,0.99,0.0,0.0,2002-01-12,Buttery popcorn
18.0,0.99,0.0,0.0,2002-01-13,Buttery popcorn
14.0,0.99,0.0,0.0,2002-01-14,Buttery popcorn
14.0,0.99,0.0,0.0,2002-01-15,Buttery popcorn
10.0,0.99,0.0,0.0,2002-01-16,Buttery popcorn
19.0,0.99,0.0,0.0,2002-01-17,Buttery popcorn
22.0,0.99,0.0,0.0,2002-01-18,Buttery popcorn
12.0,0.99,0.0,0.0,2002-01-19,Buttery popcorn
12.0,0.99,0.0,0.0,2002-01-20,Buttery popcorn
0.0,0.99,0.0,0.0,2002-01-21,Buttery popcorn
11.0,0.99,0.0,0.0,2002-01-22,Buttery popcorn
14.0,0.99,0.0,0.0,2002-01-23,Buttery popcorn
11.0,0.99,0.0,0.0,2002-01-24,Buttery popcorn
17.0,0.99,0.0,0.0,2002-01-25,Buttery popcorn
16.0,0.99,0.0,0.0,2002-01-26,Buttery popcorn
16.0,0.99,0.0,0.0,2002-01-27,Buttery popcorn
12.0,0.99,0.0,0.0,2002-01-28,Buttery popcorn
9.0,0.99,0.0,0.0,2002-01-29,Buttery popcorn
11.0,0.99,0.0,1.0,2002-01-30,Buttery popcorn
11.0,0.99,0.0,1.0,2002-01-31,Buttery popcorn
13.0,0.99,0.0,1.0,2002-02-01,Buttery popcorn
20.0,0.99,0.0,1.0,2002-02-02,Buttery popcorn
12.0,0.99,0.0,1.0,2002-02-03,Buttery popcorn
13.0,0.99,0.0,1.0,2002-02-04,Buttery popcorn
15.0,0.99,0.0,1.0,2002-02-05,Buttery popcorn
12.0,0.99,0.0,0.0,2002-02-06,Buttery popcorn
12.0,0.99,0.0,0.0,2002-02-07,Buttery popcorn
10.0,0.99,0.0,0.0,2002-02-08,Buttery popcorn
18.0,0.99,0.0,0.0,2002-02-09,Buttery popcorn
8.0,0.99,0.0,0.0,2002-02-10,Buttery popcorn
21.0,0.99,0.0,0.0,2002-02-11,Buttery popcorn
7.0,0.99,0.0,0.0,2002-02-12,Buttery popcorn
16.0,0.99,0.0,1.0,2002-02-13,Buttery popcorn
17.0,0.99,0.0,1.0,2002-02-14,Buttery popcorn
19.0,0.99,0.0,1.0,2002-02-15,Buttery popcorn
18.0,0.99,0.0,1.0,2002-02-16,Buttery popcorn
21.0,0.99,0.0,1.0,2002-02-17,Buttery popcorn
14.0,0.99,0.0,1.0,2002-02-18,Buttery popcorn
17.0,0.99,0.0,1.0,2002-02-19,Buttery popcorn
8.0,0.99,0.0,0.0,2002-02-20,Buttery popcorn
12.0,0.99,0.0,0.0,2002-02-21,Buttery popcorn
6.0,0.99,0.0,0.0,2002-02-22,Buttery popcorn
19.0,0.99,0.0,0.0,2002-02-23,Buttery popcorn
12.0,0.99,0.0,0.0,2002-02-24,Buttery popcorn
2.0,0.99,0.0,0.0,2002-02-25,Buttery popcorn
9.0,0.99,0.0,0.0,2002-02-26,Buttery popcorn
4.0,0.99,0.0,0.0,2002-02-27,Buttery popcorn
18.0,0.99,0.0,0.0,2002-02-28,Buttery popcorn
19.0,0.99,0.0,0.0,2002-03-01,Buttery popcorn
23.0,0.99,0.0,0.0,2002-03-02,Buttery popcorn
1.0,0.99,0.0,0.0,2002-03-03,Buttery popcorn
18.0,0.99,0.0,0.0,2002-03-04,Buttery popcorn
14.0,0.99,0.0,0.0,2002-03-05,Buttery popcorn
12.0,0.99,0.0,0.0,2002-03-06,Buttery popcorn
10.0,0.99,0.0,0.0,2002-03-07,Buttery popcorn
9.0,0.99,0.0,0.0,2002-03-08,Buttery popcorn
18.0,0.99,0.0,0.0,2002-03-09,Buttery popcorn
18.0,0.99,0.0,0.0,2002-03-10,Buttery popcorn
13.0,0.99,0.0,0.0,2002-03-11,Buttery popcorn
21.0,0.99,0.0,0.0,2002-03-12,Buttery popcorn
12.0,0.99,0.0,0.0,2002-03-13,Buttery popcorn
11.0,0.99,0.0,0.0,2002-03-14,Buttery popcorn
19.0,0.99,0.0,0.0,2002-03-15,Buttery popcorn
23.0,0.99,0.0,0.0,2002-03-16,Buttery popcorn
16.0,0.99,0.0,0.0,2002-03-17,Buttery popcorn
11.0,0.99,0.0,0.0,2002-03-18,Buttery popcorn
11.0,0.99,0.0,0.0,2002-03-19,Buttery popcorn
16.0,0.99,0.0,1.0,2002-03-20,Buttery popcorn
13.0,0.99,0.0,1.0,2002-03-21,Buttery popcorn
20.0,0.99,0.0,1.0,2002-03-22,Buttery popcorn
18.0,0.99,0.0,1.0,2002-03-23,Buttery popcorn
17.0,0.99,0.0,1.0,2002-03-24,Buttery popcorn
19.0,0.99,0.0,1.0,2002-03-25,Buttery popcorn
9.0,0.99,0.0,1.0,2002-03-26,Buttery popcorn
15.0,0.99,0.0,1.0,2002-03-27,Buttery popcorn
23.0,0.99,0.0,1.0,2002-03-28,Buttery popcorn
18.0,0.99,0.0,1.0,2002-03-29,Buttery popcorn
37.0,0.99,0.0,1.0,2002-03-30,Buttery popcorn
0.0,0.99,0.0,1.0,2002-03-31,Buttery popcorn
8.0,0.99,0.0,1.0,2002-04-01,Buttery popcorn
8.0,0.99,0.0,1.0,2002-04-02,Buttery popcorn
15.0,0.99,0.0,0.0,2002-04-03,Buttery popcorn
21.0,0.99,0.0,0.0,2002-04-04,Buttery popcorn
7.0,0.99,0.0,0.0,2002-04-05,Buttery popcorn
19.0,0.99,0.0,0.0,2002-04-06,Buttery popcorn
20.0,0.99,0.0,0.0,2002-04-07,Buttery popcorn
12.0,0.99,0.0,0.0,2002-04-08,Buttery popcorn
7.0,0.99,0.0,0.0,2002-04-09,Buttery popcorn
16.0,0.99,0.0,0.0,2002-04-10,Buttery popcorn
14.0,0.99,0.0,0.0,2002-04-11,Buttery popcorn
17.0,0.99,0.0,0.0,2002-04-12,Buttery popcorn
14.0,0.99,0.0,0.0,2002-04-13,Buttery popcorn
20.0,0.99,0.0,0.0,2002-04-14,Buttery popcorn
10.0,0.99,0.0,0.0,2002-04-15,Buttery popcorn
10.0,0.99,0.0,0.0,2002-04-16,Buttery popcorn
15.0,0.99,0.0,0.0,2002-04-17,Buttery popcorn
11.0,0.99,0.0,0.0,2002-04-18,Buttery popcorn
17.0,0.99,0.0,0.0,2002-04-19,Buttery popcorn
20.0,0.99,0.0,0.0,2002-04-20,Buttery popcorn
27.0,0.99,0.0,0.0,2002-04-21,Buttery popcorn
16.0,0.99,0.0,0.0,2002-04-22,Buttery popcorn
14.0,0.99,0.0,0.0,2002-04-23,Buttery popcorn
14.0,0.99,0.0,0.0,2002-04-24,Buttery popcorn
20.0,0.99,0.0,0.0,2002-04-25,Buttery popcorn
23.0,0.99,0.0,0.0,2002-04-26,Buttery popcorn
11.0,0.99,0.0,0.0,2002-04-27,Buttery popcorn
12.0,0.99,0.0,0.0,2002-04-28,Buttery popcorn
11.0,0.99,0.0,0.0,2002-04-29,Buttery popcorn
9.0,0.99,0.0,0.0,2002-04-30,Buttery popcorn
9.0,0.99,0.0,0.0,2002-05-01,Buttery popcorn
11.0,0.99,0.0,0.0,2002-05-02,Buttery popcorn
17.0,0.99,0.0,0.0,2002-05-03,Buttery popcorn
13.0,0.99,0.0,0.0,2002-05-04,Buttery popcorn
10.0,0.99,0.0,0.0,2002-05-05,Buttery popcorn
15.0,0.99,0.0,0.0,2002-05-06,Buttery popcorn
11.0,0.99,0.0,0.0,2002-05-07,Buttery popcorn
7.0,0.99,0.0,1.0,2002-05-08,Buttery popcorn
11.0,0.99,0.0,1.0,2002-05-09,Buttery popcorn
14.0,0.99,0.0,1.0,2002-05-10,Buttery popcorn
18.0,0.99,0.0,1.0,2002-05-11,Buttery popcorn
12.0,0.99,0.0,1.0,2002-05-12,Buttery popcorn
17.0,0.99,0.0,1.0,2002-05-13,Buttery popcorn
15.0,0.99,0.0,1.0,2002-05-14,Buttery popcorn
13.0,0.99,0.0,0.0,2002-05-15,Buttery popcorn
13.0,0.99,0.0,0.0,2002-05-16,Buttery popcorn
5.0,0.99,0.0,0.0,2002-05-17,Buttery popcorn
25.0,0.99,0.0,0.0,2002-05-18,Buttery popcorn
12.0,0.99,0.0,0.0,2002-05-19,Buttery popcorn
17.0,0.99,0.0,0.0,2002-05-20,Buttery popcorn
18.0,0.99,0.0,0.0,2002-05-21,Buttery popcorn
7.0,0.99,0.0,1.0,2002-05-22,Buttery popcorn
17.0,0.99,0.0,1.0,2002-05-23,Buttery popcorn
13.0,0.99,0.0,1.0,2002-05-24,Buttery popcorn
20.0,0.99,0.0,1.0,2002-05-25,Buttery popcorn
