csv/SAS provided CSV/SNACKS.csv
QtySold,Price,Advertised,Holiday,Date,Product
21.0,0.99,0.0,1.0,2002-05-26,Buttery popcorn
18.0,0.99,0.0,1.0,2002-05-27,Buttery popcorn
8.0,0.99,0.0,1.0,2002-05-28,Buttery popcorn
15.0,0.99,0.0,0.0,2002-05-29,Buttery popcorn
19.0,0.99,0.0,0.0,2002-05-30,Buttery popcorn
17.0,0.99,0.0,0.0,2002-05-31,Buttery popcorn
22.0,0.99,0.0,0.0,2002-06-01,Buttery popcorn
22.0,0.99,0.0,0.0,2002-06-02,Buttery popcorn
13.0,0.99,0.0,0.0,2002-06-03,Buttery popcorn
13.0,0.99,0.0,0.0,2002-06-04,Buttery popcorn
13.0,0.99,0.0,0.0,2002-06-05,Buttery popcorn
11.0,0.99,0.0,0.0,2002-06-06,Buttery popcorn
18.0,0.99,0.0,0.0,2002-06-07,Buttery popcorn
13.0,0.99,0.0,0.0,2002-06-08,Buttery popcorn
16.0,0.99,0.0,0.0,2002-06-09,Buttery popcorn
6.0,0.99,0.0,0.0,2002-06-10,Buttery popcorn
13.0,0.99,0.0,0.0,2002-06-11,Buttery popcorn
10.0,0.99,0.0,1.0,2002-06-12,Buttery popcorn
8.0,0.99,0.0,1.0,2002-06-13,Buttery popcorn
16.0,0.99,0.0,1.0,2002-06-14,Buttery popcorn
16.0,0.99,0.0,1.0,2002-06-15,Buttery popcorn
16.0,0.99,0.0,1.0,2002-06-16,Buttery popcorn
13.0,0.99,0.0,1.0,2002-06-17,Buttery popcorn
8.0,0.99,0.0,1.0,2002-06-18,Buttery popcorn
13.0,0.99,0.0,0.0,2002-06-19,Buttery popcorn
11.0,0.99,0.0,0.0,2002-06-20,Buttery popcorn
12.0,0.99,0.0,0.0,2002-06-21,Buttery popcorn
20.0,0.99,0.0,0.0,2002-06-22,Buttery popcorn
8.0,0.99,0.0,0.0,2002-06-23,Buttery popcorn
17.0,0.99,0.0,0.0,2002-06-24,Buttery popcorn
13.0,0.99,0.0,0.0,2002-06-25,Buttery popcorn
5.0,0.99,0.0,0.0,2002-06-26,Buttery popcorn
10.0,0.99,0.0,0.0,2002-06-27,Buttery popcorn
18.0,0.99,0.0,0.0,2002-06-28,Buttery popcorn
17.0,0.99,0.0,0.0,2002-06-29,Buttery popcorn
13.0,0.99,0.0,0.0,2002-06-30,Buttery popcorn
12.0,0.99,0.0,0.0,2002-07-01,Buttery popcorn
15.0,0.99,0.0,0.0,2002-07-02,Buttery popcorn
10.0,0.99,0.0,1.0,2002-07-03,Buttery popcorn
10.0,0.99,0.0,1.0,2002-07-04,Buttery popcorn
15.0,0.99,0.0,1.0,2002-07-05,Buttery popcorn
21.0,0.99,0.0,1.0,2002-07-06,Buttery popcorn
7.0,0.99,0.0,1.0,2002-07-07,Buttery popcorn
20.0,0.99,0.0,1.0,2002-07-08,Buttery popcorn
8.0,0.99,0.0,1.0,2002-07-09,Buttery popcorn
10.0,0.99,0.0,0.0,2002-07-10,Buttery popcorn
17.0,0.99,0.0,0.0,2002-07-11,Buttery popcorn
14.0,0.99,0.0,0.0,2002-07-12,Buttery popcorn
19.0,0.99,0.0,0.0,2002-07-13,Buttery popcorn
10.0,0.99,0.0,0.0,2002-07-14,Buttery popcorn
9.0,0.99,0.0,0.0,2002-07-15,Buttery popcorn
14.0,0.99,0.0,0.0,2002-07-16,Buttery popcorn
14.0,0.99,0.0,0.0,2002-07-17,Buttery popcorn
17.0,0.99,0.0,0.0,2002-07-18,Buttery popcorn
21.0,0.99,0.0,0.0,2002-07-19,Buttery popcorn
22.0,0.99,0.0,0.0,2002-07-20,Buttery popcorn
23.0,0.99,0.0,0.0,2002-07-21,Buttery popcorn
16.0,0.99,0.0,0.0,2002-07-22,Buttery popcorn
9.0,0.99,0.0,0.0,2002-07-23,Buttery popcorn
9.0,0.99,0.0,0.0,2002-07-24,Buttery popcorn
10.0,0.99,0.0,0.0,2002-07-25,Buttery popcorn
15.0,0.99,0.0,0.0,2002-07-26,Buttery popcorn
15.0,0.99,0.0,0.0,2002-07-27,Buttery popcorn
14.0,0.99,0.0,0.0,2002-07-28,Buttery popcorn
5.0,0.99,0.0,0.0,2002-07-29,Buttery popcorn
13.0,0.99,0.0,0.0,2002-07-30,Buttery popcorn
12.0,0.99,0.0,0.0,2002-07-31,Buttery popcorn
14.0,0.99,0.0,0.0,2002-08-01,Buttery popcorn
17.0,0.99,0.0,0.0,2002-08-02,Buttery popcorn
10.0,0.99,0.0,0.0,2002-08-03,Buttery popcorn
18.0,0.99,0.0,0.0,2002-08-04,Buttery popcorn
12.0,0.99,0.0,0.0,2002-08-05,Buttery popcorn
12.0,0.99,0.0,0.0,2002-08-06,Buttery popcorn
6.0,0.99,0.0,0.0,2002-08-07,Buttery popcorn
14.0,0.99,0.0,0.0,2002-08-08,Buttery popcorn
16.0,0.99,0.0,0.0,2002-08-09,Buttery popcorn
18.0,0.99,0.0,0.0,2002-08-10,Buttery popcorn
12.0,0.99,0.0,0.0,2002-08-11,Buttery popcorn
10.0,0.99,0.0,0.0,2002-08-12,Buttery popcorn
9.0,0.99,0.0,0.0,2002-08-13,Buttery popcorn
11.0,0.99,0.0,0.0,2002-08-14,Buttery popcorn
13.0,0.99,0.0,0.0,2002-08-15,Buttery popcorn
14.0,0.99,0.0,0.0,2002-08-16,Buttery popcorn
18.0,0.99,0.0,0.0,2002-08-17,Buttery popcorn
12.0,0.99,0.0,0.0,2002-08-18,Buttery popcorn
13.0,0.99,0.0,0.0,2002-08-19,Buttery popcorn
15.0,0.99,0.0,0.0,2002-08-20,Buttery popcorn
9.0,0.99,0.0,0.0,2002-08-21,Buttery popcorn
21.0,0.99,0.0,0.0,2002-08-22,Buttery popcorn
15.0,0.99,0.0,0.0,2002-08-23,Buttery popcorn
36.0,0.99,0.0,0.0,2002-08-24,Buttery popcorn
15.0,0.99,0.0,0.0,2002-08-25,Buttery popcorn
11.0,0.99,0.0,0.0,2002-08-26,Buttery popcorn
12.0,0.99,0.0,0.0,2002-08-27,Buttery popcorn
12.0,0.99,0.0,1.0,2002-08-28,Buttery popcorn
15.0,0.99,0.0,1.0,2002-08-29,Buttery popcorn
11.0,0.99,0.0,1.0,2002-08-30,Buttery popcorn
15.0,0.99,0.0,1.0,2002-08-31,Buttery popcorn
22.0,0.99,0.0,1.0,2002-09-01,Buttery popcorn
10.0,0.99,0.0,1.0,2002-09-02,Buttery popcorn
13.0,0.99,0.0,1.0,2002-09-03,Buttery popcorn
10.0,0.99,0.0,0.0,2002-09-04,Buttery popcorn
5.0,0.99,0.0,0.0,2002-09-05,Buttery popcorn
20.0,0.99,0.0,0.0,2002-09-06,Buttery popcorn
14.0,0.99,0.0,0.0,2002-09-07,Buttery popcorn
11.0,0.99,0.0,0.0,2002-09-08,Buttery popcorn
10.0,0.99,0.0,0.0,2002-09-09,Buttery popcorn
5.0,0.99,0.0,0.0,2002-09-10,Buttery popcorn
12.0,0.99,0.0,0.0,2002-09-11,Buttery popcorn
11.0,0.99,0.0,0.0,2002-09-12,Buttery popcorn
14.0,0.99,0.0,0.0,2002-09-13,Buttery popcorn
19.0,0.99,0.0,0.0,2002-09-14,Buttery popcorn
8.0,0.99,0.0,0.0,2002-09-15,Buttery popcorn
12.0,0.99,0.0,0.0,2002-09-16,Buttery popcorn
10.0,0.99,0.0,0.0,2002-09-17,Buttery popcorn
5.0,0.99,0.0,0.0,2002-09-18,Buttery popcorn
15.0,0.99,0.0,0.0,2002-09-19,Buttery popcorn
11.0,0.99,0.0,0.0,2002-09-20,Buttery popcorn
11.0,0.99,0.0,0.0,2002-09-21,Buttery popcorn
12.0,0.99,0.0,0.0,2002-09-22,Buttery popcorn
9.0,0.99,0.0,0.0,2002-09-23,Buttery popcorn
9.0,0.99,0.0,0.0,2002-09-24,Buttery popcorn
12.0,0.99,0.0,0.0,2002-09-25,Buttery popcorn
4.0,0.99,0.0,0.0,2002-09-26,Buttery popcorn
16.0,0.99,0.0,0.0,2002-09-27,Buttery popcorn
17.0,0.99,0.0,0.0,2002-09-28,Buttery popcorn
11.0,0.99,0.0,0.0,2002-09-29,Buttery popcorn
8.0,0.99,0.0,0.0,2002-09-30,Buttery popcorn
11.0,0.99,0.0,0.0,2002-10-01,Buttery popcorn
3.0,0.99,0.0,0.0,2002-10-02,Buttery popcorn
15.0,0.99,0.0,0.0,2002-10-03,Buttery popcorn
8.0,0.99,0.0,0.0,2002-10-04,Buttery popcorn
13.0,0.99,0.0,0.0,2002-10-05,Buttery popcorn
14.0,0.99,0.0,0.0,2002-10-06,Buttery popcorn
12.0,0.99,0.0,0.0,2002-10-07,Buttery popcorn
14.0,0.99,0.0,0.0,2002-10-08,Buttery popcorn
15.0,0.99,0.0,0.0,2002-10-09,Buttery popcorn
7.0,0.99,0.0,0.0,2002-10-10,Buttery popcorn
18.0,0.99,0.0,0.0,2002-10-11,Buttery popcorn
15.0,0.99,0.0,0.0,2002-10-12,Buttery popcorn
11.0,0.99,0.0,0.0,2002-10-13,Buttery popcorn
11.0,0.99,0.0,0.0,2002-10-14,Buttery popcorn
15.0,0.99,0.0,0.0,2002-10-15,Buttery popcorn
7.0,0.99,0.0,0.0,2002-10-16,Buttery popcorn
10.0,0.99,0.0,0.0,2002-10-17,Buttery popcorn
16.0,0.99,0.0,0.0,2002-10-18,Buttery popcorn
19.0,0.99,0.0,0.0,2002-10-19,Buttery popcorn
17.0,0.99,0.0,0.0,2002-10-20,Buttery popcorn
13.0,0.99,0.0,0.0,2002-10-21,Buttery popcorn
13.0,0.99,0.0,0.0,2002-10-22,Buttery popcorn
11.0,0.99,0.0,0.0,2002-10-23,Buttery popcorn
12.0,0.99,0.0,0.0,2002-10-24,Buttery popcorn
14.0,0.99,0.0,0.0,2002-10-25,Buttery popcorn
11.0,0.99,0.0,0.0,2002-10-26,Buttery popcorn
14.0,0.99,0.0,0.0,2002-10-27,Buttery popcorn
12.0,0.99,0.0,0.0,2002-10-28,Buttery popcorn
8.0,0.99,0.0,0.0,2002-10-29,Buttery popcorn
13.0,0.99,0.0,1.0,2002-10-30,Buttery popcorn
14.0,0.99,0.0,1.0,2002-10-31,Buttery popcorn
15.0,0.99,0.0,1.0,2002-11-01,Buttery popcorn
19.0,0.99,0.0,1.0,2002-11-02,Buttery popcorn
15.0,0.99,0.0,1.0,2002-11-03,Buttery popcorn
7.0,0.99,0.0,1.0,2002-11-04,Buttery popcorn
12.0,0.99,0.0,1.0,2002-11-05,Buttery popcorn
8.0,0.99,0.0,0.0,2002-11-06,Buttery popcorn
6.0,0.99,0.0,0.0,2002-11-07,Buttery popcorn
14.0,0.99,0.0,0.0,2002-11-08,Buttery popcorn
22.0,0.99,0.0,0.0,2002-11-09,Buttery popcorn
11.0,0.99,0.0,0.0,2002-11-10,Buttery popcorn
11.0,0.99,0.0,0.0,2002-11-11,Buttery popcorn
10.0,0.99,0.0,0.0,2002-11-12,Buttery popcorn
0.0,0.99,0.0,1.0,2002-11-13,Buttery popcorn
0.0,0.99,0.0,1.0,2002-11-14,Buttery popcorn
0.0,0.99,0.0,1.0,2002-11-15,Buttery popcorn
11.0,0.99,0.0,0.0,2002-11-16,Buttery popcorn
14.0,0.99,0.0,0.0,2002-11-17,Buttery popcorn
9.0,0.99,0.0,0.0,2002-11-18,Buttery popcorn
12.0,0.99,0.0,0.0,2002-11-19,Buttery popcorn
11.0,0.99,0.0,1.0,2002-11-20,Buttery popcorn
6.0,0.99,0.0,1.0,2002-11-21,Buttery popcorn
12.0,0.99,0.0,1.0,2002-11-22,Buttery popcorn
13.0,0.99,0.0,1.0,2002-11-23,Buttery popcorn
7.0,0.99,0.0,1.0,2002-11-24,Buttery popcorn
17.0,0.99,0.0,1.0,2002-11-25,Buttery popcorn
27.0,0.99,0.0,1.0,2002-11-26,Buttery popcorn
39.0,0.99,0.0,1.0,2002-11-27,Buttery popcorn
0.0,0.99,0.0,1.0,2002-11-28,Buttery popcorn
20.0,0.99,0.0,1.0,2002-11-29,Buttery popcorn
10.0,0.99,0.0,1.0,2002-11-30,Buttery popcorn
12.0,0.99,0.0,1.0,2002-12-01,Buttery popcorn
13.0,0.99,0.0,1.0,2002-12-02,Buttery popcorn
14.0,0.99,0.0,1.0,2002-12-03,Buttery popcorn
20.0,0.99,0.0,1.0,2002-12-04,Buttery popcorn
6.0,0.99,0.0,1.0,2002-12-05,Buttery popcorn
22.0,0.99,0.0,1.0,2002-12-06,Buttery popcorn
12.0,0.99,0.0,1.0,2002-12-07,Buttery popcorn
14.0,0.99,0.0,1.0,2002-12-08,Buttery popcorn
14.0,0.99,0.0,1.0,2002-12-09,Buttery popcorn
10.0,0.99,0.0,1.0,2002-12-10,Buttery popcorn
10.0,0.99,0.0,1.0,2002-12-11,Buttery popcorn
14.0,0.99,0.0,1.0,2002-12-12,Buttery popcorn
16.0,0.99,0.0,1.0,2002-12-13,Buttery popcorn
21.0,0.99,0.0,1.0,2002-12-14,Buttery popcorn
13.0,0.99,0.0,1.0,2002-12-15,Buttery popcorn
17.0,0.99,0.0,1.0,2002-12-16,Buttery popcorn
15.0,0.99,0.0,1.0,2002-12-17,Buttery popcorn
14.0,0.99,0.0,1.0,2002-12-18,Buttery popcorn
13.0,0.99,0.0,1.0,2002-12-19,Buttery popcorn
17.0,0.99,0.0,1.0,2002-12-20,Buttery popcorn
26.0,0.99,0.0,1.0,2002-12-21,Buttery popcorn
22.0,0.99,0.0,1.0,2002-12-22,Buttery popcorn
28.0,0.99,0.0,1.0,2002-12-23,Buttery popcorn
33.0,0.99,0.0,1.0,2002-12-24,Buttery popcorn
0.0,0.99,0.0,1.0,2002-12-25,Buttery popcorn
11.0,0.99,0.0,1.0,2002-12-26,Buttery popcorn
14.0,0.99,0.0,1.0,2002-12-27,Buttery popcorn
12.0,0.99,0.0,1.0,2002-12-28,Buttery popcorn
19.0,0.99,0.0,1.0,2002-12-29,Buttery popcorn
14.0,0.99,0.0,1.0,2002-12-30,Buttery popcorn
29.0,0.99,0.0,1.0,2002-12-31,Buttery popcorn
7.0,0.99,0.0,0.0,2003-01-01,Buttery popcorn
16.0,0.99,0.0,0.0,2003-01-02,Buttery popcorn
10.0,0.99,0.0,0.0,2003-01-03,Buttery popcorn
17.0,0.99,0.0,0.0,2003-01-04,Buttery popcorn
13.0,0.99,0.0,0.0,2003-01-05,Buttery popcorn
8.0,0.99,0.0,0.0,2003-01-06,Buttery popcorn
6.0,0.99,0.0,0.0,2003-01-07,Buttery popcorn
8.0,0.99,0.0,0.0,2003-01-08,Buttery popcorn
11.0,0.99,0.0,0.0,2003-01-09,Buttery popcorn
12.0,0.99,0.0,0.0,2003-01-10,Buttery popcorn
13.0,0.99,0.0,0.0,2003-01-11,Buttery popcorn
8.0,0.99,0.0,0.0,2003-01-12,Buttery popcorn
6.0,0.99,0.0,0.0,2003-01-13,Buttery popcorn
12.0,0.99,0.0,0.0,2003-01-14,Buttery popcorn
17.0,0.99,0.0,0.0,2003-01-15,Buttery popcorn
17.0,0.99,0.0,0.0,2003-01-16,Buttery popcorn
9.0,0.99,0.0,0.0,2003-01-17,Buttery popcorn
17.0,0.99,0.0,0.0,2003-01-18,Buttery popcorn
5.0,0.99,0.0,0.0,2003-01-19,Buttery popcorn
13.0,0.99,0.0,0.0,2003-01-20,Buttery popcorn
7.0,0.99,0.0,0.0,2003-01-21,Buttery popcorn
17.0,0.99,0.0,1.0,2003-01-22,Buttery popcorn
6.0,0.99,0.0,1.0,2003-01-23,Buttery popcorn
6.0,0.99,0.0,1.0,2003-01-24,Buttery popcorn
19.0,0.99,0.0,1.0,2003-01-25,Buttery popcorn
9.0,0.99,0.0,1.0,2003-01-26,Buttery popcorn
7.0,0.99,0.0,1.0,2003-01-27,Buttery popcorn
1.0,0.99,0.0,1.0,2003-01-28,Buttery popcorn
11.0,0.99,0.0,0.0,2003-01-29,Buttery popcorn
5.0,0.99,0.0,0.0,2003-01-30,Buttery popcorn
12.0,0.99,0.0,0.0,2003-01-31,Buttery popcorn
9.0,0.99,0.0,0.0,2003-02-01,Buttery popcorn
16.0,0.99,0.0,0.0,2003-02-02,Buttery popcorn
12.0,0.99,0.0,0.0,2003-02-03,Buttery popcorn
11.0,0.99,0.0,0.0,2003-02-04,Buttery popcorn
9.0,0.99,0.0,0.0,2003-02-05,Buttery popcorn
15.0,0.99,0.0,0.0,2003-02-06,Buttery popcorn
10.0,0.99,0.0,0.0,2003-02-07,Buttery popcorn
14.0,0.99,0.0,0.0,2003-02-08,Buttery popcorn
14.0,0.99,0.0,0.0,2003-02-09,Buttery popcorn
13.0,0.99,0.0,0.0,2003-02-10,Buttery popcorn
11.0,0.99,0.0,0.0,2003-02-11,Buttery popcorn
8.0,0.99,0.0,1.0,2003-02-12,Buttery popcorn
12.0,0.99,0.0,1.0,2003-02-13,Buttery popcorn
13.0,0.99,0.0,1.0,2003-02-14,Buttery popcorn
12.0,0.99,0.0,1.0,2003-02-15,Buttery popcorn
3.0,0.99,0.0,1.0,2003-02-16,Buttery popcorn
6.0,0.99,0.0,1.0,2003-02-17,Buttery popcorn
14.0,0.99,0.0,1.0,2003-02-18,Buttery popcorn
6.0,0.99,0.0,0.0,2003-02-19,Buttery popcorn
12.0,0.99,0.0,0.0,2003-02-20,Buttery popcorn
14.0,0.99,0.0,0.0,2003-02-21,Buttery popcorn
9.0,0.99,0.0,0.0,2003-02-22,Buttery popcorn
13.0,0.99,0.0,0.0,2003-02-23,Buttery popcorn
12.0,0.99,0.0,0.0,2003-02-24,Buttery popcorn
16.0,0.99,0.0,0.0,2003-02-25,Buttery popcorn
9.0,0.99,0.0,0.0,2003-02-26,Buttery popcorn
5.0,0.99,0.0,0.0,2003-02-27,Buttery popcorn
8.0,0.99,0.0,0.0,2003-02-28,Buttery popcorn
12.0,0.99,0.0,0.0,2003-03-01,Buttery popcorn
6.0,0.99,0.0,0.0,2003-03-02,Buttery popcorn
16.0,0.99,0.0,0.0,2003-03-03,Buttery popcorn
2.0,0.99,0.0,0.0,2003-03-04,Buttery popcorn
5.0,1.49,0.0,0.0,2003-03-05,Buttery popcorn
10.0,1.49,0.0,0.0,2003-03-06,Buttery popcorn
9.0,1.49,0.0,0.0,2003-03-07,Buttery popcorn
14.0,1.49,0.0,0.0,2003-03-08,Buttery popcorn
12.0,1.49,0.0,0.0,2003-03-09,Buttery popcorn
12.0,1.49,0.0,0.0,2003-03-10,Buttery popcorn
7.0,1.49,0.0,0.0,2003-03-11,Buttery popcorn
5.0,1.49,0.0,0.0,2003-03-12,Buttery popcorn
10.0,1.49,0.0,0.0,2003-03-13,Buttery popcorn
14.0,1.49,0.0,0.0,2003-03-14,Buttery popcorn
14.0,1.49,0.0,0.0,2003-03-15,Buttery popcorn
9.0,1.49,0.0,0.0,2003-03-16,Buttery popcorn
17.0,1.49,0.0,0.0,2003-03-17,Buttery popcorn
9.0,1.49,0.0,0.0,2003-03-18,Buttery popcorn
11.0,1.49,0.0,0.0,2003-03-19,Buttery popcorn
8.0,1.49,0.0,0.0,2003-03-20,Buttery popcorn
12.0,1.49,0.0,0.0,2003-03-21,Buttery popcorn
13.0,1.49,0.0,0.0,2003-03-22,Buttery popcorn
15.0,1.49,0.0,0.0,2003-03-23,Buttery popcorn
9.0,1.49,0.0,0.0,2003-03-24,Buttery popcorn
12.0,1.49,0.0,0.0,2003-03-25,Buttery popcorn
9.0,1.49,0.0,0.0,2003-03-26,Buttery popcorn
9.0,1.49,0.0,0.0,2003-03-27,Buttery popcorn
17.0,1.49,0.0,0.0,2003-03-28,Buttery popcorn
15.0,1.49,0.0,0.0,2003-03-29,Buttery popcorn
14.0,1.49,0.0,0.0,2003-03-30,Buttery popcorn
9.0,1.49,0.0,0.0,2003-03-31,Buttery popcorn
12.0,1.49,0.0,0.0,2003-04-01,Buttery popcorn
12.0,0.99,0.0,0.0,2003-04-02,Buttery popcorn
8.0,0.99,0.0,0.0,2003-04-03,Buttery popcorn
16.0,0.99,0.0,0.0,2003-04-04,Buttery popcorn
25.0,0.99,0.0,0.0,2003-04-05,Buttery popcorn
16.0,0.99,0.0,0.0,2003-04-06,Buttery popcorn
14.0,0.99,0.0,0.0,2003-04-07,Buttery popcorn
13.0,0.99,0.0,0.0,2003-04-08,Buttery popcorn
9.0,1.49,0.0,1.0,2003-04-09,Buttery popcorn
11.0,1.49,0.0,1.0,2003-04-10,Buttery popcorn
13.0,1.49,0.0,1.0,2003-04-11,Buttery popcorn
17.0,1.49,0.0,1.0,2003-04-12,Buttery popcorn
13.0,1.49,0.0,1.0,2003-04-13,Buttery popcorn
7.0,1.49,0.0,1.0,2003-04-14,Buttery popcorn
9.0,1.49,0.0,1.0,2003-04-15,Buttery popcorn
13.0,1.49,0.0,1.0,2003-04-16,Buttery popcorn
7.0,1.49,0.0,1.0,2003-04-17,Buttery popcorn
13.0,1.49,0.0,1.0,2003-04-18,Buttery popcorn
24.0,1.49,0.0,1.0,2003-04-19,Buttery popcorn
0.0,1.49,0.0,1.0,2003-04-20,Buttery popcorn
8.0,1.49,0.0,1.0,2003-04-21,Buttery popcorn
10.0,1.49,0.0,1.0,2003-04-22,Buttery popcorn
10.0,1.49,0.0,0.0,2003-04-23,Buttery popcorn
11.0,1.49,0.0,0.0,2003-04-24,Buttery popcorn
12.0,1.49,0.0,0.0,2003-04-25,Buttery popcorn
11.0,1.49,0.0,0.0,2003-04-26,Buttery popcorn
13.0,1.49,0.0,0.0,2003-04-27,Buttery popcorn
13.0,1.49,0.0,0.0,2003-04-28,Buttery popcorn
8.0,1.49,0.0,0.0,2003-04-29,Buttery popcorn
8.0,1.49,0.0,0.0,2003-04-30,Buttery popcorn
9.0,1.49,0.0,0.0,2003-05-01,Buttery popcorn
7.0,1.49,0.0,0.0,2003-05-02,Buttery popcorn
12.0,1.49,0.0,0.0,2003-05-03,Buttery popcorn
20.0,1.49,0.0,0.0,2003-05-04,Buttery popcorn
5.0,1.49,0.0,0.0,2003-05-05,Buttery popcorn
12.0,1.49,0.0,0.0,2003-05-06,Buttery popcorn
10.0,1.49,0.0,1.0,2003-05-07,Buttery popcorn
5.0,1.49,0.0,1.0,2003-05-08,Buttery popcorn
7.0,1.49,0.0,1.0,2003-05-09,Buttery popcorn
11.0,1.49,0.0,1.0,2003-05-10,Buttery popcorn
16.0,1.49,0.0,1.0,2003-05-11,Buttery popcorn
12.0,1.49,0.0,1.0,2003-05-12,Buttery popcorn
3.0,1.49,0.0,1.0,2003-05-13,Buttery popcorn
16.0,1.49,0.0,0.0,2003-05-14,Buttery popcorn
11.0,1.49,0.0,0.0,2003-05-15,Buttery popcorn
11.0,1.49,0.0,0.0,2003-05-16,Buttery popcorn
11.0,1.49,0.0,0.0,2003-05-17,Buttery popcorn
15.0,1.49,0.0,0.0,2003-05-18,Buttery popcorn
18.0,1.49,0.0,0.0,2003-05-19,Buttery popcorn
6.0,1.49,0.0,0.0,2003-05-20,Buttery popcorn
12.0,1.49,0.0,1.0,2003-05-21,Buttery popcorn
15.0,1.49,0.0,1.0,2003-05-22,Buttery popcorn
16.0,1.49,0.0,1.0,2003-05-23,Buttery popcorn
7.0,1.49,0.0,1.0,2003-05-24,Buttery popcorn
15.0,1.49,0.0,1.0,2003-05-25,Buttery popcorn
15.0,1.49,0.0,1.0,2003-05-26,Buttery popcorn
11.0,1.49,0.0,1.0,2003-05-27,Buttery popcorn
3.0,1.49,0.0,0.0,2003-05-28,Buttery popcorn
13.0,1.49,0.0,0.0,2003-05-29,Buttery popcorn
10.0,1.49,0.0,0.0,2003-05-30,Buttery popcorn
17.0,1.49,0.0,0.0,2003-05-31,Buttery popcorn
8.0,1.49,0.0,0.0,2003-06-01,Buttery popcorn
6.0,1.49,0.0,0.0,2003-06-02,Buttery popcorn
8.0,1.49,0.0,0.0,2003-06-03,Buttery popcorn
13.0,1.49,0.0,0.0,2003-06-04,Buttery popcorn
8.0,1.49,0.0,0.0,2003-06-05,Buttery popcorn
11.0,1.49,0.0,0.0,2003-06-06,Buttery popcorn
13.0,1.49,0.0,0.0,2003-06-07,Buttery popcorn
12.0,1.49,0.0,0.0,2003-06-08,Buttery popcorn
8.0,1.49,0.0,0.0,2003-06-09,Buttery popcorn
5.0,1.49,0.0,0.0,2003-06-10,Buttery popcorn
2.0,1.49,0.0,1.0,2003-06-11,Buttery popcorn
8.0,1.49,0.0,1.0,2003-06-12,Buttery popcorn
9.0,1.49,0.0,1.0,2003-06-13,Buttery popcorn
14.0,1.49,0.0,1.0,2003-06-14,Buttery popcorn
10.0,1.49,0.0,1.0,2003-06-15,Buttery popcorn
4.0,1.49,0.0,1.0,2003-06-16,Buttery popcorn
6.0,1.49,0.0,1.0,2003-06-17,Buttery popcorn
7.0,1.49,0.0,0.0,2003-06-18,Buttery popcorn
8.0,1.49,0.0,0.0,2003-06-19,Buttery popcorn
11.0,1.49,0.0,0.0,2003-06-20,Buttery popcorn
9.0,1.49,0.0,0.0,2003-06-21,Buttery popcorn
7.0,1.49,0.0,0.0,2003-06-22,Buttery popcorn
10.0,1.49,0.0,0.0,2003-06-23,Buttery popcorn
9.0,1.49,0.0,0.0,2003-06-24,Buttery popcorn
7.0,1.49,0.0,0.0,2003-06-25,Buttery popcorn
11.0,1.49,0.0,0.0,2003-06-26,Buttery popcorn
10.0,1.49,0.0,0.0,2003-06-27,Buttery popcorn
10.0,1.49,0.0,0.0,2003-06-28,Buttery popcorn
13.0,1.49,0.0,0.0,2003-06-29,Buttery popcorn
