csv/SAS provided CSV/SNACKS.csv
QtySold,Price,Advertised,Holiday,Date,Product
7.0,1.49,0.0,0.0,2003-06-30,Buttery popcorn
9.0,1.49,0.0,0.0,2003-07-01,Buttery popcorn
11.0,1.49,0.0,1.0,2003-07-02,Buttery popcorn
17.0,1.49,0.0,1.0,2003-07-03,Buttery popcorn
11.0,1.49,0.0,1.0,2003-07-04,Buttery popcorn
11.0,1.49,0.0,1.0,2003-07-05,Buttery popcorn
8.0,1.49,0.0,1.0,2003-07-06,Buttery popcorn
10.0,1.49,0.0,1.0,2003-07-07,Buttery popcorn
10.0,1.49,0.0,1.0,2003-07-08,Buttery popcorn
15.0,1.49,0.0,0.0,2003-07-09,Buttery popcorn
9.0,1.49,0.0,0.0,2003-07-10,Buttery popcorn
14.0,1.49,0.0,0.0,2003-07-11,Buttery popcorn
11.0,1.49,0.0,0.0,2003-07-12,Buttery popcorn
9.0,1.49,0.0,0.0,2003-07-13,Buttery popcorn
13.0,1.49,0.0,0.0,2003-07-14,Buttery popcorn
8.0,1.49,0.0,0.0,2003-07-15,Buttery popcorn
6.0,1.49,0.0,0.0,2003-07-16,Buttery popcorn
13.0,1.49,0.0,0.0,2003-07-17,Buttery popcorn
10.0,1.49,0.0,0.0,2003-07-18,Buttery popcorn
7.0,1.49,0.0,0.0,2003-07-19,Buttery popcorn
9.0,1.49,0.0,0.0,2003-07-20,Buttery popcorn
17.0,1.49,0.0,0.0,2003-07-21,Buttery popcorn
12.0,1.49,0.0,0.0,2003-07-22,Buttery popcorn
13.0,0.99,0.0,0.0,2003-07-23,Buttery popcorn
6.0,0.99,0.0,0.0,2003-07-24,Buttery popcorn
10.0,0.99,0.0,0.0,2003-07-25,Buttery popcorn
3.0,0.99,0.0,0.0,2003-07-26,Buttery popcorn
19.0,0.99,0.0,0.0,2003-07-27,Buttery popcorn
10.0,0.99,0.0,0.0,2003-07-28,Buttery popcorn
7.0,0.99,0.0,0.0,2003-07-29,Buttery popcorn
10.0,1.49,0.0,0.0,2003-07-30,Buttery popcorn
7.0,1.49,0.0,0.0,2003-07-31,Buttery popcorn
10.0,1.49,0.0,0.0,2003-08-01,Buttery popcorn
11.0,1.49,0.0,0.0,2003-08-02,Buttery popcorn
3.0,1.49,0.0,0.0,2003-08-03,Buttery popcorn
8.0,1.49,0.0,0.0,2003-08-04,Buttery popcorn
10.0,1.49,0.0,0.0,2003-08-05,Buttery popcorn
6.0,1.49,0.0,0.0,2003-08-06,Buttery popcorn
12.0,1.49,0.0,0.0,2003-08-07,Buttery popcorn
10.0,1.49,0.0,0.0,2003-08-08,Buttery popcorn
14.0,1.49,0.0,0.0,2003-08-09,Buttery popcorn
14.0,1.49,0.0,0.0,2003-08-10,Buttery popcorn
10.0,1.49,0.0,0.0,2003-08-11,Buttery popcorn
11.0,1.49,0.0,0.0,2003-08-12,Buttery popcorn
4.0,1.49,0.0,0.0,2003-08-13,Buttery popcorn
12.0,1.49,0.0,0.0,2003-08-14,Buttery popcorn
4.0,1.49,0.0,0.0,2003-08-15,Buttery popcorn
16.0,1.49,0.0,0.0,2003-08-16,Buttery popcorn
7.0,1.49,0.0,0.0,2003-08-17,Buttery popcorn
15.0,1.49,0.0,0.0,2003-08-18,Buttery popcorn
4.0,1.49,0.0,0.0,2003-08-19,Buttery popcorn
9.0,1.49,0.0,0.0,2003-08-20,Buttery popcorn
7.0,1.49,0.0,0.0,2003-08-21,Buttery popcorn
14.0,1.49,0.0,0.0,2003-08-22,Buttery popcorn
11.0,1.49,0.0,0.0,2003-08-23,Buttery popcorn
12.0,1.49,0.0,0.0,2003-08-24,Buttery popcorn
13.0,1.49,0.0,0.0,2003-08-25,Buttery popcorn
7.0,1.49,0.0,0.0,2003-08-26,Buttery popcorn
4.0,1.49,0.0,1.0,2003-08-27,Buttery popcorn
13.0,1.49,0.0,1.0,2003-08-28,Buttery popcorn
9.0,1.49,0.0,1.0,2003-08-29,Buttery popcorn
12.0,1.49,0.0,1.0,2003-08-30,Buttery popcorn
10.0,1.49,0.0,1.0,2003-08-31,Buttery popcorn
8.0,1.49,0.0,1.0,2003-09-01,Buttery popcorn
7.0,1.49,0.0,1.0,2003-09-02,Buttery popcorn
4.0,1.49,0.0,0.0,2003-09-03,Buttery popcorn
9.0,1.49,0.0,0.0,2003-09-04,Buttery popcorn
12.0,1.49,0.0,0.0,2003-09-05,Buttery popcorn
11.0,1.49,0.0,0.0,2003-09-06,Buttery popcorn
7.0,1.49,0.0,0.0,2003-09-07,Buttery popcorn
6.0,1.49,0.0,0.0,2003-09-08,Buttery popcorn
8.0,1.49,0.0,0.0,2003-09-09,Buttery popcorn
6.0,1.49,0.0,0.0,2003-09-10,Buttery popcorn
13.0,1.49,0.0,0.0,2003-09-11,Buttery popcorn
3.0,1.49,0.0,0.0,2003-09-12,Buttery popcorn
10.0,1.49,0.0,0.0,2003-09-13,Buttery popcorn
9.0,1.49,0.0,0.0,2003-09-14,Buttery popcorn
12.0,1.49,0.0,0.0,2003-09-15,Buttery popcorn
8.0,1.49,0.0,0.0,2003-09-16,Buttery popcorn
6.0,1.49,0.0,0.0,2003-09-17,Buttery popcorn
17.0,1.49,0.0,0.0,2003-09-18,Buttery popcorn
10.0,1.49,0.0,0.0,2003-09-19,Buttery popcorn
12.0,1.49,0.0,0.0,2003-09-20,Buttery popcorn
5.0,1.49,0.0,0.0,2003-09-21,Buttery popcorn
1.0,1.49,0.0,0.0,2003-09-22,Buttery popcorn
5.0,1.49,0.0,0.0,2003-09-23,Buttery popcorn
10.0,1.49,0.0,0.0,2003-09-24,Buttery popcorn
8.0,1.49,0.0,0.0,2003-09-25,Buttery popcorn
7.0,1.49,0.0,0.0,2003-09-26,Buttery popcorn
12.0,1.49,0.0,0.0,2003-09-27,Buttery popcorn
16.0,1.49,0.0,0.0,2003-09-28,Buttery popcorn
7.0,1.49,0.0,0.0,2003-09-29,Buttery popcorn
1.0,1.49,0.0,0.0,2003-09-30,Buttery popcorn
9.0,1.49,0.0,0.0,2003-10-01,Buttery popcorn
9.0,1.49,0.0,0.0,2003-10-02,Buttery popcorn
7.0,1.49,0.0,0.0,2003-10-03,Buttery popcorn
13.0,1.49,0.0,0.0,2003-10-04,Buttery popcorn
7.0,1.49,0.0,0.0,2003-10-05,Buttery popcorn
3.0,1.49,0.0,0.0,2003-10-06,Buttery popcorn
13.0,1.49,0.0,0.0,2003-10-07,Buttery popcorn
3.0,1.49,0.0,0.0,2003-10-08,Buttery popcorn
9.0,1.49,0.0,0.0,2003-10-09,Buttery popcorn
8.0,1.49,0.0,0.0,2003-10-10,Buttery popcorn
11.0,1.49,0.0,0.0,2003-10-11,Buttery popcorn
7.0,1.49,0.0,0.0,2003-10-12,Buttery popcorn
7.0,1.49,0.0,0.0,2003-10-13,Buttery popcorn
8.0,1.49,0.0,0.0,2003-10-14,Buttery popcorn
8.0,1.49,0.0,0.0,2003-10-15,Buttery popcorn
6.0,1.49,0.0,0.0,2003-10-16,Buttery popcorn
13.0,1.49,0.0,0.0,2003-10-17,Buttery popcorn
10.0,1.49,0.0,0.0,2003-10-18,Buttery popcorn
9.0,1.49,0.0,0.0,2003-10-19,Buttery popcorn
5.0,1.49,0.0,0.0,2003-10-20,Buttery popcorn
6.0,1.49,0.0,0.0,2003-10-21,Buttery popcorn
2.0,1.49,0.0,0.0,2003-10-22,Buttery popcorn
10.0,1.49,0.0,0.0,2003-10-23,Buttery popcorn
12.0,1.49,0.0,0.0,2003-10-24,Buttery popcorn
11.0,1.49,0.0,0.0,2003-10-25,Buttery popcorn
11.0,1.49,0.0,0.0,2003-10-26,Buttery popcorn
4.0,1.49,0.0,0.0,2003-10-27,Buttery popcorn
13.0,1.49,0.0,0.0,2003-10-28,Buttery popcorn
5.0,1.49,0.0,1.0,2003-10-29,Buttery popcorn
9.0,1.49,0.0,1.0,2003-10-30,Buttery popcorn
11.0,1.49,0.0,1.0,2003-10-31,Buttery popcorn
13.0,1.49,0.0,1.0,2003-11-01,Buttery popcorn
8.0,1.49,0.0,1.0,2003-11-02,Buttery popcorn
14.0,1.49,0.0,1.0,2003-11-03,Buttery popcorn
7.0,1.49,0.0,1.0,2003-11-04,Buttery popcorn
7.0,1.49,0.0,0.0,2003-11-05,Buttery popcorn
6.0,1.49,0.0,0.0,2003-11-06,Buttery popcorn
8.0,1.49,0.0,0.0,2003-11-07,Buttery popcorn
13.0,1.49,0.0,0.0,2003-11-08,Buttery popcorn
5.0,1.49,0.0,0.0,2003-11-09,Buttery popcorn
17.0,1.49,0.0,0.0,2003-11-10,Buttery popcorn
5.0,1.49,0.0,0.0,2003-11-11,Buttery popcorn
7.0,1.49,0.0,0.0,2003-11-12,Buttery popcorn
5.0,1.49,0.0,0.0,2003-11-13,Buttery popcorn
4.0,1.49,0.0,0.0,2003-11-14,Buttery popcorn
10.0,1.49,0.0,0.0,2003-11-15,Buttery popcorn
5.0,1.49,0.0,0.0,2003-11-16,Buttery popcorn
5.0,1.49,0.0,0.0,2003-11-17,Buttery popcorn
6.0,1.49,0.0,0.0,2003-11-18,Buttery popcorn
6.0,1.49,0.0,1.0,2003-11-19,Buttery popcorn
4.0,1.49,0.0,1.0,2003-11-20,Buttery popcorn
2.0,1.49,0.0,1.0,2003-11-21,Buttery popcorn
12.0,1.49,0.0,1.0,2003-11-22,Buttery popcorn
11.0,1.49,0.0,1.0,2003-11-23,Buttery popcorn
15.0,1.49,0.0,1.0,2003-11-24,Buttery popcorn
28.0,1.49,0.0,1.0,2003-11-25,Buttery popcorn
32.0,1.49,0.0,1.0,2003-11-26,Buttery popcorn
0.0,1.49,0.0,1.0,2003-11-27,Buttery popcorn
6.0,0.99,1.0,1.0,2003-11-28,Buttery popcorn
11.0,0.99,1.0,1.0,2003-11-29,Buttery popcorn
15.0,0.99,1.0,1.0,2003-11-30,Buttery popcorn
14.0,0.99,1.0,1.0,2003-12-01,Buttery popcorn
11.0,0.99,1.0,1.0,2003-12-02,Buttery popcorn
9.0,1.49,0.0,1.0,2003-12-03,Buttery popcorn
4.0,1.49,0.0,1.0,2003-12-04,Buttery popcorn
5.0,1.49,0.0,1.0,2003-12-05,Buttery popcorn
6.0,1.49,0.0,1.0,2003-12-06,Buttery popcorn
9.0,1.49,0.0,1.0,2003-12-07,Buttery popcorn
8.0,1.49,0.0,1.0,2003-12-08,Buttery popcorn
5.0,1.49,0.0,1.0,2003-12-09,Buttery popcorn
4.0,1.49,0.0,1.0,2003-12-10,Buttery popcorn
6.0,1.49,0.0,1.0,2003-12-11,Buttery popcorn
13.0,1.49,0.0,1.0,2003-12-12,Buttery popcorn
20.0,1.49,0.0,1.0,2003-12-13,Buttery popcorn
6.0,1.49,0.0,1.0,2003-12-14,Buttery popcorn
10.0,1.49,0.0,1.0,2003-12-15,Buttery popcorn
8.0,1.49,0.0,1.0,2003-12-16,Buttery popcorn
12.0,1.49,0.0,1.0,2003-12-17,Buttery popcorn
7.0,1.49,0.0,1.0,2003-12-18,Buttery popcorn
15.0,1.49,0.0,1.0,2003-12-19,Buttery popcorn
14.0,1.49,0.0,1.0,2003-12-20,Buttery popcorn
8.0,1.49,0.0,1.0,2003-12-21,Buttery popcorn
18.0,1.49,0.0,1.0,2003-12-22,Buttery popcorn
37.0,1.49,0.0,1.0,2003-12-23,Buttery popcorn
27.0,1.49,0.0,1.0,2003-12-24,Buttery popcorn
0.0,1.49,0.0,1.0,2003-12-25,Buttery popcorn
6.0,1.49,0.0,1.0,2003-12-26,Buttery popcorn
15.0,1.49,0.0,1.0,2003-12-27,Buttery popcorn
6.0,1.49,0.0,1.0,2003-12-28,Buttery popcorn
15.0,1.49,0.0,1.0,2003-12-29,Buttery popcorn
8.0,1.49,0.0,1.0,2003-12-30,Buttery popcorn
18.0,1.49,0.0,1.0,2003-12-31,Buttery popcorn
3.0,1.49,0.0,0.0,2004-01-01,Buttery popcorn
6.0,1.49,0.0,0.0,2004-01-02,Buttery popcorn
13.0,1.49,0.0,0.0,2004-01-03,Buttery popcorn
11.0,1.49,0.0,0.0,2004-01-04,Buttery popcorn
7.0,1.49,0.0,0.0,2004-01-05,Buttery popcorn
9.0,1.49,0.0,0.0,2004-01-06,Buttery popcorn
10.0,1.49,0.0,0.0,2004-01-07,Buttery popcorn
6.0,1.49,0.0,0.0,2004-01-08,Buttery popcorn
9.0,1.49,0.0,0.0,2004-01-09,Buttery popcorn
3.0,1.49,0.0,0.0,2004-01-10,Buttery popcorn
8.0,1.49,0.0,0.0,2004-01-11,Buttery popcorn
5.0,1.49,0.0,0.0,2004-01-12,Buttery popcorn
7.0,1.49,0.0,0.0,2004-01-13,Buttery popcorn
8.0,1.49,0.0,0.0,2004-01-14,Buttery popcorn
8.0,1.49,0.0,0.0,2004-01-15,Buttery popcorn
6.0,1.49,0.0,0.0,2004-01-16,Buttery popcorn
8.0,1.49,0.0,0.0,2004-01-17,Buttery popcorn
9.0,1.49,0.0,0.0,2004-01-18,Buttery popcorn
6.0,1.49,0.0,0.0,2004-01-19,Buttery popcorn
5.0,1.49,0.0,0.0,2004-01-20,Buttery popcorn
10.0,1.49,0.0,0.0,2004-01-21,Buttery popcorn
10.0,1.49,0.0,0.0,2004-01-22,Buttery popcorn
15.0,1.49,0.0,0.0,2004-01-23,Buttery popcorn
15.0,1.49,0.0,0.0,2004-01-24,Buttery popcorn
4.0,1.49,0.0,0.0,2004-01-25,Buttery popcorn
3.0,1.49,0.0,0.0,2004-01-26,Buttery popcorn
8.0,1.49,0.0,0.0,2004-01-27,Buttery popcorn
3.0,1.49,0.0,1.0,2004-01-28,Buttery popcorn
11.0,1.49,0.0,1.0,2004-01-29,Buttery popcorn
16.0,1.49,0.0,1.0,2004-01-30,Buttery popcorn
12.0,1.49,0.0,1.0,2004-01-31,Buttery popcorn
5.0,1.49,0.0,1.0,2004-02-01,Buttery popcorn
11.0,1.49,0.0,1.0,2004-02-02,Buttery popcorn
3.0,1.49,0.0,1.0,2004-02-03,Buttery popcorn
6.0,1.49,0.0,0.0,2004-02-04,Buttery popcorn
5.0,1.49,0.0,0.0,2004-02-05,Buttery popcorn
8.0,1.49,0.0,0.0,2004-02-06,Buttery popcorn
15.0,1.49,0.0,0.0,2004-02-07,Buttery popcorn
10.0,1.49,0.0,0.0,2004-02-08,Buttery popcorn
7.0,1.49,0.0,0.0,2004-02-09,Buttery popcorn
6.0,1.49,0.0,0.0,2004-02-10,Buttery popcorn
9.0,1.49,0.0,1.0,2004-02-11,Buttery popcorn
9.0,1.49,0.0,1.0,2004-02-12,Buttery popcorn
9.0,1.49,0.0,1.0,2004-02-13,Buttery popcorn
6.0,1.49,0.0,1.0,2004-02-14,Buttery popcorn
15.0,1.49,0.0,1.0,2004-02-15,Buttery popcorn
4.0,1.49,0.0,1.0,2004-02-16,Buttery popcorn
13.0,1.49,0.0,1.0,2004-02-17,Buttery popcorn
7.0,1.49,0.0,0.0,2004-02-18,Buttery popcorn
3.0,1.49,0.0,0.0,2004-02-19,Buttery popcorn
11.0,1.49,0.0,0.0,2004-02-20,Buttery popcorn
10.0,1.49,0.0,0.0,2004-02-21,Buttery popcorn
5.0,1.49,0.0,0.0,2004-02-22,Buttery popcorn
6.0,1.49,0.0,0.0,2004-02-23,Buttery popcorn
10.0,1.49,0.0,0.0,2004-02-24,Buttery popcorn
9.0,1.49,0.0,0.0,2004-02-25,Buttery popcorn
17.0,1.49,0.0,0.0,2004-02-26,Buttery popcorn
2.0,1.49,0.0,0.0,2004-02-27,Buttery popcorn
9.0,1.49,0.0,0.0,2004-02-28,Buttery popcorn
8.0,1.49,0.0,0.0,2004-02-29,Buttery popcorn
10.0,1.49,0.0,0.0,2004-03-01,Buttery popcorn
8.0,1.49,0.0,0.0,2004-03-02,Buttery popcorn
7.0,1.49,0.0,0.0,2004-03-03,Buttery popcorn
6.0,1.49,0.0,0.0,2004-03-04,Buttery popcorn
8.0,1.49,0.0,0.0,2004-03-05,Buttery popcorn
11.0,1.49,0.0,0.0,2004-03-06,Buttery popcorn
5.0,1.49,0.0,0.0,2004-03-07,Buttery popcorn
0.0,1.49,0.0,1.0,2004-03-08,Buttery popcorn
3.0,1.49,0.0,1.0,2004-03-09,Buttery popcorn
13.0,1.49,0.0,0.0,2004-03-10,Buttery popcorn
8.0,1.49,0.0,0.0,2004-03-11,Buttery popcorn
8.0,1.49,0.0,0.0,2004-03-12,Buttery popcorn
10.0,1.49,0.0,0.0,2004-03-13,Buttery popcorn
7.0,1.49,0.0,0.0,2004-03-14,Buttery popcorn
10.0,1.49,0.0,0.0,2004-03-15,Buttery popcorn
6.0,1.49,0.0,0.0,2004-03-16,Buttery popcorn
8.0,1.49,0.0,0.0,2004-03-17,Buttery popcorn
8.0,1.49,0.0,0.0,2004-03-18,Buttery popcorn
9.0,1.49,0.0,0.0,2004-03-19,Buttery popcorn
8.0,1.49,0.0,0.0,2004-03-20,Buttery popcorn
7.0,1.49,0.0,0.0,2004-03-21,Buttery popcorn
6.0,1.49,0.0,0.0,2004-03-22,Buttery popcorn
6.0,1.49,0.0,0.0,2004-03-23,Buttery popcorn
4.0,1.49,0.0,0.0,2004-03-24,Buttery popcorn
10.0,1.49,0.0,0.0,2004-03-25,Buttery popcorn
8.0,1.49,0.0,0.0,2004-03-26,Buttery popcorn
15.0,1.49,0.0,0.0,2004-03-27,Buttery popcorn
9.0,1.49,0.0,0.0,2004-03-28,Buttery popcorn
6.0,1.49,0.0,0.0,2004-03-29,Buttery popcorn
9.0,1.49,0.0,0.0,2004-03-30,Buttery popcorn
6.0,1.49,0.0,1.0,2004-03-31,Buttery popcorn
10.0,1.49,0.0,1.0,2004-04-01,Buttery popcorn
11.0,1.49,0.0,1.0,2004-04-02,Buttery popcorn
11.0,1.49,0.0,1.0,2004-04-03,Buttery popcorn
15.0,1.49,0.0,1.0,2004-04-04,Buttery popcorn
7.0,1.49,0.0,1.0,2004-04-05,Buttery popcorn
10.0,1.49,0.0,1.0,2004-04-06,Buttery popcorn
10.0,1.49,0.0,1.0,2004-04-07,Buttery popcorn
9.0,1.49,0.0,1.0,2004-04-08,Buttery popcorn
10.0,1.49,0.0,1.0,2004-04-09,Buttery popcorn
16.0,1.49,0.0,1.0,2004-04-10,Buttery popcorn
0.0,1.49,0.0,1.0,2004-04-11,Buttery popcorn
9.0,1.49,0.0,1.0,2004-04-12,Buttery popcorn
6.0,1.49,0.0,1.0,2004-04-13,Buttery popcorn
9.0,1.49,0.0,0.0,2004-04-14,Buttery popcorn
7.0,1.49,0.0,0.0,2004-04-15,Buttery popcorn
15.0,1.49,0.0,0.0,2004-04-16,Buttery popcorn
1.0,1.49,0.0,0.0,2004-04-17,Buttery popcorn
0.0,1.49,0.0,0.0,2004-04-18,Buttery popcorn
0.0,1.49,0.0,0.0,2004-04-19,Buttery popcorn
0.0,1.49,0.0,0.0,2004-04-20,Buttery popcorn
0.0,1.49,0.0,0.0,2004-04-21,Buttery popcorn
0.0,1.49,0.0,0.0,2004-04-22,Buttery popcorn
0.0,1.49,0.0,0.0,2004-04-23,Buttery popcorn
0.0,1.49,0.0,0.0,2004-04-24,Buttery popcorn
0.0,1.49,0.0,0.0,2004-04-25,Buttery popcorn
0.0,1.49,0.0,0.0,2004-04-26,Buttery popcorn
0.0,1.49,0.0,0.0,2004-04-27,Buttery popcorn
0.0,1.49,0.0,0.0,2004-04-28,Buttery popcorn
0.0,1.49,0.0,0.0,2004-04-29,Buttery popcorn
0.0,1.49,0.0,0.0,2004-04-30,Buttery popcorn
0.0,1.49,0.0,0.0,2004-05-01,Buttery popcorn
0.0,1.49,0.0,0.0,2004-05-02,Buttery popcorn
0.0,1.49,0.0,0.0,2004-05-03,Buttery popcorn
0.0,1.49,0.0,0.0,2004-05-04,Buttery popcorn
0.0,1.49,0.0,1.0,2004-05-05,Buttery popcorn
0.0,1.49,0.0,1.0,2004-05-06,Buttery popcorn
2.0,1.99,0.0,1.0,2004-05-07,Buttery popcorn
5.0,1.99,0.0,1.0,2004-05-08,Buttery popcorn
4.0,1.99,0.0,1.0,2004-05-09,Buttery popcorn
10.0,1.99,0.0,1.0,2004-05-10,Buttery popcorn
5.0,1.99,0.0,1.0,2004-05-11,Buttery popcorn
6.0,1.99,0.0,0.0,2004-05-12,Buttery popcorn
8.0,1.99,0.0,0.0,2004-05-13,Buttery popcorn
6.0,1.99,0.0,0.0,2004-05-14,Buttery popcorn
6.0,1.99,0.0,0.0,2004-05-15,Buttery popcorn
7.0,1.99,0.0,0.0,2004-05-16,Buttery popcorn
4.0,1.99,0.0,0.0,2004-05-17,Buttery popcorn
5.0,1.99,0.0,0.0,2004-05-18,Buttery popcorn
8.0,1.99,0.0,0.0,2004-05-19,Buttery popcorn
4.0,1.99,0.0,0.0,2004-05-20,Buttery popcorn
8.0,1.99,0.0,0.0,2004-05-21,Buttery popcorn
8.0,1.99,0.0,0.0,2004-05-22,Buttery popcorn
3.0,1.99,0.0,0.0,2004-05-23,Buttery popcorn
13.0,1.99,0.0,0.0,2004-05-24,Buttery popcorn
2.0,1.99,0.0,0.0,2004-05-25,Buttery popcorn
6.0,1.99,0.0,1.0,2004-05-26,Buttery popcorn
11.0,1.99,0.0,1.0,2004-05-27,Buttery popcorn
2.0,1.99,0.0,1.0,2004-05-28,Buttery popcorn
9.0,1.99,0.0,1.0,2004-05-29,Buttery popcorn
8.0,1.99,0.0,1.0,2004-05-30,Buttery popcorn
5.0,1.99,0.0,1.0,2004-05-31,Buttery popcorn
5.0,1.99,0.0,1.0,2004-06-01,Buttery popcorn
2.0,1.99,0.0,0.0,2004-06-02,Buttery popcorn
5.0,1.99,0.0,0.0,2004-06-03,Buttery popcorn
4.0,1.99,0.0,0.0,2004-06-04,Buttery popcorn
9.0,1.99,0.0,0.0,2004-06-05,Buttery popcorn
3.0,1.99,0.0,0.0,2004-06-06,Buttery popcorn
6.0,1.99,0.0,0.0,2004-06-07,Buttery popcorn
4.0,1.99,0.0,0.0,2004-06-08,Buttery popcorn
9.0,1.99,0.0,0.0,2004-06-09,Buttery popcorn
6.0,1.99,0.0,0.0,2004-06-10,Buttery popcorn
11.0,1.99,0.0,0.0,2004-06-11,Buttery popcorn
8.0,1.99,0.0,0.0,2004-06-12,Buttery popcorn
4.0,1.99,0.0,0.0,2004-06-13,Buttery popcorn
6.0,1.99,0.0,0.0,2004-06-14,Buttery popcorn
3.0,1.99,0.0,0.0,2004-06-15,Buttery popcorn
6.0,1.99,0.0,1.0,2004-06-16,Buttery popcorn
4.0,1.99,0.0,1.0,2004-06-17,Buttery popcorn
9.0,1.99,0.0,1.0,2004-06-18,Buttery popcorn
9.0,1.99,0.0,1.0,2004-06-19,Buttery popcorn
3.0,1.99,0.0,1.0,2004-06-20,Buttery popcorn
4.0,1.99,0.0,1.0,2004-06-21,Buttery popcorn
3.0,1.99,0.0,1.0,2004-06-22,Buttery popcorn
7.0,1.99,0.0,0.0,2004-06-23,Buttery popcorn
3.0,1.99,0.0,0.0,2004-06-24,Buttery popcorn
5.0,1.99,0.0,0.0,2004-06-25,Buttery popcorn
3.0,1.99,0.0,0.0,2004-06-26,Buttery popcorn
5.0,1.99,0.0,0.0,2004-06-27,Buttery popcorn
7.0,1.99,0.0,0.0,2004-06-28,Buttery popcorn
2.0,1.99,0.0,0.0,2004-06-29,Buttery popcorn
6.0,1.99,0.0,1.0,2004-06-30,Buttery popcorn
7.0,1.99,0.0,1.0,2004-07-01,Buttery popcorn
3.0,1.99,0.0,1.0,2004-07-02,Buttery popcorn
5.0,1.99,0.0,1.0,2004-07-03,Buttery popcorn
6.0,1.99,0.0,1.0,2004-07-04,Buttery popcorn
6.0,1.99,0.0,1.0,2004-07-05,Buttery popcorn
3.0,1.99,0.0,1.0,2004-07-06,Buttery popcorn
8.0,1.99,0.0,0.0,2004-07-07,Buttery popcorn
5.0,1.99,0.0,0.0,2004-07-08,Buttery popcorn
9.0,1.99,0.0,0.0,2004-07-09,Buttery popcorn
8.0,1.99,0.0,0.0,2004-07-10,Buttery popcorn
4.0,1.99,0.0,0.0,2004-07-11,Buttery popcorn
8.0,1.99,0.0,0.0,2004-07-12,Buttery popcorn
7.0,1.99,0.0,0.0,2004-07-13,Buttery popcorn
6.0,1.99,0.0,0.0,2004-07-14,Buttery popcorn
4.0,1.99,0.0,0.0,2004-07-15,Buttery popcorn
7.0,1.99,0.0,0.0,2004-07-16,Buttery popcorn
10.0,1.99,0.0,0.0,2004-07-17,Buttery popcorn
0.0,1.99,0.0,0.0,2004-07-18,Buttery popcorn
3.0,1.99,0.0,0.0,2004-07-19,Buttery popcorn
5.0,1.99,0.0,0.0,2004-07-20,Buttery popcorn
4.0,1.99,0.0,0.0,2004-07-21,Buttery popcorn
5.0,1.99,0.0,0.0,2004-07-22,Buttery popcorn
5.0,1.99,0.0,0.0,2004-07-23,Buttery popcorn
10.0,1.99,0.0,0.0,2004-07-24,Buttery popcorn
6.0,1.99,0.0,0.0,2004-07-25,Buttery popcorn
3.0,1.99,0.0,0.0,2004-07-26,Buttery popcorn
3.0,1.99,0.0,0.0,2004-07-27,Buttery popcorn
7.0,1.99,0.0,0.0,2004-07-28,Buttery popcorn
6.0,1.99,0.0,0.0,2004-07-29,Buttery popcorn
4.0,1.99,0.0,0.0,2004-07-30,Buttery popcorn
5.0,1.99,0.0,0.0,2004-07-31,Buttery popcorn
5.0,1.99,0.0,0.0,2004-08-01,Buttery popcorn
9.0,1.99,0.0,0.0,2004-08-02,Buttery popcorn
2.0,1.99,0.0,0.0,2004-08-03,Buttery popcorn
8.0,1.99,0.0,0.0,2004-08-04,Buttery popcorn
3.0,1.99,0.0,0.0,2004-08-05,Buttery popcorn
10.0,1.99,0.0,0.0,2004-08-06,Buttery popcorn
