csv/SAS provided CSV/SNACKS.csv
QtySold,Price,Advertised,Holiday,Date,Product
9.0,1.99,0.0,0.0,2004-08-07,Buttery popcorn
4.0,1.99,0.0,0.0,2004-08-08,Buttery popcorn
7.0,1.99,0.0,0.0,2004-08-09,Buttery popcorn
6.0,1.99,0.0,0.0,2004-08-10,Buttery popcorn
9.0,1.99,0.0,0.0,2004-08-11,Buttery popcorn
6.0,1.99,0.0,0.0,2004-08-12,Buttery popcorn
9.0,1.99,0.0,0.0,2004-08-13,Buttery popcorn
5.0,1.99,0.0,0.0,2004-08-14,Buttery popcorn
5.0,1.99,0.0,0.0,2004-08-15,Buttery popcorn
8.0,1.99,0.0,0.0,2004-08-16,Buttery popcorn
10.0,1.99,0.0,0.0,2004-08-17,Buttery popcorn
6.0,1.99,0.0,0.0,2004-08-18,Buttery popcorn
2.0,1.99,0.0,0.0,2004-08-19,Buttery popcorn
7.0,1.99,0.0,0.0,2004-08-20,Buttery popcorn
6.0,1.99,0.0,0.0,2004-08-21,Buttery popcorn
6.0,1.99,0.0,0.0,2004-08-22,Buttery popcorn
3.0,1.99,0.0,0.0,2004-08-23,Buttery popcorn
2.0,1.99,0.0,0.0,2004-08-24,Buttery popcorn
4.0,1.99,0.0,0.0,2004-08-25,Buttery popcorn
7.0,1.99,0.0,0.0,2004-08-26,Buttery popcorn
5.0,1.99,0.0,0.0,2004-08-27,Buttery popcorn
8.0,1.99,0.0,0.0,2004-08-28,Buttery popcorn
6.0,1.99,0.0,0.0,2004-08-29,Buttery popcorn
3.0,1.99,0.0,0.0,2004-08-30,Buttery popcorn
7.0,1.99,0.0,0.0,2004-08-31,Buttery popcorn
7.0,1.49,1.0,1.0,2004-09-01,Buttery popcorn
4.0,1.49,1.0,1.0,2004-09-02,Buttery popcorn
9.0,1.49,1.0,1.0,2004-09-03,Buttery popcorn
15.0,1.49,1.0,1.0,2004-09-04,Buttery popcorn
10.0,1.49,1.0,1.0,2004-09-05,Buttery popcorn
12.0,1.49,1.0,1.0,2004-09-06,Buttery popcorn
10.0,1.49,1.0,1.0,2004-09-07,Buttery popcorn
3.0,1.99,0.0,0.0,2004-09-08,Buttery popcorn
6.0,1.99,0.0,0.0,2004-09-09,Buttery popcorn
9.0,1.99,0.0,0.0,2004-09-10,Buttery popcorn
7.0,1.99,0.0,0.0,2004-09-11,Buttery popcorn
4.0,1.99,0.0,0.0,2004-09-12,Buttery popcorn
4.0,1.99,0.0,0.0,2004-09-13,Buttery popcorn
7.0,1.99,0.0,0.0,2004-09-14,Buttery popcorn
2.0,1.99,0.0,0.0,2004-09-15,Buttery popcorn
6.0,1.99,0.0,0.0,2004-09-16,Buttery popcorn
6.0,1.99,0.0,0.0,2004-09-17,Buttery popcorn
6.0,1.99,0.0,0.0,2004-09-18,Buttery popcorn
9.0,1.99,0.0,0.0,2004-09-19,Buttery popcorn
5.0,1.99,0.0,0.0,2004-09-20,Buttery popcorn
8.0,1.99,0.0,0.0,2004-09-21,Buttery popcorn
5.0,1.99,0.0,0.0,2004-09-22,Buttery popcorn
3.0,1.99,0.0,0.0,2004-09-23,Buttery popcorn
7.0,1.99,0.0,0.0,2004-09-24,Buttery popcorn
6.0,1.99,0.0,0.0,2004-09-25,Buttery popcorn
7.0,1.99,0.0,0.0,2004-09-26,Buttery popcorn
4.0,1.99,0.0,0.0,2004-09-27,Buttery popcorn
10.0,1.99,0.0,0.0,2004-09-28,Buttery popcorn
3.0,1.99,0.0,0.0,2004-09-29,Buttery popcorn
8.0,1.99,0.0,0.0,2004-09-30,Buttery popcorn
10.0,1.99,0.0,0.0,2004-10-01,Buttery popcorn
7.0,1.99,0.0,0.0,2004-10-02,Buttery popcorn
1.0,1.99,0.0,0.0,2004-10-03,Buttery popcorn
1.0,1.99,0.0,0.0,2004-10-04,Buttery popcorn
7.0,1.99,0.0,0.0,2004-10-05,Buttery popcorn
4.0,1.99,0.0,0.0,2004-10-06,Buttery popcorn
3.0,1.99,0.0,0.0,2004-10-07,Buttery popcorn
5.0,1.99,0.0,0.0,2004-10-08,Buttery popcorn
5.0,1.99,0.0,0.0,2004-10-09,Buttery popcorn
10.0,1.99,0.0,0.0,2004-10-10,Buttery popcorn
8.0,1.99,0.0,0.0,2004-10-11,Buttery popcorn
6.0,1.99,0.0,0.0,2004-10-12,Buttery popcorn
5.0,1.99,0.0,0.0,2004-10-13,Buttery popcorn
6.0,1.99,0.0,0.0,2004-10-14,Buttery popcorn
3.0,1.99,0.0,0.0,2004-10-15,Buttery popcorn
7.0,1.99,0.0,0.0,2004-10-16,Buttery popcorn
5.0,1.99,0.0,0.0,2004-10-17,Buttery popcorn
5.0,1.99,0.0,0.0,2004-10-18,Buttery popcorn
2.0,1.49,0.0,0.0,2002-01-01,Cheddar cheese break sticks
12.0,1.49,0.0,0.0,2002-01-02,Cheddar cheese break sticks
2.0,1.49,0.0,0.0,2002-01-03,Cheddar cheese break sticks
2.0,1.49,0.0,0.0,2002-01-04,Cheddar cheese break sticks
6.0,1.49,0.0,0.0,2002-01-05,Cheddar cheese break sticks
2.0,1.49,0.0,0.0,2002-01-06,Cheddar cheese break sticks
1.0,1.49,0.0,0.0,2002-01-07,Cheddar cheese break sticks
0.0,1.49,0.0,0.0,2002-01-08,Cheddar cheese break sticks
3.0,1.49,0.0,0.0,2002-01-09,Cheddar cheese break sticks
2.0,1.49,0.0,0.0,2002-01-10,Cheddar cheese break sticks
3.0,1.49,0.0,0.0,2002-01-11,Cheddar cheese break sticks
1.0,1.49,0.0,0.0,2002-01-12,Cheddar cheese break sticks
3.0,1.49,0.0,0.0,2002-01-13,Cheddar cheese break sticks
2.0,1.49,0.0,0.0,2002-01-14,Cheddar cheese break sticks
3.0,1.49,0.0,0.0,2002-01-15,Cheddar cheese break sticks
4.0,1.49,0.0,0.0,2002-01-16,Cheddar cheese break sticks
0.0,1.49,0.0,0.0,2002-01-17,Cheddar cheese break sticks
4.0,1.49,0.0,0.0,2002-01-18,Cheddar cheese break sticks
5.0,1.49,0.0,0.0,2002-01-19,Cheddar cheese break sticks
4.0,1.49,0.0,0.0,2002-01-20,Cheddar cheese break sticks
2.0,1.49,0.0,0.0,2002-01-21,Cheddar cheese break sticks
1.0,1.49,0.0,0.0,2002-01-22,Cheddar cheese break sticks
2.0,1.49,0.0,0.0,2002-01-23,Cheddar cheese break sticks
1.0,1.49,0.0,0.0,2002-01-24,Cheddar cheese break sticks
3.0,1.49,0.0,0.0,2002-01-25,Cheddar cheese break sticks
4.0,1.49,0.0,0.0,2002-01-26,Cheddar cheese break sticks
1.0,1.49,0.0,0.0,2002-01-27,Cheddar cheese break sticks
1.0,1.49,0.0,0.0,2002-01-28,Cheddar cheese break sticks
0.0,1.49,0.0,0.0,2002-01-29,Cheddar cheese break sticks
0.0,1.49,0.0,1.0,2002-01-30,Cheddar cheese break sticks
0.0,1.49,0.0,1.0,2002-01-31,Cheddar cheese break sticks
3.0,1.49,0.0,1.0,2002-02-01,Cheddar cheese break sticks
7.0,1.49,0.0,1.0,2002-02-02,Cheddar cheese break sticks
4.0,1.49,0.0,1.0,2002-02-03,Cheddar cheese break sticks
3.0,1.49,0.0,1.0,2002-02-04,Cheddar cheese break sticks
4.0,1.49,0.0,1.0,2002-02-05,Cheddar cheese break sticks
3.0,1.49,0.0,0.0,2002-02-06,Cheddar cheese break sticks
4.0,1.49,0.0,0.0,2002-02-07,Cheddar cheese break sticks
4.0,1.49,0.0,0.0,2002-02-08,Cheddar cheese break sticks
2.0,1.49,0.0,0.0,2002-02-09,Cheddar cheese break sticks
2.0,1.49,0.0,0.0,2002-02-10,Cheddar cheese break sticks
2.0,1.49,0.0,0.0,2002-02-11,Cheddar cheese break sticks
2.0,1.49,0.0,0.0,2002-02-12,Cheddar cheese break sticks
3.0,1.49,0.0,1.0,2002-02-13,Cheddar cheese break sticks
3.0,1.49,0.0,1.0,2002-02-14,Cheddar cheese break sticks
0.0,1.49,0.0,1.0,2002-02-15,Cheddar cheese break sticks
6.0,1.49,0.0,1.0,2002-02-16,Cheddar cheese break sticks
4.0,1.49,0.0,1.0,2002-02-17,Cheddar cheese break sticks
2.0,1.49,0.0,1.0,2002-02-18,Cheddar cheese break sticks
2.0,1.49,0.0,1.0,2002-02-19,Cheddar cheese break sticks
3.0,1.49,0.0,0.0,2002-02-20,Cheddar cheese break sticks
2.0,1.49,0.0,0.0,2002-02-21,Cheddar cheese break sticks
2.0,1.49,0.0,0.0,2002-02-22,Cheddar cheese break sticks
3.0,1.49,0.0,0.0,2002-02-23,Cheddar cheese break sticks
2.0,1.49,0.0,0.0,2002-02-24,Cheddar cheese break sticks
2.0,1.49,0.0,0.0,2002-02-25,Cheddar cheese break sticks
3.0,1.49,0.0,0.0,2002-02-26,Cheddar cheese break sticks
2.0,1.49,0.0,0.0,2002-02-27,Cheddar cheese break sticks
0.0,1.49,0.0,0.0,2002-02-28,Cheddar cheese break sticks
1.0,1.49,0.0,0.0,2002-03-01,Cheddar cheese break sticks
3.0,1.49,0.0,0.0,2002-03-02,Cheddar cheese break sticks
2.0,1.49,0.0,0.0,2002-03-03,Cheddar cheese break sticks
7.0,1.49,0.0,0.0,2002-03-04,Cheddar cheese break sticks
0.0,1.49,0.0,0.0,2002-03-05,Cheddar cheese break sticks
2.0,1.49,0.0,0.0,2002-03-06,Cheddar cheese break sticks
0.0,1.49,0.0,0.0,2002-03-07,Cheddar cheese break sticks
5.0,1.49,0.0,0.0,2002-03-08,Cheddar cheese break sticks
2.0,1.49,0.0,0.0,2002-03-09,Cheddar cheese break sticks
3.0,1.49,0.0,0.0,2002-03-10,Cheddar cheese break sticks
2.0,1.49,0.0,0.0,2002-03-11,Cheddar cheese break sticks
1.0,1.49,0.0,0.0,2002-03-12,Cheddar cheese break sticks
7.0,1.49,0.0,0.0,2002-03-13,Cheddar cheese break sticks
0.0,1.49,0.0,0.0,2002-03-14,Cheddar cheese break sticks
6.0,1.49,0.0,0.0,2002-03-15,Cheddar cheese break sticks
8.0,1.49,0.0,0.0,2002-03-16,Cheddar cheese break sticks
3.0,1.49,0.0,0.0,2002-03-17,Cheddar cheese break sticks
1.0,1.49,0.0,0.0,2002-03-18,Cheddar cheese break sticks
1.0,1.49,0.0,0.0,2002-03-19,Cheddar cheese break sticks
1.0,1.49,0.0,1.0,2002-03-20,Cheddar cheese break sticks
1.0,1.49,0.0,1.0,2002-03-21,Cheddar cheese break sticks
5.0,1.49,0.0,1.0,2002-03-22,Cheddar cheese break sticks
5.0,1.49,0.0,1.0,2002-03-23,Cheddar cheese break sticks
3.0,1.49,0.0,1.0,2002-03-24,Cheddar cheese break sticks
3.0,1.49,0.0,1.0,2002-03-25,Cheddar cheese break sticks
1.0,1.49,0.0,1.0,2002-03-26,Cheddar cheese break sticks
1.0,1.49,0.0,1.0,2002-03-27,Cheddar cheese break sticks
2.0,1.49,0.0,1.0,2002-03-28,Cheddar cheese break sticks
3.0,1.49,0.0,1.0,2002-03-29,Cheddar cheese break sticks
3.0,1.49,0.0,1.0,2002-03-30,Cheddar cheese break sticks
0.0,1.49,0.0,1.0,2002-03-31,Cheddar cheese break sticks
2.0,1.49,0.0,1.0,2002-04-01,Cheddar cheese break sticks
0.0,1.49,0.0,1.0,2002-04-02,Cheddar cheese break sticks
3.0,1.49,0.0,0.0,2002-04-03,Cheddar cheese break sticks
0.0,1.49,0.0,0.0,2002-04-04,Cheddar cheese break sticks
2.0,1.49,0.0,0.0,2002-04-05,Cheddar cheese break sticks
2.0,1.49,0.0,0.0,2002-04-06,Cheddar cheese break sticks
4.0,1.49,0.0,0.0,2002-04-07,Cheddar cheese break sticks
3.0,1.49,0.0,0.0,2002-04-08,Cheddar cheese break sticks
3.0,1.49,0.0,0.0,2002-04-09,Cheddar cheese break sticks
1.0,1.49,0.0,0.0,2002-04-10,Cheddar cheese break sticks
3.0,1.49,0.0,0.0,2002-04-11,Cheddar cheese break sticks
5.0,1.49,0.0,0.0,2002-04-12,Cheddar cheese break sticks
2.0,1.49,0.0,0.0,2002-04-13,Cheddar cheese break sticks
2.0,1.49,0.0,0.0,2002-04-14,Cheddar cheese break sticks
3.0,1.49,0.0,0.0,2002-04-15,Cheddar cheese break sticks
2.0,1.49,0.0,0.0,2002-04-16,Cheddar cheese break sticks
1.0,1.49,0.0,0.0,2002-04-17,Cheddar cheese break sticks
0.0,1.49,0.0,0.0,2002-04-18,Cheddar cheese break sticks
0.0,1.49,0.0,0.0,2002-04-19,Cheddar cheese break sticks
0.0,1.49,0.0,0.0,2002-04-20,Cheddar cheese break sticks
1.0,1.49,0.0,0.0,2002-04-21,Cheddar cheese break sticks
2.0,1.49,0.0,0.0,2002-04-22,Cheddar cheese break sticks
2.0,1.49,0.0,0.0,2002-04-23,Cheddar cheese break sticks
0.0,1.49,0.0,0.0,2002-04-24,Cheddar cheese break sticks
2.0,1.49,0.0,0.0,2002-04-25,Cheddar cheese break sticks
2.0,1.49,0.0,0.0,2002-04-26,Cheddar cheese break sticks
4.0,1.49,0.0,0.0,2002-04-27,Cheddar cheese break sticks
2.0,1.49,0.0,0.0,2002-04-28,Cheddar cheese break sticks
5.0,1.49,0.0,0.0,2002-04-29,Cheddar cheese break sticks
1.0,1.49,0.0,0.0,2002-04-30,Cheddar cheese break sticks
1.0,1.49,0.0,0.0,2002-05-01,Cheddar cheese break sticks
1.0,1.49,0.0,0.0,2002-05-02,Cheddar cheese break sticks
3.0,1.49,0.0,0.0,2002-05-03,Cheddar cheese break sticks
3.0,1.49,0.0,0.0,2002-05-04,Cheddar cheese break sticks
0.0,1.49,0.0,0.0,2002-05-05,Cheddar cheese break sticks
3.0,1.49,0.0,0.0,2002-05-06,Cheddar cheese break sticks
0.0,1.49,0.0,0.0,2002-05-07,Cheddar cheese break sticks
0.0,1.49,0.0,1.0,2002-05-08,Cheddar cheese break sticks
0.0,1.49,0.0,1.0,2002-05-09,Cheddar cheese break sticks
0.0,1.49,0.0,1.0,2002-05-10,Cheddar cheese break sticks
2.0,1.49,0.0,1.0,2002-05-11,Cheddar cheese break sticks
1.0,1.49,0.0,1.0,2002-05-12,Cheddar cheese break sticks
2.0,1.49,0.0,1.0,2002-05-13,Cheddar cheese break sticks
3.0,1.49,0.0,1.0,2002-05-14,Cheddar cheese break sticks
2.0,1.49,0.0,0.0,2002-05-15,Cheddar cheese break sticks
0.0,1.49,0.0,0.0,2002-05-16,Cheddar cheese break sticks
2.0,1.49,0.0,0.0,2002-05-17,Cheddar cheese break sticks
1.0,1.49,0.0,0.0,2002-05-18,Cheddar cheese break sticks
1.0,1.49,0.0,0.0,2002-05-19,Cheddar cheese break sticks
0.0,1.49,0.0,0.0,2002-05-20,Cheddar cheese break sticks
2.0,1.49,0.0,0.0,2002-05-21,Cheddar cheese break sticks
1.0,1.49,0.0,1.0,2002-05-22,Cheddar cheese break sticks
1.0,1.49,0.0,1.0,2002-05-23,Cheddar cheese break sticks
4.0,1.49,0.0,1.0,2002-05-24,Cheddar cheese break sticks
2.0,1.49,0.0,1.0,2002-05-25,Cheddar cheese break sticks
0.0,1.49,0.0,1.0,2002-05-26,Cheddar cheese break sticks
0.0,1.49,0.0,1.0,2002-05-27,Cheddar cheese break sticks
1.0,1.49,0.0,1.0,2002-05-28,Cheddar cheese break sticks
3.0,1.49,0.0,0.0,2002-05-29,Cheddar cheese break sticks
0.0,1.49,0.0,0.0,2002-05-30,Cheddar cheese break sticks
3.0,1.49,0.0,0.0,2002-05-31,Cheddar cheese break sticks
2.0,1.49,0.0,0.0,2002-06-01,Cheddar cheese break sticks
0.0,1.49,0.0,0.0,2002-06-02,Cheddar cheese break sticks
1.0,1.49,0.0,0.0,2002-06-03,Cheddar cheese break sticks
0.0,1.49,0.0,0.0,2002-06-04,Cheddar cheese break sticks
1.0,1.49,0.0,0.0,2002-06-05,Cheddar cheese break sticks
2.0,1.49,0.0,0.0,2002-06-06,Cheddar cheese break sticks
3.0,1.49,0.0,0.0,2002-06-07,Cheddar cheese break sticks
2.0,1.49,0.0,0.0,2002-06-08,Cheddar cheese break sticks
0.0,1.49,0.0,0.0,2002-06-09,Cheddar cheese break sticks
2.0,1.49,0.0,0.0,2002-06-10,Cheddar cheese break sticks
2.0,1.49,0.0,0.0,2002-06-11,Cheddar cheese break sticks
0.0,1.49,0.0,1.0,2002-06-12,Cheddar cheese break sticks
3.0,1.49,0.0,1.0,2002-06-13,Cheddar cheese break sticks
0.0,1.49,0.0,1.0,2002-06-14,Cheddar cheese break sticks
2.0,1.49,0.0,1.0,2002-06-15,Cheddar cheese break sticks
2.0,1.49,0.0,1.0,2002-06-16,Cheddar cheese break sticks
0.0,1.49,0.0,1.0,2002-06-17,Cheddar cheese break sticks
1.0,1.49,0.0,1.0,2002-06-18,Cheddar cheese break sticks
1.0,1.49,0.0,0.0,2002-06-19,Cheddar cheese break sticks
0.0,1.49,0.0,0.0,2002-06-20,Cheddar cheese break sticks
3.0,1.49,0.0,0.0,2002-06-21,Cheddar cheese break sticks
2.0,1.49,0.0,0.0,2002-06-22,Cheddar cheese break sticks
1.0,1.49,0.0,0.0,2002-06-23,Cheddar cheese break sticks
2.0,1.49,0.0,0.0,2002-06-24,Cheddar cheese break sticks
1.0,1.49,0.0,0.0,2002-06-25,Cheddar cheese break sticks
0.0,1.49,0.0,0.0,2002-06-26,Cheddar cheese break sticks
3.0,1.49,0.0,0.0,2002-06-27,Cheddar cheese break sticks
1.0,1.49,0.0,0.0,2002-06-28,Cheddar cheese break sticks
0.0,1.49,0.0,0.0,2002-06-29,Cheddar cheese break sticks
1.0,1.49,0.0,0.0,2002-06-30,Cheddar cheese break sticks
0.0,1.49,0.0,0.0,2002-07-01,Cheddar cheese break sticks
0.0,1.49,0.0,0.0,2002-07-02,Cheddar cheese break sticks
2.0,1.49,0.0,1.0,2002-07-03,Cheddar cheese break sticks
1.0,1.49,0.0,1.0,2002-07-04,Cheddar cheese break sticks
0.0,1.49,0.0,1.0,2002-07-05,Cheddar cheese break sticks
1.0,1.49,0.0,1.0,2002-07-06,Cheddar cheese break sticks
2.0,1.49,0.0,1.0,2002-07-07,Cheddar cheese break sticks
1.0,1.49,0.0,1.0,2002-07-08,Cheddar cheese break sticks
2.0,1.49,0.0,1.0,2002-07-09,Cheddar cheese break sticks
2.0,1.49,0.0,0.0,2002-07-10,Cheddar cheese break sticks
2.0,1.49,0.0,0.0,2002-07-11,Cheddar cheese break sticks
2.0,1.49,0.0,0.0,2002-07-12,Cheddar cheese break sticks
3.0,1.49,0.0,0.0,2002-07-13,Cheddar cheese break sticks
1.0,1.49,0.0,0.0,2002-07-14,Cheddar cheese break sticks
1.0,1.49,0.0,0.0,2002-07-15,Cheddar cheese break sticks
1.0,1.49,0.0,0.0,2002-07-16,Cheddar cheese break sticks
3.0,1.49,0.0,0.0,2002-07-17,Cheddar cheese break sticks
1.0,1.49,0.0,0.0,2002-07-18,Cheddar cheese break sticks
0.0,1.49,0.0,0.0,2002-07-19,Cheddar cheese break sticks
2.0,1.49,0.0,0.0,2002-07-20,Cheddar cheese break sticks
0.0,1.49,0.0,0.0,2002-07-21,Cheddar cheese break sticks
0.0,1.49,0.0,0.0,2002-07-22,Cheddar cheese break sticks
2.0,1.49,0.0,0.0,2002-07-23,Cheddar cheese break sticks
1.0,1.49,0.0,0.0,2002-07-24,Cheddar cheese break sticks
1.0,1.49,0.0,0.0,2002-07-25,Cheddar cheese break sticks
2.0,1.49,0.0,0.0,2002-07-26,Cheddar cheese break sticks
3.0,1.49,0.0,0.0,2002-07-27,Cheddar cheese break sticks
2.0,1.49,0.0,0.0,2002-07-28,Cheddar cheese break sticks
1.0,1.49,0.0,0.0,2002-07-29,Cheddar cheese break sticks
2.0,1.49,0.0,0.0,2002-07-30,Cheddar cheese break sticks
0.0,1.49,0.0,0.0,2002-07-31,Cheddar cheese break sticks
2.0,1.49,0.0,0.0,2002-08-01,Cheddar cheese break sticks
1.0,1.49,0.0,0.0,2002-08-02,Cheddar cheese break sticks
2.0,1.49,0.0,0.0,2002-08-03,Cheddar cheese break sticks
0.0,1.49,0.0,0.0,2002-08-04,Cheddar cheese break sticks
2.0,1.49,0.0,0.0,2002-08-05,Cheddar cheese break sticks
1.0,1.49,0.0,0.0,2002-08-06,Cheddar cheese break sticks
1.0,1.49,0.0,0.0,2002-08-07,Cheddar cheese break sticks
1.0,1.49,0.0,0.0,2002-08-08,Cheddar cheese break sticks
0.0,1.49,0.0,0.0,2002-08-09,Cheddar cheese break sticks
2.0,1.49,0.0,0.0,2002-08-10,Cheddar cheese break sticks
0.0,1.49,0.0,0.0,2002-08-11,Cheddar cheese break sticks
0.0,1.49,0.0,0.0,2002-08-12,Cheddar cheese break sticks
1.0,1.49,0.0,0.0,2002-08-13,Cheddar cheese break sticks
1.0,1.49,0.0,0.0,2002-08-14,Cheddar cheese break sticks
2.0,1.49,0.0,0.0,2002-08-15,Cheddar cheese break sticks
0.0,1.49,0.0,0.0,2002-08-16,Cheddar cheese break sticks
2.0,1.49,0.0,0.0,2002-08-17,Cheddar cheese break sticks
0.0,1.49,0.0,0.0,2002-08-18,Cheddar cheese break sticks
2.0,1.49,0.0,0.0,2002-08-19,Cheddar cheese break sticks
1.0,1.49,0.0,0.0,2002-08-20,Cheddar cheese break sticks
1.0,1.49,0.0,0.0,2002-08-21,Cheddar cheese break sticks
0.0,1.49,0.0,0.0,2002-08-22,Cheddar cheese break sticks
1.0,1.49,0.0,0.0,2002-08-23,Cheddar cheese break sticks
0.0,1.49,0.0,0.0,2002-08-24,Cheddar cheese break sticks
3.0,1.49,0.0,0.0,2002-08-25,Cheddar cheese break sticks
1.0,1.49,0.0,0.0,2002-08-26,Cheddar cheese break sticks
2.0,1.49,0.0,0.0,2002-08-27,Cheddar cheese break sticks
0.0,1.49,0.0,1.0,2002-08-28,Cheddar cheese break sticks
1.0,1.49,0.0,1.0,2002-08-29,Cheddar cheese break sticks
0.0,1.49,0.0,1.0,2002-08-30,Cheddar cheese break sticks
1.0,1.49,0.0,1.0,2002-08-31,Cheddar cheese break sticks
3.0,1.49,0.0,1.0,2002-09-01,Cheddar cheese break sticks
1.0,1.49,0.0,1.0,2002-09-02,Cheddar cheese break sticks
1.0,1.49,0.0,1.0,2002-09-03,Cheddar cheese break sticks
0.0,1.49,0.0,0.0,2002-09-04,Cheddar cheese break sticks
2.0,1.49,0.0,0.0,2002-09-05,Cheddar cheese break sticks
1.0,1.49,0.0,0.0,2002-09-06,Cheddar cheese break sticks
0.0,1.49,0.0,0.0,2002-09-07,Cheddar cheese break sticks
0.0,1.49,0.0,0.0,2002-09-08,Cheddar cheese break sticks
0.0,1.49,0.0,0.0,2002-09-09,Cheddar cheese break sticks
1.0,1.49,0.0,0.0,2002-09-10,Cheddar cheese break sticks
1.0,1.49,0.0,0.0,2002-09-11,Cheddar cheese break sticks
3.0,1.49,0.0,0.0,2002-09-12,Cheddar cheese break sticks
1.0,1.49,0.0,0.0,2002-09-13,Cheddar cheese break sticks
3.0,1.49,0.0,0.0,2002-09-14,Cheddar cheese break sticks
0.0,1.49,0.0,0.0,2002-09-15,Cheddar cheese break sticks
1.0,1.49,0.0,0.0,2002-09-16,Cheddar cheese break sticks
0.0,1.49,0.0,0.0,2002-09-17,Cheddar cheese break sticks
1.0,1.49,0.0,0.0,2002-09-18,Cheddar cheese break sticks
1.0,1.49,0.0,0.0,2002-09-19,Cheddar cheese break sticks
