csv/SAS provided CSV/SNACKS.csv
QtySold,Price,Advertised,Holiday,Date,Product
3.0,1.49,0.0,0.0,2003-08-06,Cheddar cheese break sticks
0.0,1.49,0.0,0.0,2003-08-07,Cheddar cheese break sticks
2.0,1.49,0.0,0.0,2003-08-08,Cheddar cheese break sticks
5.0,1.49,0.0,0.0,2003-08-09,Cheddar cheese break sticks
0.0,1.49,0.0,0.0,2003-08-10,Cheddar cheese break sticks
1.0,1.49,0.0,0.0,2003-08-11,Cheddar cheese break sticks
3.0,1.49,0.0,0.0,2003-08-12,Cheddar cheese break sticks
0.0,1.49,0.0,0.0,2003-08-13,Cheddar cheese break sticks
1.0,1.49,0.0,0.0,2003-08-14,Cheddar cheese break sticks
3.0,1.49,0.0,0.0,2003-08-15,Cheddar cheese break sticks
1.0,1.49,0.0,0.0,2003-08-16,Cheddar cheese break sticks
0.0,1.49,0.0,0.0,2003-08-17,Cheddar cheese break sticks
2.0,1.49,0.0,0.0,2003-08-18,Cheddar cheese break sticks
3.0,1.49,0.0,0.0,2003-08-19,Cheddar cheese break sticks
2.0,1.49,0.0,0.0,2003-08-20,Cheddar cheese break sticks
2.0,1.49,0.0,0.0,2003-08-21,Cheddar cheese break sticks
1.0,1.49,0.0,0.0,2003-08-22,Cheddar cheese break sticks
2.0,1.49,0.0,0.0,2003-08-23,Cheddar cheese break sticks
4.0,1.49,0.0,0.0,2003-08-24,Cheddar cheese break sticks
0.0,1.49,0.0,0.0,2003-08-25,Cheddar cheese break sticks
4.0,1.49,0.0,0.0,2003-08-26,Cheddar cheese break sticks
3.0,1.49,0.0,1.0,2003-08-27,Cheddar cheese break sticks
2.0,1.49,0.0,1.0,2003-08-28,Cheddar cheese break sticks
3.0,1.49,0.0,1.0,2003-08-29,Cheddar cheese break sticks
0.0,1.49,0.0,1.0,2003-08-30,Cheddar cheese break sticks
1.0,1.49,0.0,1.0,2003-08-31,Cheddar cheese break sticks
4.0,1.49,0.0,1.0,2003-09-01,Cheddar cheese break sticks
3.0,1.49,0.0,1.0,2003-09-02,Cheddar cheese break sticks
0.0,1.49,0.0,0.0,2003-09-03,Cheddar cheese break sticks
0.0,1.49,0.0,0.0,2003-09-04,Cheddar cheese break sticks
2.0,1.49,0.0,0.0,2003-09-05,Cheddar cheese break sticks
1.0,1.49,0.0,0.0,2003-09-06,Cheddar cheese break sticks
2.0,1.49,0.0,0.0,2003-09-07,Cheddar cheese break sticks
1.0,1.49,0.0,0.0,2003-09-08,Cheddar cheese break sticks
1.0,1.49,0.0,0.0,2003-09-09,Cheddar cheese break sticks
4.0,1.49,0.0,0.0,2003-09-10,Cheddar cheese break sticks
2.0,1.49,0.0,0.0,2003-09-11,Cheddar cheese break sticks
3.0,1.49,0.0,0.0,2003-09-12,Cheddar cheese break sticks
1.0,1.49,0.0,0.0,2003-09-13,Cheddar cheese break sticks
1.0,1.49,0.0,0.0,2003-09-14,Cheddar cheese break sticks
2.0,1.49,0.0,0.0,2003-09-15,Cheddar cheese break sticks
0.0,1.49,0.0,0.0,2003-09-16,Cheddar cheese break sticks
3.0,1.49,0.0,0.0,2003-09-17,Cheddar cheese break sticks
0.0,1.49,0.0,0.0,2003-09-18,Cheddar cheese break sticks
0.0,1.49,0.0,0.0,2003-09-19,Cheddar cheese break sticks
2.0,1.49,0.0,0.0,2003-09-20,Cheddar cheese break sticks
0.0,1.49,0.0,0.0,2003-09-21,Cheddar cheese break sticks
4.0,1.49,0.0,0.0,2003-09-22,Cheddar cheese break sticks
1.0,1.49,0.0,0.0,2003-09-23,Cheddar cheese break sticks
2.0,1.49,0.0,0.0,2003-09-24,Cheddar cheese break sticks
0.0,1.49,0.0,0.0,2003-09-25,Cheddar cheese break sticks
1.0,1.49,0.0,0.0,2003-09-26,Cheddar cheese break sticks
2.0,1.49,0.0,0.0,2003-09-27,Cheddar cheese break sticks
3.0,1.49,0.0,0.0,2003-09-28,Cheddar cheese break sticks
3.0,1.49,0.0,0.0,2003-09-29,Cheddar cheese break sticks
0.0,1.49,0.0,0.0,2003-09-30,Cheddar cheese break sticks
5.0,1.49,0.0,0.0,2003-10-01,Cheddar cheese break sticks
0.0,1.49,0.0,0.0,2003-10-02,Cheddar cheese break sticks
0.0,1.49,0.0,0.0,2003-10-03,Cheddar cheese break sticks
2.0,1.49,0.0,0.0,2003-10-04,Cheddar cheese break sticks
3.0,1.49,0.0,0.0,2003-10-05,Cheddar cheese break sticks
2.0,1.49,0.0,0.0,2003-10-06,Cheddar cheese break sticks
0.0,1.49,0.0,0.0,2003-10-07,Cheddar cheese break sticks
1.0,1.49,0.0,0.0,2003-10-08,Cheddar cheese break sticks
1.0,1.49,0.0,0.0,2003-10-09,Cheddar cheese break sticks
1.0,1.49,0.0,0.0,2003-10-10,Cheddar cheese break sticks
1.0,1.49,0.0,0.0,2003-10-11,Cheddar cheese break sticks
1.0,1.49,0.0,0.0,2003-10-12,Cheddar cheese break sticks
0.0,1.49,0.0,0.0,2003-10-13,Cheddar cheese break sticks
3.0,1.49,0.0,0.0,2003-10-14,Cheddar cheese break sticks
0.0,1.49,0.0,0.0,2003-10-15,Cheddar cheese break sticks
2.0,1.49,0.0,0.0,2003-10-16,Cheddar cheese break sticks
2.0,1.49,0.0,0.0,2003-10-17,Cheddar cheese break sticks
2.0,1.49,0.0,0.0,2003-10-18,Cheddar cheese break sticks
2.0,1.49,0.0,0.0,2003-10-19,Cheddar cheese break sticks
2.0,1.49,0.0,0.0,2003-10-20,Cheddar cheese break sticks
0.0,1.49,0.0,0.0,2003-10-21,Cheddar cheese break sticks
1.0,1.49,0.0,0.0,2003-10-22,Cheddar cheese break sticks
2.0,1.49,0.0,0.0,2003-10-23,Cheddar cheese break sticks
0.0,1.49,0.0,0.0,2003-10-24,Cheddar cheese break sticks
2.0,1.49,0.0,0.0,2003-10-25,Cheddar cheese break sticks
1.0,1.49,0.0,0.0,2003-10-26,Cheddar cheese break sticks
3.0,1.49,0.0,0.0,2003-10-27,Cheddar cheese break sticks
0.0,1.49,0.0,0.0,2003-10-28,Cheddar cheese break sticks
1.0,1.49,0.0,1.0,2003-10-29,Cheddar cheese break sticks
4.0,1.49,0.0,1.0,2003-10-30,Cheddar cheese break sticks
1.0,1.49,0.0,1.0,2003-10-31,Cheddar cheese break sticks
0.0,1.49,0.0,1.0,2003-11-01,Cheddar cheese break sticks
1.0,1.49,0.0,1.0,2003-11-02,Cheddar cheese break sticks
2.0,1.49,0.0,1.0,2003-11-03,Cheddar cheese break sticks
2.0,1.49,0.0,1.0,2003-11-04,Cheddar cheese break sticks
1.0,1.49,0.0,0.0,2003-11-05,Cheddar cheese break sticks
2.0,1.49,0.0,0.0,2003-11-06,Cheddar cheese break sticks
1.0,1.49,0.0,0.0,2003-11-07,Cheddar cheese break sticks
4.0,1.49,0.0,0.0,2003-11-08,Cheddar cheese break sticks
3.0,1.49,0.0,0.0,2003-11-09,Cheddar cheese break sticks
2.0,1.49,0.0,0.0,2003-11-10,Cheddar cheese break sticks
2.0,1.49,0.0,0.0,2003-11-11,Cheddar cheese break sticks
0.0,1.49,0.0,0.0,2003-11-12,Cheddar cheese break sticks
1.0,1.49,0.0,0.0,2003-11-13,Cheddar cheese break sticks
2.0,1.49,0.0,0.0,2003-11-14,Cheddar cheese break sticks
4.0,1.49,0.0,0.0,2003-11-15,Cheddar cheese break sticks
2.0,1.49,0.0,0.0,2003-11-16,Cheddar cheese break sticks
1.0,1.49,0.0,0.0,2003-11-17,Cheddar cheese break sticks
3.0,1.49,0.0,0.0,2003-11-18,Cheddar cheese break sticks
2.0,1.49,0.0,1.0,2003-11-19,Cheddar cheese break sticks
0.0,1.49,0.0,1.0,2003-11-20,Cheddar cheese break sticks
0.0,1.49,0.0,1.0,2003-11-21,Cheddar cheese break sticks
5.0,1.49,0.0,1.0,2003-11-22,Cheddar cheese break sticks
1.0,1.49,0.0,1.0,2003-11-23,Cheddar cheese break sticks
3.0,1.49,0.0,1.0,2003-11-24,Cheddar cheese break sticks
4.0,1.49,0.0,1.0,2003-11-25,Cheddar cheese break sticks
2.0,1.49,0.0,1.0,2003-11-26,Cheddar cheese break sticks
0.0,1.49,0.0,1.0,2003-11-27,Cheddar cheese break sticks
0.0,1.49,0.0,1.0,2003-11-28,Cheddar cheese break sticks
4.0,1.49,0.0,1.0,2003-11-29,Cheddar cheese break sticks
1.0,1.49,0.0,1.0,2003-11-30,Cheddar cheese break sticks
3.0,1.49,0.0,1.0,2003-12-01,Cheddar cheese break sticks
3.0,1.49,0.0,1.0,2003-12-02,Cheddar cheese break sticks
4.0,1.49,0.0,1.0,2003-12-03,Cheddar cheese break sticks
2.0,1.49,0.0,1.0,2003-12-04,Cheddar cheese break sticks
1.0,1.49,0.0,1.0,2003-12-05,Cheddar cheese break sticks
2.0,1.49,0.0,1.0,2003-12-06,Cheddar cheese break sticks
0.0,1.49,0.0,1.0,2003-12-07,Cheddar cheese break sticks
3.0,1.49,0.0,1.0,2003-12-08,Cheddar cheese break sticks
2.0,1.49,0.0,1.0,2003-12-09,Cheddar cheese break sticks
1.0,1.49,0.0,1.0,2003-12-10,Cheddar cheese break sticks
4.0,1.49,0.0,1.0,2003-12-11,Cheddar cheese break sticks
6.0,1.49,0.0,1.0,2003-12-12,Cheddar cheese break sticks
4.0,1.49,0.0,1.0,2003-12-13,Cheddar cheese break sticks
2.0,1.49,0.0,1.0,2003-12-14,Cheddar cheese break sticks
5.0,1.49,0.0,1.0,2003-12-15,Cheddar cheese break sticks
3.0,1.49,0.0,1.0,2003-12-16,Cheddar cheese break sticks
4.0,1.49,0.0,1.0,2003-12-17,Cheddar cheese break sticks
1.0,1.49,0.0,1.0,2003-12-18,Cheddar cheese break sticks
3.0,1.49,0.0,1.0,2003-12-19,Cheddar cheese break sticks
5.0,1.49,0.0,1.0,2003-12-20,Cheddar cheese break sticks
1.0,1.49,0.0,1.0,2003-12-21,Cheddar cheese break sticks
7.0,1.49,0.0,1.0,2003-12-22,Cheddar cheese break sticks
6.0,1.49,0.0,1.0,2003-12-23,Cheddar cheese break sticks
5.0,1.49,0.0,1.0,2003-12-24,Cheddar cheese break sticks
0.0,1.49,0.0,1.0,2003-12-25,Cheddar cheese break sticks
5.0,1.49,0.0,1.0,2003-12-26,Cheddar cheese break sticks
5.0,1.49,0.0,1.0,2003-12-27,Cheddar cheese break sticks
0.0,1.49,0.0,1.0,2003-12-28,Cheddar cheese break sticks
2.0,1.49,0.0,1.0,2003-12-29,Cheddar cheese break sticks
2.0,1.49,0.0,1.0,2003-12-30,Cheddar cheese break sticks
4.0,1.49,0.0,1.0,2003-12-31,Cheddar cheese break sticks
0.0,1.49,0.0,0.0,2004-01-01,Cheddar cheese break sticks
0.0,1.49,0.0,0.0,2004-01-02,Cheddar cheese break sticks
5.0,1.49,0.0,0.0,2004-01-03,Cheddar cheese break sticks
1.0,1.49,0.0,0.0,2004-01-04,Cheddar cheese break sticks
1.0,1.49,0.0,0.0,2004-01-05,Cheddar cheese break sticks
1.0,1.49,0.0,0.0,2004-01-06,Cheddar cheese break sticks
2.0,1.49,0.0,0.0,2004-01-07,Cheddar cheese break sticks
2.0,1.49,0.0,0.0,2004-01-08,Cheddar cheese break sticks
1.0,1.49,0.0,0.0,2004-01-09,Cheddar cheese break sticks
3.0,1.49,0.0,0.0,2004-01-10,Cheddar cheese break sticks
0.0,1.49,0.0,0.0,2004-01-11,Cheddar cheese break sticks
4.0,1.49,0.0,0.0,2004-01-12,Cheddar cheese break sticks
2.0,1.49,0.0,0.0,2004-01-13,Cheddar cheese break sticks
4.0,1.49,0.0,0.0,2004-01-14,Cheddar cheese break sticks
2.0,1.49,0.0,0.0,2004-01-15,Cheddar cheese break sticks
2.0,1.49,0.0,0.0,2004-01-16,Cheddar cheese break sticks
2.0,1.49,0.0,0.0,2004-01-17,Cheddar cheese break sticks
1.0,1.49,0.0,0.0,2004-01-18,Cheddar cheese break sticks
1.0,1.49,0.0,0.0,2004-01-19,Cheddar cheese break sticks
2.0,1.49,0.0,0.0,2004-01-20,Cheddar cheese break sticks
1.0,1.49,0.0,0.0,2004-01-21,Cheddar cheese break sticks
3.0,1.49,0.0,0.0,2004-01-22,Cheddar cheese break sticks
2.0,1.49,0.0,0.0,2004-01-23,Cheddar cheese break sticks
8.0,1.49,0.0,0.0,2004-01-24,Cheddar cheese break sticks
0.0,1.49,0.0,0.0,2004-01-25,Cheddar cheese break sticks
1.0,1.49,0.0,0.0,2004-01-26,Cheddar cheese break sticks
2.0,1.49,0.0,0.0,2004-01-27,Cheddar cheese break sticks
2.0,1.49,0.0,1.0,2004-01-28,Cheddar cheese break sticks
0.0,1.49,0.0,1.0,2004-01-29,Cheddar cheese break sticks
1.0,1.49,0.0,1.0,2004-01-30,Cheddar cheese break sticks
3.0,1.49,0.0,1.0,2004-01-31,Cheddar cheese break sticks
3.0,1.49,0.0,1.0,2004-02-01,Cheddar cheese break sticks
1.0,1.49,0.0,1.0,2004-02-02,Cheddar cheese break sticks
1.0,1.49,0.0,1.0,2004-02-03,Cheddar cheese break sticks
3.0,1.49,0.0,0.0,2004-02-04,Cheddar cheese break sticks
1.0,1.49,0.0,0.0,2004-02-05,Cheddar cheese break sticks
0.0,1.49,0.0,0.0,2004-02-06,Cheddar cheese break sticks
1.0,1.49,0.0,0.0,2004-02-07,Cheddar cheese break sticks
2.0,1.49,0.0,0.0,2004-02-08,Cheddar cheese break sticks
2.0,1.49,0.0,0.0,2004-02-09,Cheddar cheese break sticks
1.0,1.49,0.0,0.0,2004-02-10,Cheddar cheese break sticks
2.0,1.49,0.0,1.0,2004-02-11,Cheddar cheese break sticks
0.0,1.49,0.0,1.0,2004-02-12,Cheddar cheese break sticks
2.0,1.49,0.0,1.0,2004-02-13,Cheddar cheese break sticks
1.0,1.49,0.0,1.0,2004-02-14,Cheddar cheese break sticks
4.0,1.49,0.0,1.0,2004-02-15,Cheddar cheese break sticks
2.0,1.49,0.0,1.0,2004-02-16,Cheddar cheese break sticks
0.0,1.49,0.0,1.0,2004-02-17,Cheddar cheese break sticks
1.0,1.49,0.0,0.0,2004-02-18,Cheddar cheese break sticks
2.0,1.49,0.0,0.0,2004-02-19,Cheddar cheese break sticks
2.0,1.49,0.0,0.0,2004-02-20,Cheddar cheese break sticks
5.0,1.49,0.0,0.0,2004-02-21,Cheddar cheese break sticks
3.0,1.49,0.0,0.0,2004-02-22,Cheddar cheese break sticks
1.0,1.49,0.0,0.0,2004-02-23,Cheddar cheese break sticks
0.0,1.49,0.0,0.0,2004-02-24,Cheddar cheese break sticks
0.0,1.49,0.0,0.0,2004-02-25,Cheddar cheese break sticks
0.0,1.49,0.0,0.0,2004-02-26,Cheddar cheese break sticks
1.0,1.49,0.0,0.0,2004-02-27,Cheddar cheese break sticks
2.0,1.49,0.0,0.0,2004-02-28,Cheddar cheese break sticks
1.0,1.49,0.0,0.0,2004-02-29,Cheddar cheese break sticks
1.0,1.49,0.0,0.0,2004-03-01,Cheddar cheese break sticks
2.0,1.49,0.0,0.0,2004-03-02,Cheddar cheese break sticks
0.0,1.49,0.0,0.0,2004-03-03,Cheddar cheese break sticks
2.0,1.49,0.0,0.0,2004-03-04,Cheddar cheese break sticks
2.0,1.49,0.0,0.0,2004-03-05,Cheddar cheese break sticks
1.0,1.49,0.0,0.0,2004-03-06,Cheddar cheese break sticks
2.0,1.49,0.0,0.0,2004-03-07,Cheddar cheese break sticks
0.0,1.49,0.0,1.0,2004-03-08,Cheddar cheese break sticks
0.0,1.49,0.0,1.0,2004-03-09,Cheddar cheese break sticks
2.0,1.49,0.0,0.0,2004-03-10,Cheddar cheese break sticks
2.0,1.49,0.0,0.0,2004-03-11,Cheddar cheese break sticks
1.0,1.49,0.0,0.0,2004-03-12,Cheddar cheese break sticks
5.0,1.49,0.0,0.0,2004-03-13,Cheddar cheese break sticks
1.0,1.49,0.0,0.0,2004-03-14,Cheddar cheese break sticks
0.0,1.49,0.0,0.0,2004-03-15,Cheddar cheese break sticks
1.0,1.49,0.0,0.0,2004-03-16,Cheddar cheese break sticks
4.0,1.49,1.0,0.0,2004-03-17,Cheddar cheese break sticks
2.0,1.49,1.0,0.0,2004-03-18,Cheddar cheese break sticks
2.0,1.49,1.0,0.0,2004-03-19,Cheddar cheese break sticks
3.0,1.49,1.0,0.0,2004-03-20,Cheddar cheese break sticks
2.0,1.49,1.0,0.0,2004-03-21,Cheddar cheese break sticks
3.0,1.49,1.0,0.0,2004-03-22,Cheddar cheese break sticks
3.0,1.49,1.0,0.0,2004-03-23,Cheddar cheese break sticks
2.0,1.49,0.0,0.0,2004-03-24,Cheddar cheese break sticks
0.0,1.49,0.0,0.0,2004-03-25,Cheddar cheese break sticks
1.0,1.49,0.0,0.0,2004-03-26,Cheddar cheese break sticks
4.0,1.49,0.0,0.0,2004-03-27,Cheddar cheese break sticks
2.0,1.49,0.0,0.0,2004-03-28,Cheddar cheese break sticks
0.0,1.49,0.0,0.0,2004-03-29,Cheddar cheese break sticks
2.0,1.49,0.0,0.0,2004-03-30,Cheddar cheese break sticks
4.0,1.49,0.0,1.0,2004-03-31,Cheddar cheese break sticks
1.0,1.49,0.0,1.0,2004-04-01,Cheddar cheese break sticks
2.0,1.49,0.0,1.0,2004-04-02,Cheddar cheese break sticks
2.0,1.49,0.0,1.0,2004-04-03,Cheddar cheese break sticks
2.0,1.49,0.0,1.0,2004-04-04,Cheddar cheese break sticks
1.0,1.49,0.0,1.0,2004-04-05,Cheddar cheese break sticks
1.0,1.49,0.0,1.0,2004-04-06,Cheddar cheese break sticks
3.0,1.49,0.0,1.0,2004-04-07,Cheddar cheese break sticks
0.0,1.49,0.0,1.0,2004-04-08,Cheddar cheese break sticks
2.0,1.49,0.0,1.0,2004-04-09,Cheddar cheese break sticks
5.0,1.49,0.0,1.0,2004-04-10,Cheddar cheese break sticks
0.0,1.49,0.0,1.0,2004-04-11,Cheddar cheese break sticks
1.0,1.49,0.0,1.0,2004-04-12,Cheddar cheese break sticks
2.0,1.49,0.0,1.0,2004-04-13,Cheddar cheese break sticks
1.0,1.49,0.0,0.0,2004-04-14,Cheddar cheese break sticks
1.0,1.49,0.0,0.0,2004-04-15,Cheddar cheese break sticks
3.0,1.49,0.0,0.0,2004-04-16,Cheddar cheese break sticks
5.0,1.49,0.0,0.0,2004-04-17,Cheddar cheese break sticks
1.0,1.49,0.0,0.0,2004-04-18,Cheddar cheese break sticks
2.0,1.49,0.0,0.0,2004-04-19,Cheddar cheese break sticks
3.0,1.49,0.0,0.0,2004-04-20,Cheddar cheese break sticks
0.0,1.49,0.0,0.0,2004-04-21,Cheddar cheese break sticks
3.0,1.49,0.0,0.0,2004-04-22,Cheddar cheese break sticks
4.0,1.49,0.0,0.0,2004-04-23,Cheddar cheese break sticks
3.0,1.49,0.0,0.0,2004-04-24,Cheddar cheese break sticks
3.0,1.49,0.0,0.0,2004-04-25,Cheddar cheese break sticks
0.0,1.49,0.0,0.0,2004-04-26,Cheddar cheese break sticks
2.0,1.49,0.0,0.0,2004-04-27,Cheddar cheese break sticks
1.0,1.49,0.0,0.0,2004-04-28,Cheddar cheese break sticks
1.0,1.49,0.0,0.0,2004-04-29,Cheddar cheese break sticks
2.0,1.49,0.0,0.0,2004-04-30,Cheddar cheese break sticks
4.0,1.49,0.0,0.0,2004-05-01,Cheddar cheese break sticks
1.0,1.49,0.0,0.0,2004-05-02,Cheddar cheese break sticks
0.0,1.49,0.0,0.0,2004-05-03,Cheddar cheese break sticks
5.0,1.49,0.0,0.0,2004-05-04,Cheddar cheese break sticks
2.0,1.49,0.0,1.0,2004-05-05,Cheddar cheese break sticks
1.0,1.49,0.0,1.0,2004-05-06,Cheddar cheese break sticks
0.0,1.49,0.0,1.0,2004-05-07,Cheddar cheese break sticks
1.0,1.49,0.0,1.0,2004-05-08,Cheddar cheese break sticks
2.0,1.49,0.0,1.0,2004-05-09,Cheddar cheese break sticks
3.0,1.49,0.0,1.0,2004-05-10,Cheddar cheese break sticks
0.0,1.49,0.0,1.0,2004-05-11,Cheddar cheese break sticks
4.0,1.49,0.0,0.0,2004-05-12,Cheddar cheese break sticks
2.0,1.49,0.0,0.0,2004-05-13,Cheddar cheese break sticks
1.0,1.49,0.0,0.0,2004-05-14,Cheddar cheese break sticks
3.0,1.49,0.0,0.0,2004-05-15,Cheddar cheese break sticks
2.0,1.49,0.0,0.0,2004-05-16,Cheddar cheese break sticks
1.0,1.49,0.0,0.0,2004-05-17,Cheddar cheese break sticks
4.0,1.49,0.0,0.0,2004-05-18,Cheddar cheese break sticks
0.0,1.49,0.0,0.0,2004-05-19,Cheddar cheese break sticks
0.0,1.49,0.0,0.0,2004-05-20,Cheddar cheese break sticks
5.0,1.49,0.0,0.0,2004-05-21,Cheddar cheese break sticks
4.0,1.49,0.0,0.0,2004-05-22,Cheddar cheese break sticks
0.0,1.49,0.0,0.0,2004-05-23,Cheddar cheese break sticks
1.0,1.49,0.0,0.0,2004-05-24,Cheddar cheese break sticks
3.0,1.49,0.0,0.0,2004-05-25,Cheddar cheese break sticks
4.0,1.49,0.0,1.0,2004-05-26,Cheddar cheese break sticks
2.0,1.49,0.0,1.0,2004-05-27,Cheddar cheese break sticks
2.0,1.49,0.0,1.0,2004-05-28,Cheddar cheese break sticks
0.0,1.49,0.0,1.0,2004-05-29,Cheddar cheese break sticks
2.0,1.49,0.0,1.0,2004-05-30,Cheddar cheese break sticks
2.0,1.49,0.0,1.0,2004-05-31,Cheddar cheese break sticks
0.0,1.49,0.0,1.0,2004-06-01,Cheddar cheese break sticks
3.0,1.49,0.0,0.0,2004-06-02,Cheddar cheese break sticks
3.0,1.49,0.0,0.0,2004-06-03,Cheddar cheese break sticks
1.0,1.49,0.0,0.0,2004-06-04,Cheddar cheese break sticks
2.0,1.49,0.0,0.0,2004-06-05,Cheddar cheese break sticks
0.0,1.49,0.0,0.0,2004-06-06,Cheddar cheese break sticks
3.0,1.49,0.0,0.0,2004-06-07,Cheddar cheese break sticks
0.0,1.49,0.0,0.0,2004-06-08,Cheddar cheese break sticks
1.0,1.49,0.0,0.0,2004-06-09,Cheddar cheese break sticks
2.0,1.49,0.0,0.0,2004-06-10,Cheddar cheese break sticks
4.0,1.49,0.0,0.0,2004-06-11,Cheddar cheese break sticks
2.0,1.49,0.0,0.0,2004-06-12,Cheddar cheese break sticks
1.0,1.49,0.0,0.0,2004-06-13,Cheddar cheese break sticks
0.0,1.49,0.0,0.0,2004-06-14,Cheddar cheese break sticks
0.0,1.49,0.0,0.0,2004-06-15,Cheddar cheese break sticks
4.0,1.49,0.0,1.0,2004-06-16,Cheddar cheese break sticks
4.0,1.49,0.0,1.0,2004-06-17,Cheddar cheese break sticks
2.74,1.99,0.0,1.0,2004-06-18,Cheddar cheese break sticks
2.0,1.99,0.0,1.0,2004-06-19,Cheddar cheese break sticks
1.0,1.99,0.0,1.0,2004-06-20,Cheddar cheese break sticks
