csv/SAS provided CSV/SNACKS.csv
QtySold,Price,Advertised,Holiday,Date,Product
0.0,2.99,0.0,0.0,2002-08-08,Cheddar cheese popcorn
0.0,2.99,0.0,0.0,2002-08-09,Cheddar cheese popcorn
0.0,2.99,0.0,0.0,2002-08-10,Cheddar cheese popcorn
0.0,2.99,0.0,0.0,2002-08-11,Cheddar cheese popcorn
0.0,2.99,0.0,0.0,2002-08-12,Cheddar cheese popcorn
0.0,2.99,0.0,0.0,2002-08-13,Cheddar cheese popcorn
0.0,2.99,0.0,0.0,2002-08-14,Cheddar cheese popcorn
0.0,2.99,0.0,0.0,2002-08-15,Cheddar cheese popcorn
0.0,2.99,0.0,0.0,2002-08-16,Cheddar cheese popcorn
0.0,2.99,0.0,0.0,2002-08-17,Cheddar cheese popcorn
0.0,2.99,0.0,0.0,2002-08-18,Cheddar cheese popcorn
0.0,2.99,0.0,0.0,2002-08-19,Cheddar cheese popcorn
0.0,2.99,0.0,0.0,2002-08-20,Cheddar cheese popcorn
0.0,2.99,0.0,0.0,2002-08-21,Cheddar cheese popcorn
0.0,2.99,0.0,0.0,2002-08-22,Cheddar cheese popcorn
0.0,2.99,0.0,0.0,2002-08-23,Cheddar cheese popcorn
0.0,2.99,0.0,0.0,2002-08-24,Cheddar cheese popcorn
0.0,2.99,0.0,0.0,2002-08-25,Cheddar cheese popcorn
0.0,2.99,0.0,0.0,2002-08-26,Cheddar cheese popcorn
0.0,2.99,0.0,0.0,2002-08-27,Cheddar cheese popcorn
0.0,2.99,0.0,1.0,2002-08-28,Cheddar cheese popcorn
0.0,2.99,0.0,1.0,2002-08-29,Cheddar cheese popcorn
0.0,2.99,0.0,1.0,2002-08-30,Cheddar cheese popcorn
0.0,2.99,0.0,1.0,2002-08-31,Cheddar cheese popcorn
0.0,2.99,0.0,1.0,2002-09-01,Cheddar cheese popcorn
0.0,2.99,0.0,1.0,2002-09-02,Cheddar cheese popcorn
0.0,2.99,0.0,1.0,2002-09-03,Cheddar cheese popcorn
0.0,2.99,0.0,0.0,2002-09-04,Cheddar cheese popcorn
0.0,2.99,0.0,0.0,2002-09-05,Cheddar cheese popcorn
0.0,2.99,0.0,0.0,2002-09-06,Cheddar cheese popcorn
0.0,2.99,0.0,0.0,2002-09-07,Cheddar cheese popcorn
0.0,2.99,0.0,0.0,2002-09-08,Cheddar cheese popcorn
0.0,2.99,0.0,0.0,2002-09-09,Cheddar cheese popcorn
0.0,2.99,0.0,0.0,2002-09-10,Cheddar cheese popcorn
0.0,2.99,0.0,0.0,2002-09-11,Cheddar cheese popcorn
0.0,2.99,0.0,0.0,2002-09-12,Cheddar cheese popcorn
0.0,2.99,0.0,0.0,2002-09-13,Cheddar cheese popcorn
0.0,2.99,0.0,0.0,2002-09-14,Cheddar cheese popcorn
0.0,2.99,0.0,0.0,2002-09-15,Cheddar cheese popcorn
0.0,2.99,0.0,0.0,2002-09-16,Cheddar cheese popcorn
0.0,2.99,0.0,0.0,2002-09-17,Cheddar cheese popcorn
0.0,2.99,0.0,0.0,2002-09-18,Cheddar cheese popcorn
0.0,2.99,0.0,0.0,2002-09-19,Cheddar cheese popcorn
0.0,2.99,0.0,0.0,2002-09-20,Cheddar cheese popcorn
0.0,2.99,0.0,0.0,2002-09-21,Cheddar cheese popcorn
0.0,2.99,0.0,0.0,2002-09-22,Cheddar cheese popcorn
0.0,2.99,0.0,0.0,2002-09-23,Cheddar cheese popcorn
0.0,2.99,0.0,0.0,2002-09-24,Cheddar cheese popcorn
0.0,2.99,0.0,0.0,2002-09-25,Cheddar cheese popcorn
0.0,2.99,0.0,0.0,2002-09-26,Cheddar cheese popcorn
0.0,2.99,0.0,0.0,2002-09-27,Cheddar cheese popcorn
0.0,2.99,0.0,0.0,2002-09-28,Cheddar cheese popcorn
0.0,2.99,0.0,0.0,2002-09-29,Cheddar cheese popcorn
0.0,2.99,0.0,0.0,2002-09-30,Cheddar cheese popcorn
0.0,2.99,0.0,0.0,2002-10-01,Cheddar cheese popcorn
0.0,2.99,0.0,0.0,2002-10-02,Cheddar cheese popcorn
0.0,2.99,0.0,0.0,2002-10-03,Cheddar cheese popcorn
0.0,2.99,0.0,0.0,2002-10-04,Cheddar cheese popcorn
0.0,2.99,0.0,0.0,2002-10-05,Cheddar cheese popcorn
0.0,2.99,0.0,0.0,2002-10-06,Cheddar cheese popcorn
0.0,2.99,0.0,0.0,2002-10-07,Cheddar cheese popcorn
0.0,2.99,0.0,0.0,2002-10-08,Cheddar cheese popcorn
0.0,2.99,0.0,0.0,2002-10-09,Cheddar cheese popcorn
0.0,2.99,0.0,0.0,2002-10-10,Cheddar cheese popcorn
0.0,2.99,0.0,0.0,2002-10-11,Cheddar cheese popcorn
0.0,2.99,0.0,0.0,2002-10-12,Cheddar cheese popcorn
0.0,2.99,0.0,0.0,2002-10-13,Cheddar cheese popcorn
0.0,2.99,0.0,0.0,2002-10-14,Cheddar cheese popcorn
0.0,2.99,0.0,0.0,2002-10-15,Cheddar cheese popcorn
0.0,2.99,0.0,0.0,2002-10-16,Cheddar cheese popcorn
0.0,2.99,0.0,0.0,2002-10-17,Cheddar cheese popcorn
0.0,2.99,0.0,0.0,2002-10-18,Cheddar cheese popcorn
0.0,2.99,0.0,0.0,2002-10-19,Cheddar cheese popcorn
0.0,2.99,0.0,0.0,2002-10-20,Cheddar cheese popcorn
0.0,2.99,0.0,0.0,2002-10-21,Cheddar cheese popcorn
0.0,2.99,0.0,0.0,2002-10-22,Cheddar cheese popcorn
0.0,2.99,0.0,0.0,2002-10-23,Cheddar cheese popcorn
0.0,2.99,0.0,0.0,2002-10-24,Cheddar cheese popcorn
0.0,2.99,0.0,0.0,2002-10-25,Cheddar cheese popcorn
0.0,2.99,0.0,0.0,2002-10-26,Cheddar cheese popcorn
0.0,2.99,0.0,0.0,2002-10-27,Cheddar cheese popcorn
0.0,2.99,0.0,0.0,2002-10-28,Cheddar cheese popcorn
0.0,2.99,0.0,0.0,2002-10-29,Cheddar cheese popcorn
0.0,2.99,0.0,1.0,2002-10-30,Cheddar cheese popcorn
0.0,2.99,0.0,1.0,2002-10-31,Cheddar cheese popcorn
0.0,2.99,0.0,1.0,2002-11-01,Cheddar cheese popcorn
0.0,2.99,0.0,1.0,2002-11-02,Cheddar cheese popcorn
0.0,2.99,0.0,1.0,2002-11-03,Cheddar cheese popcorn
0.0,2.99,0.0,1.0,2002-11-04,Cheddar cheese popcorn
0.0,2.99,0.0,1.0,2002-11-05,Cheddar cheese popcorn
0.0,2.99,0.0,0.0,2002-11-06,Cheddar cheese popcorn
0.0,2.99,0.0,0.0,2002-11-07,Cheddar cheese popcorn
0.0,2.99,0.0,0.0,2002-11-08,Cheddar cheese popcorn
0.0,2.99,0.0,0.0,2002-11-09,Cheddar cheese popcorn
0.0,2.99,0.0,0.0,2002-11-10,Cheddar cheese popcorn
0.0,2.99,0.0,0.0,2002-11-11,Cheddar cheese popcorn
0.0,2.99,0.0,0.0,2002-11-12,Cheddar cheese popcorn
0.0,2.99,0.0,1.0,2002-11-13,Cheddar cheese popcorn
0.0,2.99,0.0,1.0,2002-11-14,Cheddar cheese popcorn
0.0,2.99,0.0,1.0,2002-11-15,Cheddar cheese popcorn
0.0,2.99,0.0,0.0,2002-11-16,Cheddar cheese popcorn
0.0,2.99,0.0,0.0,2002-11-17,Cheddar cheese popcorn
0.0,2.99,0.0,0.0,2002-11-18,Cheddar cheese popcorn
0.0,2.99,0.0,0.0,2002-11-19,Cheddar cheese popcorn
0.0,2.99,0.0,1.0,2002-11-20,Cheddar cheese popcorn
0.0,2.99,0.0,1.0,2002-11-21,Cheddar cheese popcorn
0.0,2.99,0.0,1.0,2002-11-22,Cheddar cheese popcorn
0.0,2.99,0.0,1.0,2002-11-23,Cheddar cheese popcorn
0.0,2.99,0.0,1.0,2002-11-24,Cheddar cheese popcorn
0.0,2.99,0.0,1.0,2002-11-25,Cheddar cheese popcorn
0.0,2.99,0.0,1.0,2002-11-26,Cheddar cheese popcorn
0.0,2.99,0.0,1.0,2002-11-27,Cheddar cheese popcorn
0.0,2.99,0.0,1.0,2002-11-28,Cheddar cheese popcorn
0.0,2.99,0.0,1.0,2002-11-29,Cheddar cheese popcorn
0.0,2.99,0.0,1.0,2002-11-30,Cheddar cheese popcorn
0.0,2.99,0.0,1.0,2002-12-01,Cheddar cheese popcorn
0.0,2.99,0.0,1.0,2002-12-02,Cheddar cheese popcorn
0.0,2.99,0.0,1.0,2002-12-03,Cheddar cheese popcorn
0.0,2.99,0.0,1.0,2002-12-04,Cheddar cheese popcorn
0.0,2.99,0.0,1.0,2002-12-05,Cheddar cheese popcorn
0.0,2.99,0.0,1.0,2002-12-06,Cheddar cheese popcorn
0.0,2.99,0.0,1.0,2002-12-07,Cheddar cheese popcorn
0.0,2.99,0.0,1.0,2002-12-08,Cheddar cheese popcorn
0.0,2.99,0.0,1.0,2002-12-09,Cheddar cheese popcorn
0.0,2.99,0.0,1.0,2002-12-10,Cheddar cheese popcorn
0.0,2.99,0.0,1.0,2002-12-11,Cheddar cheese popcorn
0.0,2.99,0.0,1.0,2002-12-12,Cheddar cheese popcorn
0.0,2.99,0.0,1.0,2002-12-13,Cheddar cheese popcorn
0.0,2.99,0.0,1.0,2002-12-14,Cheddar cheese popcorn
0.0,2.99,0.0,1.0,2002-12-15,Cheddar cheese popcorn
0.0,2.99,0.0,1.0,2002-12-16,Cheddar cheese popcorn
0.0,2.99,0.0,1.0,2002-12-17,Cheddar cheese popcorn
0.0,2.99,0.0,1.0,2002-12-18,Cheddar cheese popcorn
0.0,2.99,0.0,1.0,2002-12-19,Cheddar cheese popcorn
0.0,2.99,0.0,1.0,2002-12-20,Cheddar cheese popcorn
0.0,2.99,0.0,1.0,2002-12-21,Cheddar cheese popcorn
0.0,2.99,0.0,1.0,2002-12-22,Cheddar cheese popcorn
0.0,2.99,0.0,1.0,2002-12-23,Cheddar cheese popcorn
0.0,2.99,0.0,1.0,2002-12-24,Cheddar cheese popcorn
0.0,2.99,0.0,1.0,2002-12-25,Cheddar cheese popcorn
0.0,2.99,0.0,1.0,2002-12-26,Cheddar cheese popcorn
0.0,2.99,0.0,1.0,2002-12-27,Cheddar cheese popcorn
0.0,2.99,0.0,1.0,2002-12-28,Cheddar cheese popcorn
0.0,2.99,0.0,1.0,2002-12-29,Cheddar cheese popcorn
0.0,2.99,0.0,1.0,2002-12-30,Cheddar cheese popcorn
0.0,2.99,0.0,1.0,2002-12-31,Cheddar cheese popcorn
0.0,2.99,0.0,0.0,2003-01-01,Cheddar cheese popcorn
0.0,2.99,0.0,0.0,2003-01-02,Cheddar cheese popcorn
0.0,2.99,0.0,0.0,2003-01-03,Cheddar cheese popcorn
0.0,2.99,0.0,0.0,2003-01-04,Cheddar cheese popcorn
0.0,2.99,0.0,0.0,2003-01-05,Cheddar cheese popcorn
0.0,2.99,0.0,0.0,2003-01-06,Cheddar cheese popcorn
0.0,2.99,0.0,0.0,2003-01-07,Cheddar cheese popcorn
0.0,2.99,0.0,0.0,2003-01-08,Cheddar cheese popcorn
0.0,2.99,0.0,0.0,2003-01-09,Cheddar cheese popcorn
0.0,2.99,0.0,0.0,2003-01-10,Cheddar cheese popcorn
0.0,2.99,0.0,0.0,2003-01-11,Cheddar cheese popcorn
0.0,2.99,0.0,0.0,2003-01-12,Cheddar cheese popcorn
0.0,2.99,0.0,0.0,2003-01-13,Cheddar cheese popcorn
0.0,2.99,0.0,0.0,2003-01-14,Cheddar cheese popcorn
0.0,2.99,0.0,0.0,2003-01-15,Cheddar cheese popcorn
0.0,2.99,0.0,0.0,2003-01-16,Cheddar cheese popcorn
0.0,2.99,0.0,0.0,2003-01-17,Cheddar cheese popcorn
0.0,2.99,0.0,0.0,2003-01-18,Cheddar cheese popcorn
0.0,2.99,0.0,0.0,2003-01-19,Cheddar cheese popcorn
0.0,2.99,0.0,0.0,2003-01-20,Cheddar cheese popcorn
0.0,2.99,0.0,0.0,2003-01-21,Cheddar cheese popcorn
0.0,2.99,0.0,1.0,2003-01-22,Cheddar cheese popcorn
0.0,2.99,0.0,1.0,2003-01-23,Cheddar cheese popcorn
0.0,2.99,0.0,1.0,2003-01-24,Cheddar cheese popcorn
0.0,2.99,0.0,1.0,2003-01-25,Cheddar cheese popcorn
0.0,2.99,0.0,1.0,2003-01-26,Cheddar cheese popcorn
0.0,2.99,0.0,1.0,2003-01-27,Cheddar cheese popcorn
0.0,2.99,0.0,1.0,2003-01-28,Cheddar cheese popcorn
0.0,2.99,0.0,0.0,2003-01-29,Cheddar cheese popcorn
0.0,2.99,0.0,0.0,2003-01-30,Cheddar cheese popcorn
0.0,2.99,0.0,0.0,2003-01-31,Cheddar cheese popcorn
0.0,2.99,0.0,0.0,2003-02-01,Cheddar cheese popcorn
0.0,2.99,0.0,0.0,2003-02-02,Cheddar cheese popcorn
0.0,2.99,0.0,0.0,2003-02-03,Cheddar cheese popcorn
0.0,2.99,0.0,0.0,2003-02-04,Cheddar cheese popcorn
0.0,2.99,0.0,0.0,2003-02-05,Cheddar cheese popcorn
0.0,2.99,0.0,0.0,2003-02-06,Cheddar cheese popcorn
0.0,2.99,0.0,0.0,2003-02-07,Cheddar cheese popcorn
0.0,2.99,0.0,0.0,2003-02-08,Cheddar cheese popcorn
0.0,2.99,0.0,0.0,2003-02-09,Cheddar cheese popcorn
0.0,2.99,0.0,0.0,2003-02-10,Cheddar cheese popcorn
0.0,2.99,0.0,0.0,2003-02-11,Cheddar cheese popcorn
0.0,2.99,0.0,1.0,2003-02-12,Cheddar cheese popcorn
0.0,2.99,0.0,1.0,2003-02-13,Cheddar cheese popcorn
0.0,2.99,0.0,1.0,2003-02-14,Cheddar cheese popcorn
0.0,2.99,0.0,1.0,2003-02-15,Cheddar cheese popcorn
0.0,2.99,0.0,1.0,2003-02-16,Cheddar cheese popcorn
0.0,2.99,0.0,1.0,2003-02-17,Cheddar cheese popcorn
0.0,2.99,0.0,1.0,2003-02-18,Cheddar cheese popcorn
0.0,2.99,0.0,0.0,2003-02-19,Cheddar cheese popcorn
0.0,2.99,0.0,0.0,2003-02-20,Cheddar cheese popcorn
0.0,2.99,0.0,0.0,2003-02-21,Cheddar cheese popcorn
0.0,2.99,0.0,0.0,2003-02-22,Cheddar cheese popcorn
0.0,2.99,0.0,0.0,2003-02-23,Cheddar cheese popcorn
0.0,2.99,0.0,0.0,2003-02-24,Cheddar cheese popcorn
0.0,2.99,0.0,0.0,2003-02-25,Cheddar cheese popcorn
0.0,2.99,0.0,0.0,2003-02-26,Cheddar cheese popcorn
0.0,2.99,0.0,0.0,2003-02-27,Cheddar cheese popcorn
0.0,2.99,0.0,0.0,2003-02-28,Cheddar cheese popcorn
0.0,2.99,0.0,0.0,2003-03-01,Cheddar cheese popcorn
0.0,2.99,0.0,0.0,2003-03-02,Cheddar cheese popcorn
0.0,2.99,0.0,0.0,2003-03-03,Cheddar cheese popcorn
0.0,2.99,0.0,0.0,2003-03-04,Cheddar cheese popcorn
0.0,2.99,0.0,0.0,2003-03-05,Cheddar cheese popcorn
0.0,2.99,0.0,0.0,2003-03-06,Cheddar cheese popcorn
0.0,2.99,0.0,0.0,2003-03-07,Cheddar cheese popcorn
0.0,2.99,0.0,0.0,2003-03-08,Cheddar cheese popcorn
0.0,2.99,0.0,0.0,2003-03-09,Cheddar cheese popcorn
0.0,2.99,0.0,0.0,2003-03-10,Cheddar cheese popcorn
0.0,2.99,0.0,0.0,2003-03-11,Cheddar cheese popcorn
0.0,2.99,0.0,0.0,2003-03-12,Cheddar cheese popcorn
0.0,2.99,0.0,0.0,2003-03-13,Cheddar cheese popcorn
0.0,2.99,0.0,0.0,2003-03-14,Cheddar cheese popcorn
0.0,2.99,0.0,0.0,2003-03-15,Cheddar cheese popcorn
0.0,2.99,0.0,0.0,2003-03-16,Cheddar cheese popcorn
0.0,2.99,0.0,0.0,2003-03-17,Cheddar cheese popcorn
0.0,2.99,0.0,0.0,2003-03-18,Cheddar cheese popcorn
0.0,2.99,0.0,0.0,2003-03-19,Cheddar cheese popcorn
0.0,2.99,0.0,0.0,2003-03-20,Cheddar cheese popcorn
0.0,2.99,0.0,0.0,2003-03-21,Cheddar cheese popcorn
0.0,2.99,0.0,0.0,2003-03-22,Cheddar cheese popcorn
0.0,2.99,0.0,0.0,2003-03-23,Cheddar cheese popcorn
0.0,2.99,0.0,0.0,2003-03-24,Cheddar cheese popcorn
0.0,2.99,0.0,0.0,2003-03-25,Cheddar cheese popcorn
0.0,2.99,0.0,0.0,2003-03-26,Cheddar cheese popcorn
0.0,2.99,0.0,0.0,2003-03-27,Cheddar cheese popcorn
0.0,2.99,0.0,0.0,2003-03-28,Cheddar cheese popcorn
0.0,2.99,0.0,0.0,2003-03-29,Cheddar cheese popcorn
0.0,2.99,0.0,0.0,2003-03-30,Cheddar cheese popcorn
0.0,2.99,0.0,0.0,2003-03-31,Cheddar cheese popcorn
0.0,2.99,0.0,0.0,2003-04-01,Cheddar cheese popcorn
0.0,2.99,0.0,0.0,2003-04-02,Cheddar cheese popcorn
0.0,2.99,0.0,0.0,2003-04-03,Cheddar cheese popcorn
5.0,2.99,0.0,0.0,2003-04-04,Cheddar cheese popcorn
9.0,2.99,0.0,0.0,2003-04-05,Cheddar cheese popcorn
4.0,2.99,0.0,0.0,2003-04-06,Cheddar cheese popcorn
6.0,2.99,0.0,0.0,2003-04-07,Cheddar cheese popcorn
3.0,2.99,0.0,0.0,2003-04-08,Cheddar cheese popcorn
3.0,2.99,0.0,1.0,2003-04-09,Cheddar cheese popcorn
2.0,2.99,0.0,1.0,2003-04-10,Cheddar cheese popcorn
3.0,2.99,0.0,1.0,2003-04-11,Cheddar cheese popcorn
7.0,2.99,0.0,1.0,2003-04-12,Cheddar cheese popcorn
2.0,2.99,0.0,1.0,2003-04-13,Cheddar cheese popcorn
3.0,2.99,0.0,1.0,2003-04-14,Cheddar cheese popcorn
2.0,2.99,0.0,1.0,2003-04-15,Cheddar cheese popcorn
1.0,2.99,0.0,1.0,2003-04-16,Cheddar cheese popcorn
2.0,2.99,0.0,1.0,2003-04-17,Cheddar cheese popcorn
7.0,2.99,0.0,1.0,2003-04-18,Cheddar cheese popcorn
0.0,2.99,0.0,1.0,2003-04-19,Cheddar cheese popcorn
0.0,2.99,0.0,1.0,2003-04-20,Cheddar cheese popcorn
2.0,2.99,0.0,1.0,2003-04-21,Cheddar cheese popcorn
2.0,2.99,0.0,1.0,2003-04-22,Cheddar cheese popcorn
1.0,2.99,0.0,0.0,2003-04-23,Cheddar cheese popcorn
0.0,2.99,0.0,0.0,2003-04-24,Cheddar cheese popcorn
5.0,2.99,0.0,0.0,2003-04-25,Cheddar cheese popcorn
6.0,2.99,0.0,0.0,2003-04-26,Cheddar cheese popcorn
2.0,2.99,0.0,0.0,2003-04-27,Cheddar cheese popcorn
4.0,2.99,0.0,0.0,2003-04-28,Cheddar cheese popcorn
1.0,2.99,0.0,0.0,2003-04-29,Cheddar cheese popcorn
1.0,2.99,0.0,0.0,2003-04-30,Cheddar cheese popcorn
3.0,2.99,0.0,0.0,2003-05-01,Cheddar cheese popcorn
3.0,2.99,0.0,0.0,2003-05-02,Cheddar cheese popcorn
4.0,2.99,0.0,0.0,2003-05-03,Cheddar cheese popcorn
1.0,2.99,0.0,0.0,2003-05-04,Cheddar cheese popcorn
1.0,2.99,0.0,0.0,2003-05-05,Cheddar cheese popcorn
7.0,2.99,0.0,0.0,2003-05-06,Cheddar cheese popcorn
8.0,2.49,0.0,1.0,2003-05-07,Cheddar cheese popcorn
9.0,2.49,0.0,1.0,2003-05-08,Cheddar cheese popcorn
17.0,2.49,0.0,1.0,2003-05-09,Cheddar cheese popcorn
11.0,2.49,0.0,1.0,2003-05-10,Cheddar cheese popcorn
6.0,2.49,0.0,1.0,2003-05-11,Cheddar cheese popcorn
1.0,2.49,0.0,1.0,2003-05-12,Cheddar cheese popcorn
3.0,2.49,0.0,1.0,2003-05-13,Cheddar cheese popcorn
4.0,2.99,0.0,0.0,2003-05-14,Cheddar cheese popcorn
4.0,2.99,0.0,0.0,2003-05-15,Cheddar cheese popcorn
7.0,2.99,0.0,0.0,2003-05-16,Cheddar cheese popcorn
11.0,2.99,0.0,0.0,2003-05-17,Cheddar cheese popcorn
3.0,2.99,0.0,0.0,2003-05-18,Cheddar cheese popcorn
2.0,2.99,0.0,0.0,2003-05-19,Cheddar cheese popcorn
6.0,2.99,0.0,0.0,2003-05-20,Cheddar cheese popcorn
6.0,2.99,0.0,1.0,2003-05-21,Cheddar cheese popcorn
3.0,2.99,0.0,1.0,2003-05-22,Cheddar cheese popcorn
7.0,2.99,0.0,1.0,2003-05-23,Cheddar cheese popcorn
5.0,2.99,0.0,1.0,2003-05-24,Cheddar cheese popcorn
5.0,2.99,0.0,1.0,2003-05-25,Cheddar cheese popcorn
5.0,2.99,0.0,1.0,2003-05-26,Cheddar cheese popcorn
4.0,2.99,0.0,1.0,2003-05-27,Cheddar cheese popcorn
3.0,2.99,0.0,0.0,2003-05-28,Cheddar cheese popcorn
4.0,2.99,0.0,0.0,2003-05-29,Cheddar cheese popcorn
5.0,2.99,0.0,0.0,2003-05-30,Cheddar cheese popcorn
4.0,2.99,0.0,0.0,2003-05-31,Cheddar cheese popcorn
9.0,2.99,0.0,0.0,2003-06-01,Cheddar cheese popcorn
1.0,2.99,0.0,0.0,2003-06-02,Cheddar cheese popcorn
2.0,2.99,0.0,0.0,2003-06-03,Cheddar cheese popcorn
11.33,2.49,0.0,0.0,2003-06-04,Cheddar cheese popcorn
1.0,2.49,0.0,0.0,2003-06-05,Cheddar cheese popcorn
8.0,2.49,0.0,0.0,2003-06-06,Cheddar cheese popcorn
7.0,2.49,0.0,0.0,2003-06-07,Cheddar cheese popcorn
4.0,2.49,0.0,0.0,2003-06-08,Cheddar cheese popcorn
4.0,2.49,0.0,0.0,2003-06-09,Cheddar cheese popcorn
8.0,2.49,0.0,0.0,2003-06-10,Cheddar cheese popcorn
3.0,2.99,0.0,1.0,2003-06-11,Cheddar cheese popcorn
5.0,2.99,0.0,1.0,2003-06-12,Cheddar cheese popcorn
6.0,2.99,0.0,1.0,2003-06-13,Cheddar cheese popcorn
6.0,2.99,0.0,1.0,2003-06-14,Cheddar cheese popcorn
2.0,2.99,0.0,1.0,2003-06-15,Cheddar cheese popcorn
5.0,2.99,0.0,1.0,2003-06-16,Cheddar cheese popcorn
4.0,2.99,0.0,1.0,2003-06-17,Cheddar cheese popcorn
5.0,2.99,0.0,0.0,2003-06-18,Cheddar cheese popcorn
2.0,2.99,0.0,0.0,2003-06-19,Cheddar cheese popcorn
1.0,2.99,0.0,0.0,2003-06-20,Cheddar cheese popcorn
9.0,2.99,0.0,0.0,2003-06-21,Cheddar cheese popcorn
7.0,2.99,0.0,0.0,2003-06-22,Cheddar cheese popcorn
4.0,2.99,0.0,0.0,2003-06-23,Cheddar cheese popcorn
2.0,2.99,0.0,0.0,2003-06-24,Cheddar cheese popcorn
5.0,2.99,0.0,0.0,2003-06-25,Cheddar cheese popcorn
6.0,2.99,0.0,0.0,2003-06-26,Cheddar cheese popcorn
5.0,2.99,0.0,0.0,2003-06-27,Cheddar cheese popcorn
4.0,2.99,0.0,0.0,2003-06-28,Cheddar cheese popcorn
2.0,2.99,0.0,0.0,2003-06-29,Cheddar cheese popcorn
2.0,2.99,0.0,0.0,2003-06-30,Cheddar cheese popcorn
0.0,2.99,0.0,0.0,2003-07-01,Cheddar cheese popcorn
3.0,2.99,0.0,1.0,2003-07-02,Cheddar cheese popcorn
0.0,2.99,0.0,1.0,2003-07-03,Cheddar cheese popcorn
0.0,2.99,0.0,1.0,2003-07-04,Cheddar cheese popcorn
3.0,2.99,0.0,1.0,2003-07-05,Cheddar cheese popcorn
1.0,2.99,0.0,1.0,2003-07-06,Cheddar cheese popcorn
2.0,2.99,0.0,1.0,2003-07-07,Cheddar cheese popcorn
3.0,2.99,0.0,1.0,2003-07-08,Cheddar cheese popcorn
4.0,2.99,0.0,0.0,2003-07-09,Cheddar cheese popcorn
2.0,2.99,0.0,0.0,2003-07-10,Cheddar cheese popcorn
7.0,2.99,0.0,0.0,2003-07-11,Cheddar cheese popcorn
10.0,2.99,0.0,0.0,2003-07-12,Cheddar cheese popcorn
2.0,2.99,0.0,0.0,2003-07-13,Cheddar cheese popcorn
3.0,2.99,0.0,0.0,2003-07-14,Cheddar cheese popcorn
0.0,2.99,0.0,0.0,2003-07-15,Cheddar cheese popcorn
1.0,2.99,0.0,0.0,2003-07-16,Cheddar cheese popcorn
4.0,2.99,0.0,0.0,2003-07-17,Cheddar cheese popcorn
3.0,2.99,0.0,0.0,2003-07-18,Cheddar cheese popcorn
5.0,2.99,0.0,0.0,2003-07-19,Cheddar cheese popcorn
6.0,2.99,0.0,0.0,2003-07-20,Cheddar cheese popcorn
3.0,2.99,0.0,0.0,2003-07-21,Cheddar cheese popcorn
4.0,2.99,0.0,0.0,2003-07-22,Cheddar cheese popcorn
6.0,2.99,0.0,0.0,2003-07-23,Cheddar cheese popcorn
6.0,2.99,0.0,0.0,2003-07-24,Cheddar cheese popcorn
