csv/SAS provided CSV/SNACKS.csv
QtySold,Price,Advertised,Holiday,Date,Product
6.0,2.99,0.0,0.0,2004-07-10,Cheddar cheese popcorn
2.0,2.99,0.0,0.0,2004-07-11,Cheddar cheese popcorn
6.0,2.99,0.0,0.0,2004-07-12,Cheddar cheese popcorn
4.0,2.99,0.0,0.0,2004-07-13,Cheddar cheese popcorn
1.0,2.99,0.0,0.0,2004-07-14,Cheddar cheese popcorn
2.0,2.99,0.0,0.0,2004-07-15,Cheddar cheese popcorn
7.0,2.99,0.0,0.0,2004-07-16,Cheddar cheese popcorn
12.0,2.99,0.0,0.0,2004-07-17,Cheddar cheese popcorn
2.0,2.99,0.0,0.0,2004-07-18,Cheddar cheese popcorn
2.0,2.99,0.0,0.0,2004-07-19,Cheddar cheese popcorn
3.0,2.99,0.0,0.0,2004-07-20,Cheddar cheese popcorn
3.0,2.49,1.0,0.0,2004-07-21,Cheddar cheese popcorn
3.0,2.49,1.0,0.0,2004-07-22,Cheddar cheese popcorn
5.0,2.49,1.0,0.0,2004-07-23,Cheddar cheese popcorn
6.0,2.49,1.0,0.0,2004-07-24,Cheddar cheese popcorn
6.0,2.49,1.0,0.0,2004-07-25,Cheddar cheese popcorn
6.0,2.49,1.0,0.0,2004-07-26,Cheddar cheese popcorn
3.0,2.49,1.0,0.0,2004-07-27,Cheddar cheese popcorn
1.0,2.99,0.0,0.0,2004-07-28,Cheddar cheese popcorn
7.0,2.99,0.0,0.0,2004-07-29,Cheddar cheese popcorn
4.0,2.99,0.0,0.0,2004-07-30,Cheddar cheese popcorn
7.0,2.99,0.0,0.0,2004-07-31,Cheddar cheese popcorn
0.0,2.99,0.0,0.0,2004-08-01,Cheddar cheese popcorn
6.0,2.99,0.0,0.0,2004-08-02,Cheddar cheese popcorn
4.0,2.99,0.0,0.0,2004-08-03,Cheddar cheese popcorn
3.0,2.99,0.0,0.0,2004-08-04,Cheddar cheese popcorn
3.0,2.99,0.0,0.0,2004-08-05,Cheddar cheese popcorn
6.0,2.99,0.0,0.0,2004-08-06,Cheddar cheese popcorn
8.0,2.99,0.0,0.0,2004-08-07,Cheddar cheese popcorn
2.0,2.99,0.0,0.0,2004-08-08,Cheddar cheese popcorn
2.0,2.99,0.0,0.0,2004-08-09,Cheddar cheese popcorn
4.0,2.99,0.0,0.0,2004-08-10,Cheddar cheese popcorn
4.0,2.99,0.0,0.0,2004-08-11,Cheddar cheese popcorn
3.0,2.99,0.0,0.0,2004-08-12,Cheddar cheese popcorn
1.0,2.99,0.0,0.0,2004-08-13,Cheddar cheese popcorn
5.0,2.99,0.0,0.0,2004-08-14,Cheddar cheese popcorn
3.0,2.99,0.0,0.0,2004-08-15,Cheddar cheese popcorn
1.0,2.99,0.0,0.0,2004-08-16,Cheddar cheese popcorn
8.0,2.99,0.0,0.0,2004-08-17,Cheddar cheese popcorn
5.0,2.49,1.0,0.0,2004-08-18,Cheddar cheese popcorn
5.0,2.49,1.0,0.0,2004-08-19,Cheddar cheese popcorn
2.0,2.49,1.0,0.0,2004-08-20,Cheddar cheese popcorn
3.0,2.49,1.0,0.0,2004-08-21,Cheddar cheese popcorn
2.0,2.49,1.0,0.0,2004-08-22,Cheddar cheese popcorn
5.0,2.49,1.0,0.0,2004-08-23,Cheddar cheese popcorn
5.0,2.49,1.0,0.0,2004-08-24,Cheddar cheese popcorn
1.0,2.99,0.0,0.0,2004-08-25,Cheddar cheese popcorn
6.0,2.99,0.0,0.0,2004-08-26,Cheddar cheese popcorn
5.0,2.99,0.0,0.0,2004-08-27,Cheddar cheese popcorn
5.0,2.99,0.0,0.0,2004-08-28,Cheddar cheese popcorn
4.0,2.99,0.0,0.0,2004-08-29,Cheddar cheese popcorn
1.0,2.99,0.0,0.0,2004-08-30,Cheddar cheese popcorn
4.0,2.99,0.0,0.0,2004-08-31,Cheddar cheese popcorn
2.0,2.99,0.0,1.0,2004-09-01,Cheddar cheese popcorn
9.0,2.99,0.0,1.0,2004-09-02,Cheddar cheese popcorn
4.0,2.99,0.0,1.0,2004-09-03,Cheddar cheese popcorn
4.0,2.99,0.0,1.0,2004-09-04,Cheddar cheese popcorn
4.0,2.99,0.0,1.0,2004-09-05,Cheddar cheese popcorn
1.0,2.99,0.0,1.0,2004-09-06,Cheddar cheese popcorn
4.0,2.99,0.0,1.0,2004-09-07,Cheddar cheese popcorn
6.0,2.99,0.0,0.0,2004-09-08,Cheddar cheese popcorn
2.0,2.99,0.0,0.0,2004-09-09,Cheddar cheese popcorn
3.0,2.99,0.0,0.0,2004-09-10,Cheddar cheese popcorn
5.0,2.99,0.0,0.0,2004-09-11,Cheddar cheese popcorn
1.0,2.99,0.0,0.0,2004-09-12,Cheddar cheese popcorn
4.0,2.99,0.0,0.0,2004-09-13,Cheddar cheese popcorn
2.0,2.99,0.0,0.0,2004-09-14,Cheddar cheese popcorn
4.0,2.99,0.0,0.0,2004-09-15,Cheddar cheese popcorn
3.0,2.99,0.0,0.0,2004-09-16,Cheddar cheese popcorn
2.0,2.99,0.0,0.0,2004-09-17,Cheddar cheese popcorn
0.0,2.99,0.0,0.0,2004-09-18,Cheddar cheese popcorn
3.0,2.99,0.0,0.0,2004-09-19,Cheddar cheese popcorn
3.0,2.99,0.0,0.0,2004-09-20,Cheddar cheese popcorn
3.0,2.99,0.0,0.0,2004-09-21,Cheddar cheese popcorn
2.0,2.99,0.0,0.0,2004-09-22,Cheddar cheese popcorn
6.0,2.99,0.0,0.0,2004-09-23,Cheddar cheese popcorn
2.0,2.99,0.0,0.0,2004-09-24,Cheddar cheese popcorn
3.0,2.99,0.0,0.0,2004-09-25,Cheddar cheese popcorn
5.0,2.99,0.0,0.0,2004-09-26,Cheddar cheese popcorn
4.0,2.99,0.0,0.0,2004-09-27,Cheddar cheese popcorn
6.0,2.99,0.0,0.0,2004-09-28,Cheddar cheese popcorn
0.0,2.99,0.0,0.0,2004-09-29,Cheddar cheese popcorn
6.0,2.99,0.0,0.0,2004-09-30,Cheddar cheese popcorn
4.0,2.99,0.0,0.0,2004-10-01,Cheddar cheese popcorn
0.0,2.99,0.0,0.0,2004-10-02,Cheddar cheese popcorn
2.0,2.99,0.0,0.0,2004-10-03,Cheddar cheese popcorn
1.0,2.99,0.0,0.0,2004-10-04,Cheddar cheese popcorn
1.0,2.99,0.0,0.0,2004-10-05,Cheddar cheese popcorn
4.0,2.99,0.0,0.0,2004-10-06,Cheddar cheese popcorn
2.0,2.99,0.0,0.0,2004-10-07,Cheddar cheese popcorn
1.0,2.99,0.0,0.0,2004-10-08,Cheddar cheese popcorn
2.0,2.99,0.0,0.0,2004-10-09,Cheddar cheese popcorn
5.0,2.99,0.0,0.0,2004-10-10,Cheddar cheese popcorn
2.0,2.99,0.0,0.0,2004-10-11,Cheddar cheese popcorn
0.0,2.99,0.0,0.0,2004-10-12,Cheddar cheese popcorn
1.0,2.49,1.0,0.0,2004-10-13,Cheddar cheese popcorn
4.0,2.49,1.0,0.0,2004-10-14,Cheddar cheese popcorn
6.0,2.49,1.0,0.0,2004-10-15,Cheddar cheese popcorn
3.0,2.49,1.0,0.0,2004-10-16,Cheddar cheese popcorn
1.0,2.49,1.0,0.0,2004-10-17,Cheddar cheese popcorn
4.0,2.49,1.0,0.0,2004-10-18,Cheddar cheese popcorn
